Archive member included to satisfy reference by file (symbol)

.\CortexM3\ARM_GCC_541\Debug\dmc-psoc.a(CyLib.o)
                              .\CortexM3\ARM_GCC_541\Debug\Cm3Start.o (CyResetStatus)
.\CortexM3\ARM_GCC_541\Debug\dmc-psoc.a(cyPm.o)
                              .\CortexM3\ARM_GCC_541\Debug\dmc-psoc.a(CyLib.o) (CyPmReadStatus)
.\CortexM3\ARM_GCC_541\Debug\dmc-psoc.a(check_weight_timer.o)
                              .\CortexM3\ARM_GCC_541\Debug\dmc_timers.o (check_weight_timer_Start)
.\CortexM3\ARM_GCC_541\Debug\dmc-psoc.a(pump_timer_1.o)
                              .\CortexM3\ARM_GCC_541\Debug\dmc_timers.o (pump_timer_1_WriteCounter)
.\CortexM3\ARM_GCC_541\Debug\dmc-psoc.a(isr_pump_timer_2.o)
                              .\CortexM3\ARM_GCC_541\Debug\dmc_timers.o (isr_pump_timer_2_StartEx)
.\CortexM3\ARM_GCC_541\Debug\dmc-psoc.a(pump_timer_2.o)
                              .\CortexM3\ARM_GCC_541\Debug\dmc_timers.o (pump_timer_2_WriteCounter)
.\CortexM3\ARM_GCC_541\Debug\dmc-psoc.a(isr_pump_timer_1.o)
                              .\CortexM3\ARM_GCC_541\Debug\dmc_timers.o (isr_pump_timer_1_StartEx)
.\CortexM3\ARM_GCC_541\Debug\dmc-psoc.a(pump_timer_3.o)
                              .\CortexM3\ARM_GCC_541\Debug\dmc_timers.o (pump_timer_3_WriteCounter)
.\CortexM3\ARM_GCC_541\Debug\dmc-psoc.a(isr_pump_timer_3.o)
                              .\CortexM3\ARM_GCC_541\Debug\dmc_timers.o (isr_pump_timer_3_StartEx)
.\CortexM3\ARM_GCC_541\Debug\dmc-psoc.a(isr_check_weight_timer.o)
                              .\CortexM3\ARM_GCC_541\Debug\dmc_timers.o (isr_check_weight_timer_StartEx)
.\CortexM3\ARM_GCC_541\Debug\dmc-psoc.a(weight_selector.o)
                              .\CortexM3\ARM_GCC_541\Debug\dmc_weight.o (weight_selector_Start)
.\CortexM3\ARM_GCC_541\Debug\dmc-psoc.a(weight_adc.o)
                              .\CortexM3\ARM_GCC_541\Debug\dmc_weight.o (weight_adc_Start)
.\CortexM3\ARM_GCC_541\Debug\dmc-psoc.a(weight_adc_INT.o)
                              .\CortexM3\ARM_GCC_541\Debug\dmc-psoc.a(weight_adc.o) (weight_adc_ISR)
.\CortexM3\ARM_GCC_541\Debug\dmc-psoc.a(weight_adc_theACLK.o)
                              .\CortexM3\ARM_GCC_541\Debug\dmc-psoc.a(weight_adc.o) (weight_adc_theACLK_SetModeRegister)
.\CortexM3\ARM_GCC_541\Debug\dmc-psoc.a(uart_rpi.o)
                              .\CortexM3\ARM_GCC_541\Debug\dmc_uart_rpi.o (uart_rpi_Start)
.\CortexM3\ARM_GCC_541\Debug\dmc-psoc.a(isr_uart_rpi_rx.o)
                              .\CortexM3\ARM_GCC_541\Debug\dmc_uart_rpi.o (isr_uart_rpi_rx_StartEx)
.\CortexM3\ARM_GCC_541\Debug\dmc-psoc.a(uart_rpi_IntClock.o)
                              .\CortexM3\ARM_GCC_541\Debug\dmc-psoc.a(uart_rpi.o) (uart_rpi_IntClock_Start)
.\CortexM3\ARM_GCC_541\Debug\dmc-psoc.a(pump_3.o)
                              .\CortexM3\ARM_GCC_541\Debug\dmc_pump_control.o (pump_3_Write)
.\CortexM3\ARM_GCC_541\Debug\dmc-psoc.a(pump_1.o)
                              .\CortexM3\ARM_GCC_541\Debug\dmc_pump_control.o (pump_1_Write)
.\CortexM3\ARM_GCC_541\Debug\dmc-psoc.a(pump_2.o)
                              .\CortexM3\ARM_GCC_541\Debug\dmc_pump_control.o (pump_2_Write)
.\CortexM3\ARM_GCC_541\Debug\dmc-psoc.a(CyBootAsmGnu.o)
                              .\CortexM3\ARM_GCC_541\Debug\cyfitter_cfg.o (CyDelayCycles)
.\CortexM3\ARM_GCC_541\Debug\dmc-psoc.a(CyFlash.o)
                              .\CortexM3\ARM_GCC_541\Debug\dmc-psoc.a(cyPm.o) (CyFlash_SetWaitCycles)
.\CortexM3\ARM_GCC_541\Debug\dmc-psoc.a(CySpc.o)
                              .\CortexM3\ARM_GCC_541\Debug\dmc-psoc.a(CyFlash.o) (CySpcStart)
.\CortexM3\ARM_GCC_541\Debug\dmc-psoc.a(cyutils.o)
                              .\CortexM3\ARM_GCC_541\Debug\dmc-psoc.a(pump_timer_1.o) (CySetReg24)
c:/program files (x86)/cypress/psoc creator/4.4/psoc creator/import/gnu/arm/5.4.1/bin/../lib/gcc/arm-none-eabi/5.4.1/armv7-m\libgcc.a(_arm_addsubdf3.o)
                              .\CortexM3\ARM_GCC_541\Debug\dmc_controller.o (__aeabi_ui2d)
c:/program files (x86)/cypress/psoc creator/4.4/psoc creator/import/gnu/arm/5.4.1/bin/../lib/gcc/arm-none-eabi/5.4.1/armv7-m\libgcc.a(_arm_muldivdf3.o)
                              .\CortexM3\ARM_GCC_541\Debug\dmc_controller.o (__aeabi_dmul)
c:/program files (x86)/cypress/psoc creator/4.4/psoc creator/import/gnu/arm/5.4.1/bin/../lib/gcc/arm-none-eabi/5.4.1/armv7-m\libgcc.a(_arm_cmpdf2.o)
                              .\CortexM3\ARM_GCC_541\Debug\dmc_controller.o (__aeabi_dcmplt)
c:/program files (x86)/cypress/psoc creator/4.4/psoc creator/import/gnu/arm/5.4.1/bin/../lib/gcc/arm-none-eabi/5.4.1/armv7-m\libgcc.a(_arm_fixunsdfsi.o)
                              .\CortexM3\ARM_GCC_541\Debug\dmc_controller.o (__aeabi_d2uiz)
c:/program files (x86)/cypress/psoc creator/4.4/psoc creator/import/gnu/arm/5.4.1/bin/../lib/gcc/arm-none-eabi/5.4.1/armv7-m\libgcc.a(_arm_addsubsf3.o)
                              .\CortexM3\ARM_GCC_541\Debug\dmc-psoc.a(weight_adc.o) (__aeabi_i2f)
[...]
Memory Configuration

Name             Origin             Length             Attributes
rom              0x00000000         0x00040000         xr
ram              0x1fff8000         0x00010000         xrw
*default*        0x00000000         0xffffffff

Linker script and memory map

LOAD c:/program files (x86)/cypress/psoc creator/4.4/psoc creator/import/gnu/arm/5.4.1/bin/../lib/gcc/arm-none-eabi/5.4.1/armv7-m/crti.o
LOAD c:/program files (x86)/cypress/psoc creator/4.4/psoc creator/import/gnu/arm/5.4.1/bin/../lib/gcc/arm-none-eabi/5.4.1/armv7-m/crtbegin.o
LOAD c:/program files (x86)/cypress/psoc creator/4.4/psoc creator/import/gnu/arm/5.4.1/bin/../lib/gcc/arm-none-eabi/5.4.1/../../../../arm-none-eabi/lib/armv7-m/crt0.o
START GROUP
LOAD .\CortexM3\ARM_GCC_541\Debug\dmc_controller.o
LOAD .\CortexM3\ARM_GCC_541\Debug\dmc_timers.o
LOAD .\CortexM3\ARM_GCC_541\Debug\dmc_pump_control.o
LOAD .\CortexM3\ARM_GCC_541\Debug\dmc_weight.o
LOAD .\CortexM3\ARM_GCC_541\Debug\dmc_uart_rpi.o
LOAD .\CortexM3\ARM_GCC_541\Debug\dmc_job_queue.o
LOAD .\CortexM3\ARM_GCC_541\Debug\cyfitter_cfg.o
LOAD .\CortexM3\ARM_GCC_541\Debug\cymetadata.o
LOAD .\CortexM3\ARM_GCC_541\Debug\Cm3Start.o
LOAD .\CortexM3\ARM_GCC_541\Debug\dmc-psoc.a
LOAD C:\Program Files (x86)\Cypress\PSoC Creator\4.4\PSoC Creator\psoc\content\cycomponentlibrary\CyComponentLibrary.cylib\CortexM3\ARM_GCC_541\Debug\CyComponentLibrary.a
END GROUP
START GROUP
LOAD c:/program files (x86)/cypress/psoc creator/4.4/psoc creator/import/gnu/arm/5.4.1/bin/../lib/gcc/arm-none-eabi/5.4.1/armv7-m\libgcc.a
LOAD c:/program files (x86)/cypress/psoc creator/4.4/psoc creator/import/gnu/arm/5.4.1/bin/../lib/gcc/arm-none-eabi/5.4.1/../../../../arm-none-eabi/lib/armv7-m\libg_nano.a
LOAD c:/program files (x86)/cypress/psoc creator/4.4/psoc creator/import/gnu/arm/5.4.1/bin/../lib/gcc/arm-none-eabi/5.4.1/../../../../arm-none-eabi/lib/armv7-m\libc_nano.a
END GROUP
START GROUP
LOAD c:/program files (x86)/cypress/psoc creator/4.4/psoc creator/import/gnu/arm/5.4.1/bin/../lib/gcc/arm-none-eabi/5.4.1/armv7-m\libgcc.a
LOAD c:/program files (x86)/cypress/psoc creator/4.4/psoc creator/import/gnu/arm/5.4.1/bin/../lib/gcc/arm-none-eabi/5.4.1/../../../../arm-none-eabi/lib/armv7-m\libc_nano.a
END GROUP
LOAD c:/program files (x86)/cypress/psoc creator/4.4/psoc creator/import/gnu/arm/5.4.1/bin/../lib/gcc/arm-none-eabi/5.4.1/armv7-m/crtend.o
LOAD c:/program files (x86)/cypress/psoc creator/4.4/psoc creator/import/gnu/arm/5.4.1/bin/../lib/gcc/arm-none-eabi/5.4.1/armv7-m/crtn.o
START GROUP
LOAD c:/program files (x86)/cypress/psoc creator/4.4/psoc creator/import/gnu/arm/5.4.1/bin/../lib/gcc/arm-none-eabi/5.4.1/armv7-m\libgcc.a
LOAD c:/program files (x86)/cypress/psoc creator/4.4/psoc creator/import/gnu/arm/5.4.1/bin/../lib/gcc/arm-none-eabi/5.4.1/../../../../arm-none-eabi/lib/armv7-m\libc.a
LOAD c:/program files (x86)/cypress/psoc creator/4.4/psoc creator/import/gnu/arm/5.4.1/bin/../lib/gcc/arm-none-eabi/5.4.1/../../../../arm-none-eabi/lib/armv7-m\libnosys.a
END GROUP
                0x00000000                CY_APPL_ORIGIN = 0x0
                0x00000100                CY_FLASH_ROW_SIZE = 0x100
                0x00000020                CY_ECC_ROW_SIZE = 0x20
                0x00000000                CY_EE_IN_BTLDR = 0x0
                0x00000000                CY_APPL_LOADABLE = 0x0
                0x00000800                CY_EE_SIZE = 0x800
                0x00000001                CY_APPL_NUM = 0x1
                0x00000001                CY_APPL_MAX = 0x1
                0x00000040                CY_METADATA_SIZE = 0x40
                0x00000000                CY_APPL_LOADABLE = 0x0
                0x00000000                CY_CHECKSUM_EXCLUDE_SIZE = ALIGN (0x0, CY_FLASH_ROW_SIZE)
                [!provide]                PROVIDE (__cy_heap_start, _end)
                0x00000001                PROVIDE (__cy_region_num, ((__cy_regions_end - __cy_regions) / 0x10))
                0x20008000                PROVIDE (__cy_stack, (ORIGIN (ram) + LENGTH (ram)))
                [!provide]                PROVIDE (__cy_heap_end, (__cy_stack - 0x800))

.cybootloader   0x00000000        0x0
 *(.cybootloader)
                0x00000000                appl1_start = CY_APPL_ORIGIN?CY_APPL_ORIGIN:ALIGN (CY_FLASH_ROW_SIZE)
                0x0001ff00                appl2_start = (appl1_start + ALIGN ((((LENGTH (rom) - appl1_start) - (0x2 * CY_FLASH_ROW_SIZE)) / 0x2), CY_FLASH_ROW_SIZE))
                0x00000000                appl_start = (CY_APPL_NUM == 0x1)?appl1_start:appl2_start
                0x00000000                ecc_offset = ((appl_start / CY_FLASH_ROW_SIZE) * CY_ECC_ROW_SIZE)
                0x00000000                ee_offset = (CY_APPL_LOADABLE && ! (CY_EE_IN_BTLDR))?((CY_EE_SIZE / CY_APPL_MAX) * (CY_APPL_NUM - 0x1)):0x0
                0x00000800                ee_size = (CY_APPL_LOADABLE && ! (CY_EE_IN_BTLDR))?(CY_EE_SIZE / CY_APPL_MAX):CY_EE_SIZE
                [!provide]                PROVIDE (CY_ECC_OFFSET, ecc_offset)

.text           0x00000000     0x2ec4
 CREATE_OBJECT_SYMBOLS
                0x00000000                PROVIDE (__cy_interrupt_vector, RomVectors)
 *(.romvectors)
 .romvectors    0x00000000       0x10 .\CortexM3\ARM_GCC_541\Debug\Cm3Start.o
                0x00000000                RomVectors
                0x00000001                ASSERT ((. != __cy_interrupt_vector), No interrupt vector)
                0x00000001                ASSERT (CY_APPL_ORIGIN?(SIZEOF (.cybootloader) <= CY_APPL_ORIGIN):0x1, Wrong image location)
                0x00000010                PROVIDE (__cy_reset, Reset)
 *(.text.Reset)
 .text.Reset    0x00000010       0x18 .\CortexM3\ARM_GCC_541\Debug\Cm3Start.o
                0x00000010                Reset
                0x00000001                ASSERT ((. != __cy_reset), No reset code)
 *(.dma_init)
                0x00000001                ASSERT ((((appl_start + .) <= 0x10000) || 0x1), DMA Init must be within the first 64k of flash)
 *(.text .text.* .gnu.linkonce.t.*)
 .text          0x00000028       0x5c c:/program files (x86)/cypress/psoc creator/4.4/psoc creator/import/gnu/arm/5.4.1/bin/../lib/gcc/arm-none-eabi/5.4.1/armv7-m/crtbegin.o
 .text.dmc_packet_free
                0x00000084       0x20 .\CortexM3\ARM_GCC_541\Debug\dmc_controller.o
 .text.dmc_packet_unmarshal_fluid_pour_requested
                0x000000a4       0x4c .\CortexM3\ARM_GCC_541\Debug\dmc_controller.o
 .text.PERIODS_PR_CL
                0x000000f0       0x40 .\CortexM3\ARM_GCC_541\Debug\dmc_controller.o
                0x000000f0                PERIODS_PR_CL
 .text.weight_to_cl
                0x00000130       0xf0 .\CortexM3\ARM_GCC_541\Debug\dmc_controller.o
                0x00000130                weight_to_cl
 .text.container_amount_init
                0x00000220       0x50 .\CortexM3\ARM_GCC_541\Debug\dmc_controller.o
                0x00000220                container_amount_init
 .text.is_weight_within_lower_threshold
                0x00000270       0x2c .\CortexM3\ARM_GCC_541\Debug\dmc_controller.o
                0x00000270                is_weight_within_lower_threshold
 .text.set_out_of_order_reason
                0x0000029c       0x48 .\CortexM3\ARM_GCC_541\Debug\dmc_controller.o
                0x0000029c                set_out_of_order_reason
 .text.do_periodic_weight_check
                0x000002e4      0x13c .\CortexM3\ARM_GCC_541\Debug\dmc_controller.o
                0x000002e4                do_periodic_weight_check
 .text.handle_packet
                0x00000420       0x58 .\CortexM3\ARM_GCC_541\Debug\dmc_controller.o
                0x00000420                handle_packet
 .text.handle_timer
                0x00000478       0x50 .\CortexM3\ARM_GCC_541\Debug\dmc_controller.o
                0x00000478                handle_timer
 .text.main     0x000004c8       0x4c .\CortexM3\ARM_GCC_541\Debug\dmc_controller.o
                0x000004c8                main
 .text.enqueue_timer_stop
                0x00000514       0x30 .\CortexM3\ARM_GCC_541\Debug\dmc_timers.o
                0x00000514                enqueue_timer_stop
 .text.enqueue_timer_check
                0x00000544       0x24 .\CortexM3\ARM_GCC_541\Debug\dmc_timers.o
                0x00000544                enqueue_timer_check
 .text.ISR_pump_timer_1_handler
                0x00000568       0x20 .\CortexM3\ARM_GCC_541\Debug\dmc_timers.o
                0x00000568                ISR_pump_timer_1_handler
 .text.ISR_pump_timer_2_handler
                0x00000588       0x20 .\CortexM3\ARM_GCC_541\Debug\dmc_timers.o
                0x00000588                ISR_pump_timer_2_handler
 .text.ISR_pump_timer_3_handler
                0x000005a8       0x20 .\CortexM3\ARM_GCC_541\Debug\dmc_timers.o
                0x000005a8                ISR_pump_timer_3_handler
 .text.ISR_check_weight_timer_handler
                0x000005c8       0x10 .\CortexM3\ARM_GCC_541\Debug\dmc_timers.o
                0x000005c8                ISR_check_weight_timer_handler
 .text.dmc_timer_action_free
                0x000005d8       0x18 .\CortexM3\ARM_GCC_541\Debug\dmc_timers.o
                0x000005d8                dmc_timer_action_free
 .text.init_timers
                0x000005f0       0x40 .\CortexM3\ARM_GCC_541\Debug\dmc_timers.o
                0x000005f0                init_timers
 .text.set_period
                0x00000630       0x70 .\CortexM3\ARM_GCC_541\Debug\dmc_timers.o
                0x00000630                set_period
 .text.pump_fluid
                0x000006a0       0x58 .\CortexM3\ARM_GCC_541\Debug\dmc_pump_control.o
                0x000006a0                pump_fluid
 .text.is_pumping
                0x000006f8       0x40 .\CortexM3\ARM_GCC_541\Debug\dmc_pump_control.o
                0x000006f8                is_pumping
 .text.stop_pump
                0x00000738       0x58 .\CortexM3\ARM_GCC_541\Debug\dmc_pump_control.o
                0x00000738                stop_pump
 .text.weight_init
                0x00000790       0xd4 .\CortexM3\ARM_GCC_541\Debug\dmc_weight.o
                0x00000790                weight_init
 .text.set_current_weight
                0x00000864       0x58 .\CortexM3\ARM_GCC_541\Debug\dmc_weight.o
                0x00000864                set_current_weight
 .text.measure_weight_value
                0x000008bc       0x5c .\CortexM3\ARM_GCC_541\Debug\dmc_weight.o
                0x000008bc                measure_weight_value
 .text.dmc_packet_init
                0x00000918       0x50 .\CortexM3\ARM_GCC_541\Debug\dmc_uart_rpi.o
 .text.dmc_packet_free
                0x00000968       0x20 .\CortexM3\ARM_GCC_541\Debug\dmc_uart_rpi.o
 .text.dmc_packet_complete
                0x00000988       0x2c .\CortexM3\ARM_GCC_541\Debug\dmc_uart_rpi.o
 .text.dmc_packet_append_byte
                0x000009b4       0x44 .\CortexM3\ARM_GCC_541\Debug\dmc_uart_rpi.o
 .text.dmc_packet_marshal_out_of_order
                0x000009f8       0x60 .\CortexM3\ARM_GCC_541\Debug\dmc_uart_rpi.o
 .text.dmc_packet_marshal_container_volume_measured
                0x00000a58       0x7c .\CortexM3\ARM_GCC_541\Debug\dmc_uart_rpi.o
 .text.dmc_packet_marshal_machine_ok
                0x00000ad4       0x44 .\CortexM3\ARM_GCC_541\Debug\dmc_uart_rpi.o
 .text.uart_send_packet
                0x00000b18       0x40 .\CortexM3\ARM_GCC_541\Debug\dmc_uart_rpi.o
                0x00000b18                uart_send_packet
 .text.init_uart_rpi_simple
                0x00000b58       0x18 .\CortexM3\ARM_GCC_541\Debug\dmc_uart_rpi.o
                0x00000b58                init_uart_rpi_simple
 .text.handle_byte_received
                0x00000b70       0xb4 .\CortexM3\ARM_GCC_541\Debug\dmc_uart_rpi.o
                0x00000b70                handle_byte_received
 .text.ISR_uart_rpi_rx_handler
                0x00000c24       0x2c .\CortexM3\ARM_GCC_541\Debug\dmc_uart_rpi.o
                0x00000c24                ISR_uart_rpi_rx_handler
 .text.send_out_of_order_message
                0x00000c50       0x30 .\CortexM3\ARM_GCC_541\Debug\dmc_uart_rpi.o
                0x00000c50                send_out_of_order_message
 .text.send_machine_ok_message
                0x00000c80       0x30 .\CortexM3\ARM_GCC_541\Debug\dmc_uart_rpi.o
                0x00000c80                send_machine_ok_message
 .text.send_container_volume_measured
                0x00000cb0       0x30 .\CortexM3\ARM_GCC_541\Debug\dmc_uart_rpi.o
                0x00000cb0                send_container_volume_measured
 .text.job_enqueue
                0x00000ce0       0x4c .\CortexM3\ARM_GCC_541\Debug\dmc_job_queue.o
                0x00000ce0                job_enqueue
 .text.job_dequeue
                0x00000d2c       0x70 .\CortexM3\ARM_GCC_541\Debug\dmc_job_queue.o
                0x00000d2c                job_dequeue
 .text.job_enqueue_packet
                0x00000d9c       0x18 .\CortexM3\ARM_GCC_541\Debug\dmc_job_queue.o
                0x00000d9c                job_enqueue_packet
 .text.job_enqueue_timer
                0x00000db4       0x18 .\CortexM3\ARM_GCC_541\Debug\dmc_job_queue.o
                0x00000db4                job_enqueue_timer
 .text.CYMEMZERO
                0x00000dcc       0x1c .\CortexM3\ARM_GCC_541\Debug\cyfitter_cfg.o
 .text.CYCONFIGCPY
                0x00000de8       0x20 .\CortexM3\ARM_GCC_541\Debug\cyfitter_cfg.o
 .text.CyClockStartupError
                0x00000e08        0xc .\CortexM3\ARM_GCC_541\Debug\cyfitter_cfg.o
 .text.cfg_write_bytes32
                0x00000e14       0x74 .\CortexM3\ARM_GCC_541\Debug\cyfitter_cfg.o
 .text.ClockSetup
                0x00000e88      0x1a0 .\CortexM3\ARM_GCC_541\Debug\cyfitter_cfg.o
 .text.AnalogSetDefault
                0x00001028       0x6c .\CortexM3\ARM_GCC_541\Debug\cyfitter_cfg.o
 .text.weight_selector_Set
                0x00001094       0x6c .\CortexM3\ARM_GCC_541\Debug\cyfitter_cfg.o
                0x00001094                weight_selector_Set
 .text.weight_selector_Unset
                0x00001100       0x74 .\CortexM3\ARM_GCC_541\Debug\cyfitter_cfg.o
                0x00001100                weight_selector_Unset
 .text.cyfitter_cfg
                0x00001174      0x1a4 .\CortexM3\ARM_GCC_541\Debug\cyfitter_cfg.o
                0x00001174                cyfitter_cfg
 .text.IntDefaultHandler
                0x00001318       0x14 .\CortexM3\ARM_GCC_541\Debug\Cm3Start.o
                0x00001318                IntDefaultHandler
 .text._sbrk    0x0000132c       0x54 .\CortexM3\ARM_GCC_541\Debug\Cm3Start.o
                0x0000132c                _sbrk
 .text.Start_c  0x00001380       0x98 .\CortexM3\ARM_GCC_541\Debug\Cm3Start.o
                0x00001380                Start_c
 .text.initialize_psoc
                0x00001418       0x90 .\CortexM3\ARM_GCC_541\Debug\Cm3Start.o
                0x00001418                initialize_psoc
 .text.CyHalt   0x000014a8       0x18 .\CortexM3\ARM_GCC_541\Debug\dmc-psoc.a(CyLib.o)
                0x000014a8                CyHalt
 .text.CyDelay  0x000014c0       0x44 .\CortexM3\ARM_GCC_541\Debug\dmc-psoc.a(CyLib.o)
                0x000014c0                CyDelay
 .text.CyDelayUs
                0x00001504       0x28 .\CortexM3\ARM_GCC_541\Debug\dmc-psoc.a(CyLib.o)
                0x00001504                CyDelayUs
 .text.CyIntSetVector
                0x0000152c       0x50 .\CortexM3\ARM_GCC_541\Debug\dmc-psoc.a(CyLib.o)
                0x0000152c                CyIntSetVector
 .text.CyIntSetPriority
                0x0000157c       0x48 .\CortexM3\ARM_GCC_541\Debug\dmc-psoc.a(CyLib.o)
                0x0000157c                CyIntSetPriority
 .text.check_weight_timer_Init
                0x000015c4       0xa0 .\CortexM3\ARM_GCC_541\Debug\dmc-psoc.a(check_weight_timer.o)
                0x000015c4                check_weight_timer_Init
 .text.check_weight_timer_Enable
                0x00001664       0x48 .\CortexM3\ARM_GCC_541\Debug\dmc-psoc.a(check_weight_timer.o)
                0x00001664                check_weight_timer_Enable
 .text.check_weight_timer_Start
                0x000016ac       0x24 .\CortexM3\ARM_GCC_541\Debug\dmc-psoc.a(check_weight_timer.o)
                0x000016ac                check_weight_timer_Start
 .text.check_weight_timer_SetInterruptMode
                0x000016d0       0x20 .\CortexM3\ARM_GCC_541\Debug\dmc-psoc.a(check_weight_timer.o)
                0x000016d0                check_weight_timer_SetInterruptMode
 .text.check_weight_timer_ReadStatusRegister
                0x000016f0       0x18 .\CortexM3\ARM_GCC_541\Debug\dmc-psoc.a(check_weight_timer.o)
                0x000016f0                check_weight_timer_ReadStatusRegister
 .text.check_weight_timer_WritePeriod
                0x00001708       0x24 .\CortexM3\ARM_GCC_541\Debug\dmc-psoc.a(check_weight_timer.o)
                0x00001708                check_weight_timer_WritePeriod
 .text.check_weight_timer_WriteCounter
                0x0000172c       0x20 .\CortexM3\ARM_GCC_541\Debug\dmc-psoc.a(check_weight_timer.o)
                0x0000172c                check_weight_timer_WriteCounter
 .text.pump_timer_1_Init
                0x0000174c       0x4c .\CortexM3\ARM_GCC_541\Debug\dmc-psoc.a(pump_timer_1.o)
                0x0000174c                pump_timer_1_Init
 .text.pump_timer_1_Enable
                0x00001798       0x20 .\CortexM3\ARM_GCC_541\Debug\dmc-psoc.a(pump_timer_1.o)
                0x00001798                pump_timer_1_Enable
 .text.pump_timer_1_Start
                0x000017b8       0x24 .\CortexM3\ARM_GCC_541\Debug\dmc-psoc.a(pump_timer_1.o)
                0x000017b8                pump_timer_1_Start
 .text.pump_timer_1_SetInterruptMode
                0x000017dc       0x20 .\CortexM3\ARM_GCC_541\Debug\dmc-psoc.a(pump_timer_1.o)
                0x000017dc                pump_timer_1_SetInterruptMode
 .text.pump_timer_1_ReadStatusRegister
                0x000017fc       0x18 .\CortexM3\ARM_GCC_541\Debug\dmc-psoc.a(pump_timer_1.o)
                0x000017fc                pump_timer_1_ReadStatusRegister
 .text.pump_timer_1_WritePeriod
                0x00001814       0x1c .\CortexM3\ARM_GCC_541\Debug\dmc-psoc.a(pump_timer_1.o)
                0x00001814                pump_timer_1_WritePeriod
 .text.pump_timer_1_ReadCapture
                0x00001830       0x18 .\CortexM3\ARM_GCC_541\Debug\dmc-psoc.a(pump_timer_1.o)
                0x00001830                pump_timer_1_ReadCapture
 .text.pump_timer_1_WriteCounter
                0x00001848       0x1c .\CortexM3\ARM_GCC_541\Debug\dmc-psoc.a(pump_timer_1.o)
                0x00001848                pump_timer_1_WriteCounter
 .text.pump_timer_1_ClearFIFO
                0x00001864       0x1c .\CortexM3\ARM_GCC_541\Debug\dmc-psoc.a(pump_timer_1.o)
                0x00001864                pump_timer_1_ClearFIFO
 .text.isr_pump_timer_2_StartEx
                0x00001880       0x24 .\CortexM3\ARM_GCC_541\Debug\dmc-psoc.a(isr_pump_timer_2.o)
                0x00001880                isr_pump_timer_2_StartEx
 .text.isr_pump_timer_2_SetVector
                0x000018a4       0x24 .\CortexM3\ARM_GCC_541\Debug\dmc-psoc.a(isr_pump_timer_2.o)
                0x000018a4                isr_pump_timer_2_SetVector
 .text.isr_pump_timer_2_SetPriority
                0x000018c8       0x24 .\CortexM3\ARM_GCC_541\Debug\dmc-psoc.a(isr_pump_timer_2.o)
                0x000018c8                isr_pump_timer_2_SetPriority
 .text.isr_pump_timer_2_Enable
                0x000018ec       0x18 .\CortexM3\ARM_GCC_541\Debug\dmc-psoc.a(isr_pump_timer_2.o)
                0x000018ec                isr_pump_timer_2_Enable
 .text.isr_pump_timer_2_Disable
                0x00001904       0x18 .\CortexM3\ARM_GCC_541\Debug\dmc-psoc.a(isr_pump_timer_2.o)
                0x00001904                isr_pump_timer_2_Disable
 .text.pump_timer_2_Init
                0x0000191c       0x4c .\CortexM3\ARM_GCC_541\Debug\dmc-psoc.a(pump_timer_2.o)
                0x0000191c                pump_timer_2_Init
 .text.pump_timer_2_Enable
                0x00001968       0x20 .\CortexM3\ARM_GCC_541\Debug\dmc-psoc.a(pump_timer_2.o)
                0x00001968                pump_timer_2_Enable
 .text.pump_timer_2_Start
                0x00001988       0x24 .\CortexM3\ARM_GCC_541\Debug\dmc-psoc.a(pump_timer_2.o)
                0x00001988                pump_timer_2_Start
 .text.pump_timer_2_SetInterruptMode
                0x000019ac       0x20 .\CortexM3\ARM_GCC_541\Debug\dmc-psoc.a(pump_timer_2.o)
                0x000019ac                pump_timer_2_SetInterruptMode
 .text.pump_timer_2_ReadStatusRegister
                0x000019cc       0x18 .\CortexM3\ARM_GCC_541\Debug\dmc-psoc.a(pump_timer_2.o)
                0x000019cc                pump_timer_2_ReadStatusRegister
 .text.pump_timer_2_WritePeriod
                0x000019e4       0x1c .\CortexM3\ARM_GCC_541\Debug\dmc-psoc.a(pump_timer_2.o)
                0x000019e4                pump_timer_2_WritePeriod
 .text.pump_timer_2_ReadCapture
                0x00001a00       0x18 .\CortexM3\ARM_GCC_541\Debug\dmc-psoc.a(pump_timer_2.o)
                0x00001a00                pump_timer_2_ReadCapture
 .text.pump_timer_2_WriteCounter
                0x00001a18       0x1c .\CortexM3\ARM_GCC_541\Debug\dmc-psoc.a(pump_timer_2.o)
                0x00001a18                pump_timer_2_WriteCounter
 .text.pump_timer_2_ClearFIFO
                0x00001a34       0x1c .\CortexM3\ARM_GCC_541\Debug\dmc-psoc.a(pump_timer_2.o)
                0x00001a34                pump_timer_2_ClearFIFO
 .text.isr_pump_timer_1_StartEx
                0x00001a50       0x24 .\CortexM3\ARM_GCC_541\Debug\dmc-psoc.a(isr_pump_timer_1.o)
                0x00001a50                isr_pump_timer_1_StartEx
 .text.isr_pump_timer_1_SetVector
                0x00001a74       0x24 .\CortexM3\ARM_GCC_541\Debug\dmc-psoc.a(isr_pump_timer_1.o)
                0x00001a74                isr_pump_timer_1_SetVector
 .text.isr_pump_timer_1_SetPriority
                0x00001a98       0x24 .\CortexM3\ARM_GCC_541\Debug\dmc-psoc.a(isr_pump_timer_1.o)
                0x00001a98                isr_pump_timer_1_SetPriority
 .text.isr_pump_timer_1_Enable
                0x00001abc       0x18 .\CortexM3\ARM_GCC_541\Debug\dmc-psoc.a(isr_pump_timer_1.o)
                0x00001abc                isr_pump_timer_1_Enable
 .text.isr_pump_timer_1_Disable
                0x00001ad4       0x18 .\CortexM3\ARM_GCC_541\Debug\dmc-psoc.a(isr_pump_timer_1.o)
                0x00001ad4                isr_pump_timer_1_Disable
 .text.pump_timer_3_Init
                0x00001aec       0x4c .\CortexM3\ARM_GCC_541\Debug\dmc-psoc.a(pump_timer_3.o)
                0x00001aec                pump_timer_3_Init
 .text.pump_timer_3_Enable
                0x00001b38       0x20 .\CortexM3\ARM_GCC_541\Debug\dmc-psoc.a(pump_timer_3.o)
                0x00001b38                pump_timer_3_Enable
 .text.pump_timer_3_Start
                0x00001b58       0x24 .\CortexM3\ARM_GCC_541\Debug\dmc-psoc.a(pump_timer_3.o)
                0x00001b58                pump_timer_3_Start
 .text.pump_timer_3_SetInterruptMode
                0x00001b7c       0x20 .\CortexM3\ARM_GCC_541\Debug\dmc-psoc.a(pump_timer_3.o)
                0x00001b7c                pump_timer_3_SetInterruptMode
 .text.pump_timer_3_ReadStatusRegister
                0x00001b9c       0x18 .\CortexM3\ARM_GCC_541\Debug\dmc-psoc.a(pump_timer_3.o)
                0x00001b9c                pump_timer_3_ReadStatusRegister
 .text.pump_timer_3_WritePeriod
                0x00001bb4       0x1c .\CortexM3\ARM_GCC_541\Debug\dmc-psoc.a(pump_timer_3.o)
                0x00001bb4                pump_timer_3_WritePeriod
 .text.pump_timer_3_ReadCapture
                0x00001bd0       0x18 .\CortexM3\ARM_GCC_541\Debug\dmc-psoc.a(pump_timer_3.o)
                0x00001bd0                pump_timer_3_ReadCapture
 .text.pump_timer_3_WriteCounter
                0x00001be8       0x1c .\CortexM3\ARM_GCC_541\Debug\dmc-psoc.a(pump_timer_3.o)
                0x00001be8                pump_timer_3_WriteCounter
 .text.pump_timer_3_ClearFIFO
                0x00001c04       0x1c .\CortexM3\ARM_GCC_541\Debug\dmc-psoc.a(pump_timer_3.o)
                0x00001c04                pump_timer_3_ClearFIFO
 .text.isr_pump_timer_3_StartEx
                0x00001c20       0x24 .\CortexM3\ARM_GCC_541\Debug\dmc-psoc.a(isr_pump_timer_3.o)
                0x00001c20                isr_pump_timer_3_StartEx
 .text.isr_pump_timer_3_SetVector
                0x00001c44       0x24 .\CortexM3\ARM_GCC_541\Debug\dmc-psoc.a(isr_pump_timer_3.o)
                0x00001c44                isr_pump_timer_3_SetVector
 .text.isr_pump_timer_3_SetPriority
                0x00001c68       0x24 .\CortexM3\ARM_GCC_541\Debug\dmc-psoc.a(isr_pump_timer_3.o)
                0x00001c68                isr_pump_timer_3_SetPriority
 .text.isr_pump_timer_3_Enable
                0x00001c8c       0x18 .\CortexM3\ARM_GCC_541\Debug\dmc-psoc.a(isr_pump_timer_3.o)
                0x00001c8c                isr_pump_timer_3_Enable
 .text.isr_pump_timer_3_Disable
                0x00001ca4       0x18 .\CortexM3\ARM_GCC_541\Debug\dmc-psoc.a(isr_pump_timer_3.o)
                0x00001ca4                isr_pump_timer_3_Disable
 .text.isr_check_weight_timer_StartEx
                0x00001cbc       0x24 .\CortexM3\ARM_GCC_541\Debug\dmc-psoc.a(isr_check_weight_timer.o)
                0x00001cbc                isr_check_weight_timer_StartEx
 .text.isr_check_weight_timer_SetVector
                0x00001ce0       0x24 .\CortexM3\ARM_GCC_541\Debug\dmc-psoc.a(isr_check_weight_timer.o)
                0x00001ce0                isr_check_weight_timer_SetVector
 .text.isr_check_weight_timer_SetPriority
                0x00001d04       0x24 .\CortexM3\ARM_GCC_541\Debug\dmc-psoc.a(isr_check_weight_timer.o)
                0x00001d04                isr_check_weight_timer_SetPriority
 .text.isr_check_weight_timer_Enable
                0x00001d28       0x18 .\CortexM3\ARM_GCC_541\Debug\dmc-psoc.a(isr_check_weight_timer.o)
                0x00001d28                isr_check_weight_timer_Enable
 .text.isr_check_weight_timer_Disable
                0x00001d40       0x18 .\CortexM3\ARM_GCC_541\Debug\dmc-psoc.a(isr_check_weight_timer.o)
                0x00001d40                isr_check_weight_timer_Disable
 .text.weight_selector_Start
                0x00001d58       0x34 .\CortexM3\ARM_GCC_541\Debug\dmc-psoc.a(weight_selector.o)
                0x00001d58                weight_selector_Start
 .text.weight_selector_Select
                0x00001d8c       0x28 .\CortexM3\ARM_GCC_541\Debug\dmc-psoc.a(weight_selector.o)
                0x00001d8c                weight_selector_Select
 .text.weight_adc_Start
                0x00001db4       0x24 .\CortexM3\ARM_GCC_541\Debug\dmc-psoc.a(weight_adc.o)
                0x00001db4                weight_adc_Start
 .text.weight_adc_Init
                0x00001dd8       0x48 .\CortexM3\ARM_GCC_541\Debug\dmc-psoc.a(weight_adc.o)
                0x00001dd8                weight_adc_Init
 .text.weight_adc_Enable
                0x00001e20       0xf4 .\CortexM3\ARM_GCC_541\Debug\dmc-psoc.a(weight_adc.o)
                0x00001e20                weight_adc_Enable
 .text.weight_adc_SetResolution
                0x00001f14       0x54 .\CortexM3\ARM_GCC_541\Debug\dmc-psoc.a(weight_adc.o)
                0x00001f14                weight_adc_SetResolution
 .text.weight_adc_StartConvert
                0x00001f68       0x20 .\CortexM3\ARM_GCC_541\Debug\dmc-psoc.a(weight_adc.o)
                0x00001f68                weight_adc_StartConvert
 .text.weight_adc_IsEndConversion
                0x00001f88       0x40 .\CortexM3\ARM_GCC_541\Debug\dmc-psoc.a(weight_adc.o)
                0x00001f88                weight_adc_IsEndConversion
 .text.weight_adc_GetResult16
                0x00001fc8       0x30 .\CortexM3\ARM_GCC_541\Debug\dmc-psoc.a(weight_adc.o)
                0x00001fc8                weight_adc_GetResult16
 .text.weight_adc_CalcGain
                0x00001ff8       0x80 .\CortexM3\ARM_GCC_541\Debug\dmc-psoc.a(weight_adc.o)
 .text.weight_adc_ISR
                0x00002078        0xc .\CortexM3\ARM_GCC_541\Debug\dmc-psoc.a(weight_adc_INT.o)
                0x00002078                weight_adc_ISR
 .text.weight_adc_theACLK_SetModeRegister
                0x00002084       0x34 .\CortexM3\ARM_GCC_541\Debug\dmc-psoc.a(weight_adc_theACLK.o)
                0x00002084                weight_adc_theACLK_SetModeRegister
 .text.uart_rpi_Start
                0x000020b8       0x24 .\CortexM3\ARM_GCC_541\Debug\dmc-psoc.a(uart_rpi.o)
                0x000020b8                uart_rpi_Start
 .text.uart_rpi_Init
                0x000020dc       0x40 .\CortexM3\ARM_GCC_541\Debug\dmc-psoc.a(uart_rpi.o)
                0x000020dc                uart_rpi_Init
 .text.uart_rpi_Enable
                0x0000211c       0x60 .\CortexM3\ARM_GCC_541\Debug\dmc-psoc.a(uart_rpi.o)
                0x0000211c                uart_rpi_Enable
 .text.uart_rpi_ReadRxData
                0x0000217c       0x1c .\CortexM3\ARM_GCC_541\Debug\dmc-psoc.a(uart_rpi.o)
                0x0000217c                uart_rpi_ReadRxData
 .text.uart_rpi_GetRxBufferSize
                0x00002198       0x2c .\CortexM3\ARM_GCC_541\Debug\dmc-psoc.a(uart_rpi.o)
                0x00002198                uart_rpi_GetRxBufferSize
 .text.uart_rpi_WriteTxData
                0x000021c4       0x2c .\CortexM3\ARM_GCC_541\Debug\dmc-psoc.a(uart_rpi.o)
                0x000021c4                uart_rpi_WriteTxData
 .text.isr_uart_rpi_rx_StartEx
                0x000021f0       0x24 .\CortexM3\ARM_GCC_541\Debug\dmc-psoc.a(isr_uart_rpi_rx.o)
                0x000021f0                isr_uart_rpi_rx_StartEx
 .text.isr_uart_rpi_rx_SetVector
                0x00002214       0x24 .\CortexM3\ARM_GCC_541\Debug\dmc-psoc.a(isr_uart_rpi_rx.o)
                0x00002214                isr_uart_rpi_rx_SetVector
 .text.isr_uart_rpi_rx_SetPriority
                0x00002238       0x24 .\CortexM3\ARM_GCC_541\Debug\dmc-psoc.a(isr_uart_rpi_rx.o)
                0x00002238                isr_uart_rpi_rx_SetPriority
 .text.isr_uart_rpi_rx_Enable
                0x0000225c       0x18 .\CortexM3\ARM_GCC_541\Debug\dmc-psoc.a(isr_uart_rpi_rx.o)
                0x0000225c                isr_uart_rpi_rx_Enable
 .text.isr_uart_rpi_rx_Disable
                0x00002274       0x18 .\CortexM3\ARM_GCC_541\Debug\dmc-psoc.a(isr_uart_rpi_rx.o)
                0x00002274                isr_uart_rpi_rx_Disable
 .text.uart_rpi_IntClock_Start
                0x0000228c       0x34 .\CortexM3\ARM_GCC_541\Debug\dmc-psoc.a(uart_rpi_IntClock.o)
                0x0000228c                uart_rpi_IntClock_Start
 .text.pump_3_Write
                0x000022c0       0x3c .\CortexM3\ARM_GCC_541\Debug\dmc-psoc.a(pump_3.o)
                0x000022c0                pump_3_Write
 .text.pump_1_Write
                0x000022fc       0x38 .\CortexM3\ARM_GCC_541\Debug\dmc-psoc.a(pump_1.o)
                0x000022fc                pump_1_Write
 .text.pump_2_Write
                0x00002334       0x3c .\CortexM3\ARM_GCC_541\Debug\dmc-psoc.a(pump_2.o)
                0x00002334                pump_2_Write
 .text          0x00002370       0x20 .\CortexM3\ARM_GCC_541\Debug\dmc-psoc.a(CyBootAsmGnu.o)
                0x00002370                CyDelayCycles
                0x00002380                CyEnterCriticalSection
                0x00002388                CyExitCriticalSection
 .text.CySetReg24
                0x00002390       0x38 .\CortexM3\ARM_GCC_541\Debug\dmc-psoc.a(cyutils.o)
                0x00002390                CySetReg24
 .text          0x000023c8      0x370 c:/program files (x86)/cypress/psoc creator/4.4/psoc creator/import/gnu/arm/5.4.1/bin/../lib/gcc/arm-none-eabi/5.4.1/armv7-m\libgcc.a(_arm_addsubdf3.o)
                0x000023c8                __aeabi_drsub
                0x000023d0                __aeabi_dsub
                0x000023d0                __subdf3
                0x000023d4                __aeabi_dadd
                0x000023d4                __adddf3
                0x0000264c                __floatunsidf
                0x0000264c                __aeabi_ui2d
                0x0000266c                __floatsidf
                0x0000266c                __aeabi_i2d
                0x00002690                __aeabi_f2d
                0x00002690                __extendsfdf2
                0x000026cc                __floatundidf
                0x000026cc                __aeabi_ul2d
                0x000026dc                __floatdidf
                0x000026dc                __aeabi_l2d
 .text          0x00002738      0x424 c:/program files (x86)/cypress/psoc creator/4.4/psoc creator/import/gnu/arm/5.4.1/bin/../lib/gcc/arm-none-eabi/5.4.1/armv7-m\libgcc.a(_arm_muldivdf3.o)
                0x00002738                __aeabi_dmul
                0x00002738                __muldf3
                0x0000298c                __divdf3
                0x0000298c                __aeabi_ddiv
 .text          0x00002b5c      0x110 c:/program files (x86)/cypress/psoc creator/4.4/psoc creator/import/gnu/arm/5.4.1/bin/../lib/gcc/arm-none-eabi/5.4.1/armv7-m\libgcc.a(_arm_cmpdf2.o)
                0x00002b5c                __gtdf2
                0x00002b5c                __gedf2
                0x00002b64                __ltdf2
                0x00002b64                __ledf2
                0x00002b6c                __nedf2
                0x00002b6c                __eqdf2
                0x00002b6c                __cmpdf2
                0x00002be8                __aeabi_cdrcmple
                0x00002bf8                __aeabi_cdcmpeq
                0x00002bf8                __aeabi_cdcmple
                0x00002c08                __aeabi_dcmpeq
                0x00002c1c                __aeabi_dcmplt
                0x00002c30                __aeabi_dcmple
                0x00002c44                __aeabi_dcmpge
                0x00002c58                __aeabi_dcmpgt
 .text          0x00002c6c       0x40 c:/program files (x86)/cypress/psoc creator/4.4/psoc creator/import/gnu/arm/5.4.1/bin/../lib/gcc/arm-none-eabi/5.4.1/armv7-m\libgcc.a(_arm_fixunsdfsi.o)
                0x00002c6c                __aeabi_d2uiz
                0x00002c6c                __fixunsdfsi
 .text.__errno  0x00002cac        0xc c:/program files (x86)/cypress/psoc creator/4.4/psoc creator/import/gnu/arm/5.4.1/bin/../lib/gcc/arm-none-eabi/5.4.1/../../../../arm-none-eabi/lib/armv7-m\libg_nano.a(lib_a-errno.o)
                0x00002cac                __errno
 .text.__libc_init_array
                0x00002cb8       0x4c c:/program files (x86)/cypress/psoc creator/4.4/psoc creator/import/gnu/arm/5.4.1/bin/../lib/gcc/arm-none-eabi/5.4.1/../../../../arm-none-eabi/lib/armv7-m\libg_nano.a(lib_a-init.o)
                0x00002cb8                __libc_init_array
 .text.malloc   0x00002d04       0x10 c:/program files (x86)/cypress/psoc creator/4.4/psoc creator/import/gnu/arm/5.4.1/bin/../lib/gcc/arm-none-eabi/5.4.1/../../../../arm-none-eabi/lib/armv7-m\libg_nano.a(lib_a-malloc.o)
                0x00002d04                malloc
 .text.free     0x00002d14       0x10 c:/program files (x86)/cypress/psoc creator/4.4/psoc creator/import/gnu/arm/5.4.1/bin/../lib/gcc/arm-none-eabi/5.4.1/../../../../arm-none-eabi/lib/armv7-m\libg_nano.a(lib_a-malloc.o)
                0x00002d14                free
 .text.memcpy   0x00002d24       0x16 c:/program files (x86)/cypress/psoc creator/4.4/psoc creator/import/gnu/arm/5.4.1/bin/../lib/gcc/arm-none-eabi/5.4.1/../../../../arm-none-eabi/lib/armv7-m\libg_nano.a(lib_a-memcpy-stub.o)
                0x00002d24                memcpy
 .text.memset   0x00002d3a       0x10 c:/program files (x86)/cypress/psoc creator/4.4/psoc creator/import/gnu/arm/5.4.1/bin/../lib/gcc/arm-none-eabi/5.4.1/../../../../arm-none-eabi/lib/armv7-m\libg_nano.a(lib_a-memset.o)
                0x00002d3a                memset
 *fill*         0x00002d4a        0x2 
 .text._free_r  0x00002d4c       0x98 c:/program files (x86)/cypress/psoc creator/4.4/psoc creator/import/gnu/arm/5.4.1/bin/../lib/gcc/arm-none-eabi/5.4.1/../../../../arm-none-eabi/lib/armv7-m\libg_nano.a(lib_a-nano-freer.o)
                0x00002d4c                _free_r
 .text._malloc_r
                0x00002de4       0xbc c:/program files (x86)/cypress/psoc creator/4.4/psoc creator/import/gnu/arm/5.4.1/bin/../lib/gcc/arm-none-eabi/5.4.1/../../../../arm-none-eabi/lib/armv7-m\libg_nano.a(lib_a-nano-mallocr.o)
                0x00002de4                _malloc_r
 .text._sbrk_r  0x00002ea0       0x20 c:/program files (x86)/cypress/psoc creator/4.4/psoc creator/import/gnu/arm/5.4.1/bin/../lib/gcc/arm-none-eabi/5.4.1/../../../../arm-none-eabi/lib/armv7-m\libg_nano.a(lib_a-sbrkr.o)
                0x00002ea0                _sbrk_r
 .text.__malloc_lock
                0x00002ec0        0x2 c:/program files (x86)/cypress/psoc creator/4.4/psoc creator/import/gnu/arm/5.4.1/bin/../lib/gcc/arm-none-eabi/5.4.1/../../../../arm-none-eabi/lib/armv7-m\libg_nano.a(lib_a-mlock.o)
                0x00002ec0                __malloc_lock
 .text.__malloc_unlock
                0x00002ec2        0x2 c:/program files (x86)/cypress/psoc creator/4.4/psoc creator/import/gnu/arm/5.4.1/bin/../lib/gcc/arm-none-eabi/5.4.1/../../../../arm-none-eabi/lib/armv7-m\libg_nano.a(lib_a-mlock.o)
                0x00002ec2                __malloc_unlock
 *(.plt)
 *(.gnu.warning)
 *(.glue_7t)
 .glue_7t       0x00002ec4        0x0 linker stubs
 *(.glue_7)
 .glue_7        0x00002ec4        0x0 linker stubs
 *(.vfp11_veneer)
 .vfp11_veneer  0x00002ec4        0x0 linker stubs
 *(.bootloader)
 *(.ARM.extab* .gnu.linkonce.armextab.*)
 *(.gcc_except_table)

.v4_bx          0x00002ec4        0x0
 .v4_bx         0x00002ec4        0x0 linker stubs

.iplt           0x00002ec4        0x0
 .iplt          0x00002ec4        0x0 c:/program files (x86)/cypress/psoc creator/4.4/psoc creator/import/gnu/arm/5.4.1/bin/../lib/gcc/arm-none-eabi/5.4.1/armv7-m/crtbegin.o

.eh_frame_hdr
 *(.eh_frame_hdr)

.eh_frame       0x00002ec4        0x4
 *(.eh_frame)
 .eh_frame      0x00002ec4        0x0 c:/program files (x86)/cypress/psoc creator/4.4/psoc creator/import/gnu/arm/5.4.1/bin/../lib/gcc/arm-none-eabi/5.4.1/armv7-m/crtbegin.o
 .eh_frame      0x00002ec4        0x4 c:/program files (x86)/cypress/psoc creator/4.4/psoc creator/import/gnu/arm/5.4.1/bin/../lib/gcc/arm-none-eabi/5.4.1/armv7-m/crtend.o
                [!provide]                PROVIDE (__exidx_start, .)

.ARM.exidx
 *(.ARM.exidx* .gnu.linkonce.armexidx.*)
                0x00002ec8                __exidx_end = .

.rodata         0x00002ec8       0x90
 *(.rodata .rodata.* .gnu.linkonce.r.*)
 .rodata        0x00002ec8       0x5a .\CortexM3\ARM_GCC_541\Debug\cyfitter_cfg.o
                0x00002ec8                weight_selector__addrTable
                0x00002ee0                weight_selector__maskTable
 .rodata.str1.1
                0x00002f22        0x2 c:/program files (x86)/cypress/psoc creator/4.4/psoc creator/import/gnu/arm/5.4.1/bin/../lib/gcc/arm-none-eabi/5.4.1/../../../../arm-none-eabi/lib/armv7-m\libg_nano.a(lib_a-impure.o)
                0x00002f24                . = ALIGN (0x4)
 *(.init)
 .init          0x00002f24        0x4 c:/program files (x86)/cypress/psoc creator/4.4/psoc creator/import/gnu/arm/5.4.1/bin/../lib/gcc/arm-none-eabi/5.4.1/armv7-m/crti.o
                0x00002f24                _init
 .init          0x00002f28        0x8 c:/program files (x86)/cypress/psoc creator/4.4/psoc creator/import/gnu/arm/5.4.1/bin/../lib/gcc/arm-none-eabi/5.4.1/armv7-m/crtn.o
                0x00002f30                . = ALIGN (0x4)
                0x00002f30                __preinit_array_start = .
 *(.preinit_array)
                0x00002f30                __preinit_array_end = .
                0x00002f30                . = ALIGN (0x4)
                0x00002f30                __init_array_start = .
 *(SORT(.init_array.*))
 *(.init_array)
 .init_array    0x00002f30        0x4 c:/program files (x86)/cypress/psoc creator/4.4/psoc creator/import/gnu/arm/5.4.1/bin/../lib/gcc/arm-none-eabi/5.4.1/armv7-m/crtbegin.o
 .init_array    0x00002f34        0x4 .\CortexM3\ARM_GCC_541\Debug\Cm3Start.o
                0x00002f38                __init_array_end = .
                0x00002f38                . = ALIGN (0x4)
 *(.fini)
 .fini          0x00002f38        0x4 c:/program files (x86)/cypress/psoc creator/4.4/psoc creator/import/gnu/arm/5.4.1/bin/../lib/gcc/arm-none-eabi/5.4.1/armv7-m/crti.o
                0x00002f38                _fini
 .fini          0x00002f3c        0x8 c:/program files (x86)/cypress/psoc creator/4.4/psoc creator/import/gnu/arm/5.4.1/bin/../lib/gcc/arm-none-eabi/5.4.1/armv7-m/crtn.o
                0x00002f44                . = ALIGN (0x4)
                0x00002f44                __fini_array_start = .
 *(.fini_array)
 .fini_array    0x00002f44        0x4 c:/program files (x86)/cypress/psoc creator/4.4/psoc creator/import/gnu/arm/5.4.1/bin/../lib/gcc/arm-none-eabi/5.4.1/armv7-m/crtbegin.o
 *(SORT(.fini_array.*))
                0x00002f48                __fini_array_end = .
                0x00002f48                . = ALIGN (0x4)
 *crtbegin.o(.ctors)
 *(EXCLUDE_FILE(*crtend.o) .ctors)
 *(SORT(.ctors.*))
 *crtend.o(.ctors)
                0x00002f48                . = ALIGN (0x4)
 *crtbegin.o(.dtors)
 *(EXCLUDE_FILE(*crtend.o) .dtors)
 *(SORT(.dtors.*))
 *crtend.o(.dtors)
                0x00002f48                . = ALIGN (0x4)
                0x00002f48                __cy_regions = .
                0x00002f48        0x4 LONG 0x2f58 __cy_region_init_ram
                0x00002f4c        0x4 LONG 0x1fff80c8 __cy_region_start_data
                0x00002f50        0x4 LONG 0x98 __cy_region_init_size_ram
                0x00002f54        0x4 LONG 0xf8 __cy_region_zero_size_ram
                0x00002f58                __cy_regions_end = .
                0x00002f58                . = ALIGN (0x8)
                0x00002f58                _etext = .

.cy_checksum_exclude
                0x00002f58        0x0
 *(.cy_checksum_exclude)

.ramvectors     0x1fff8000       0xc0
                0x1fff8000                __cy_region_start_ram = .
 *(.ramvectors)
 .ramvectors    0x1fff8000       0xc0 .\CortexM3\ARM_GCC_541\Debug\Cm3Start.o
                0x1fff8000                CyRamVectors

.noinit         0x1fff80c0        0x5
 *(.noinit)
 .noinit        0x1fff80c0        0x4 .\CortexM3\ARM_GCC_541\Debug\Cm3Start.o
 .noinit        0x1fff80c4        0x1 .\CortexM3\ARM_GCC_541\Debug\dmc-psoc.a(CyLib.o)
                0x1fff80c4                CyResetStatus

.data           0x1fff80c8       0x98 load address 0x00002f58
                0x1fff80c8                __cy_region_start_data = .
 *(.jcr)
 .jcr           0x1fff80c8        0x0 c:/program files (x86)/cypress/psoc creator/4.4/psoc creator/import/gnu/arm/5.4.1/bin/../lib/gcc/arm-none-eabi/5.4.1/armv7-m/crtbegin.o
 .jcr           0x1fff80c8        0x4 c:/program files (x86)/cypress/psoc creator/4.4/psoc creator/import/gnu/arm/5.4.1/bin/../lib/gcc/arm-none-eabi/5.4.1/armv7-m/crtend.o
 *(.got.plt)
 *(.got)
 *(.shdata)
 *(.data .data.* .gnu.linkonce.d.*)
 .data          0x1fff80cc       0x10 .\CortexM3\ARM_GCC_541\Debug\dmc_controller.o
                0x1fff80cc                MAX_VOLUME_IN_CONTAINER
                0x1fff80d0                pump_1_periods_pr_cl
                0x1fff80d4                pump_2_periods_pr_cl
                0x1fff80d8                pump_3_periods_pr_cl
 .data          0x1fff80dc        0x1 .\CortexM3\ARM_GCC_541\Debug\dmc_weight.o
                0x1fff80dc                NUM_OF_MEASUREMENTS
 *fill*         0x1fff80dd        0x3 
 .data          0x1fff80e0        0x4 .\CortexM3\ARM_GCC_541\Debug\Cm3Start.o
 .data          0x1fff80e4       0x10 .\CortexM3\ARM_GCC_541\Debug\dmc-psoc.a(CyLib.o)
                0x1fff80e4                cydelay_freq_hz
                0x1fff80e8                cydelay_freq_khz
                0x1fff80ec                cydelay_freq_mhz
                0x1fff80f0                cydelay_32k_ms
 .data          0x1fff80f4        0x1 .\CortexM3\ARM_GCC_541\Debug\dmc-psoc.a(weight_selector.o)
 *fill*         0x1fff80f5        0x3 
 .data.impure_data
                0x1fff80f8       0x60 c:/program files (x86)/cypress/psoc creator/4.4/psoc creator/import/gnu/arm/5.4.1/bin/../lib/gcc/arm-none-eabi/5.4.1/../../../../arm-none-eabi/lib/armv7-m\libg_nano.a(lib_a-impure.o)
 .data._impure_ptr
                0x1fff8158        0x4 c:/program files (x86)/cypress/psoc creator/4.4/psoc creator/import/gnu/arm/5.4.1/bin/../lib/gcc/arm-none-eabi/5.4.1/../../../../arm-none-eabi/lib/armv7-m\libg_nano.a(lib_a-impure.o)
                0x1fff8158                _impure_ptr
                0x1fff8160                . = ALIGN (0x8)
 *fill*         0x1fff815c        0x4 
 *(.ram)
                0x1fff8160                _edata = .

.igot.plt       0x1fff8160        0x0 load address 0x00002ff0
 .igot.plt      0x1fff8160        0x0 c:/program files (x86)/cypress/psoc creator/4.4/psoc creator/import/gnu/arm/5.4.1/bin/../lib/gcc/arm-none-eabi/5.4.1/armv7-m/crtbegin.o

.bss            0x1fff8160       0xf8 load address 0x00002ff0
                0x1fff8160                PROVIDE (__bss_start__, .)
 *(.shbss)
 *(.bss .bss.* .gnu.linkonce.b.*)
 .bss           0x1fff8160       0x1c c:/program files (x86)/cypress/psoc creator/4.4/psoc creator/import/gnu/arm/5.4.1/bin/../lib/gcc/arm-none-eabi/5.4.1/armv7-m/crtbegin.o
 .bss           0x1fff817c        0xc .\CortexM3\ARM_GCC_541\Debug\dmc_timers.o
                0x1fff817c                pump_timer_1_trigger
                0x1fff8180                pump_timer_2_trigger
                0x1fff8184                pump_timer_3_trigger
 .bss           0x1fff8188        0xc .\CortexM3\ARM_GCC_541\Debug\dmc_pump_control.o
                0x1fff8188                pump_1_pumping
                0x1fff818c                pump_2_pumping
                0x1fff8190                pump_3_pumping
 .bss           0x1fff8194        0xd .\CortexM3\ARM_GCC_541\Debug\dmc_uart_rpi.o
                0x1fff8194                discard_packet
 *fill*         0x1fff81a1        0x3 
 .bss           0x1fff81a4        0x4 .\CortexM3\ARM_GCC_541\Debug\dmc_job_queue.o
                0x1fff81a4                queue_size
 .bss           0x1fff81a8        0x1 .\CortexM3\ARM_GCC_541\Debug\dmc-psoc.a(check_weight_timer.o)
                0x1fff81a8                check_weight_timer_initVar
 .bss           0x1fff81a9        0x1 .\CortexM3\ARM_GCC_541\Debug\dmc-psoc.a(pump_timer_1.o)
                0x1fff81a9                pump_timer_1_initVar
 .bss           0x1fff81aa        0x1 .\CortexM3\ARM_GCC_541\Debug\dmc-psoc.a(pump_timer_2.o)
                0x1fff81aa                pump_timer_2_initVar
 .bss           0x1fff81ab        0x1 .\CortexM3\ARM_GCC_541\Debug\dmc-psoc.a(pump_timer_3.o)
                0x1fff81ab                pump_timer_3_initVar
 .bss           0x1fff81ac        0x1 .\CortexM3\ARM_GCC_541\Debug\dmc-psoc.a(weight_adc.o)
                0x1fff81ac                weight_adc_initVar
 .bss           0x1fff81ad        0x2 .\CortexM3\ARM_GCC_541\Debug\dmc-psoc.a(uart_rpi.o)
                0x1fff81ad                uart_rpi_initVar
 *fill*         0x1fff81af        0x1 
 .bss.__malloc_sbrk_start
                0x1fff81b0        0x4 c:/program files (x86)/cypress/psoc creator/4.4/psoc creator/import/gnu/arm/5.4.1/bin/../lib/gcc/arm-none-eabi/5.4.1/../../../../arm-none-eabi/lib/armv7-m\libg_nano.a(lib_a-nano-mallocr.o)
                0x1fff81b0                __malloc_sbrk_start
 .bss.__malloc_free_list
                0x1fff81b4        0x4 c:/program files (x86)/cypress/psoc creator/4.4/psoc creator/import/gnu/arm/5.4.1/bin/../lib/gcc/arm-none-eabi/5.4.1/../../../../arm-none-eabi/lib/armv7-m\libg_nano.a(lib_a-nano-mallocr.o)
                0x1fff81b4                __malloc_free_list
 *(COMMON)
 COMMON         0x1fff81b8       0x34 .\CortexM3\ARM_GCC_541\Debug\dmc_controller.o
                0x1fff81b8                weight3
                0x1fff81c8                weight2
                0x1fff81d8                weight1
                0x1fff81e8                current_weight
 COMMON         0x1fff81ec        0x8 .\CortexM3\ARM_GCC_541\Debug\dmc_uart_rpi.o
                0x1fff81ec                current_packet
                0x1fff81f0                raise_flag_handler
 COMMON         0x1fff81f4       0x50 .\CortexM3\ARM_GCC_541\Debug\dmc_job_queue.o
                0x1fff81f4                queue
 COMMON         0x1fff8244        0xa .\CortexM3\ARM_GCC_541\Debug\dmc-psoc.a(weight_adc.o)
                0x1fff8244                weight_adc_countsPer10Volt
                0x1fff8248                weight_adc_shift
                0x1fff824a                weight_adc_offset
                0x1fff824c                weight_adc_countsPerVolt
 *fill*         0x1fff824e        0x2 
 COMMON         0x1fff8250        0x4 c:/program files (x86)/cypress/psoc creator/4.4/psoc creator/import/gnu/arm/5.4.1/bin/../lib/gcc/arm-none-eabi/5.4.1/../../../../arm-none-eabi/lib/armv7-m\libg_nano.a(lib_a-reent.o)
                0x1fff8250                errno
                0x1fff8258                . = ALIGN (0x8)
 *fill*         0x1fff8254        0x4 
 *(.ram.b)
                0x1fff8258                _end = .
                0x1fff8258                __end = .
                0x1fff8258                PROVIDE (end, .)
                0x1fff8258                PROVIDE (__bss_end__, .)
                0x00002f58                __cy_region_init_ram = LOADADDR (.data)
                0x00000098                __cy_region_init_size_ram = (_edata - ADDR (.data))
                0x000000f8                __cy_region_zero_size_ram = (_end - _edata)

.heap           0x1fff8258      0x800 load address 0x00002ff0
                0x1fff8258                . = _end
                0x1fff8a58                . = (. + 0x800)
 *fill*         0x1fff8258      0x800 
                0x1fff8a58                __cy_heap_limit = .

.stack          0x20007800      0x800
                0x20007800                __cy_stack_limit = .
                0x20008000                . = (. + 0x800)
 *fill*         0x20007800      0x800 
                0x00000001                ASSERT ((__cy_stack_limit >= __cy_heap_limit), region RAM overflowed with stack)
                0x00000000                cy_checksum_exclude_size = (CY_APPL_LOADABLE == 0x1)?SIZEOF (.cy_checksum_exclude):0x0
                0x00000001                ASSERT ((cy_checksum_exclude_size <= CY_CHECKSUM_EXCLUDE_SIZE), CY_BOOT: Section .cy_checksum_exclude size exceedes specified limit.)

.cyloadermeta
 *(.cyloadermeta)

.cyloadablemeta
 *(.cyloadablemeta)

.cyconfigecc    0x80000000      0x684
 *(.cyconfigecc)
 .cyconfigecc   0x80000000      0x684 .\CortexM3\ARM_GCC_541\Debug\cymetadata.o
                0x80000000                cy_meta_configecc

.cycustnvl      0x90000000        0x4
 *(.cycustnvl)
 .cycustnvl     0x90000000        0x4 .\CortexM3\ARM_GCC_541\Debug\cymetadata.o
                0x90000000                cy_meta_custnvl

.cywolatch      0x90100000        0x4
 *(.cywolatch)
 .cywolatch     0x90100000        0x4 .\CortexM3\ARM_GCC_541\Debug\cymetadata.o
                0x90100000                cy_meta_wonvl

.cyeeprom       0x90200000        0x0
 *(.cyeeprom)
                0x00000001                ASSERT ((. <= ((0x90200000 + ee_offset) + ee_size)), .cyeeprom data will not fit in EEPROM)

.cyflashprotect
                0x90400000      0x100
 *(.cyflashprotect)
 .cyflashprotect
                0x90400000      0x100 .\CortexM3\ARM_GCC_541\Debug\cymetadata.o
                0x90400000                cy_meta_flashprotect

.cymeta         0x90500000        0xc
 *(.cymeta)
 .cymeta        0x90500000        0xc .\CortexM3\ARM_GCC_541\Debug\cymetadata.o
                0x90500000                cy_metadata

.rel.dyn        0x00002ff0        0x0 load address 0x9050000c
 .rel.iplt      0x00002ff0        0x0 c:/program files (x86)/cypress/psoc creator/4.4/psoc creator/import/gnu/arm/5.4.1/bin/../lib/gcc/arm-none-eabi/5.4.1/armv7-m/crtbegin.o

.stab
 *(.stab)

.stabstr
 *(.stabstr)

.debug
 *(.debug)

.line
 *(.line)

.debug_srcinfo
 *(.debug_srcinfo)

.debug_sfnames
 *(.debug_sfnames)

.debug_aranges  0x00000000     0x1108
 *(.debug_aranges)
 .debug_aranges
                0x00000000       0xd8 .\CortexM3\ARM_GCC_541\Debug\dmc_controller.o
 .debug_aranges
                0x000000d8       0xd0 .\CortexM3\ARM_GCC_541\Debug\dmc_timers.o
 .debug_aranges
                0x000001a8       0x30 .\CortexM3\ARM_GCC_541\Debug\dmc_pump_control.o
 .debug_aranges
                0x000001d8       0x30 .\CortexM3\ARM_GCC_541\Debug\dmc_weight.o
 .debug_aranges
                0x00000208       0xd0 .\CortexM3\ARM_GCC_541\Debug\dmc_uart_rpi.o
 .debug_aranges
                0x000002d8       0xa8 .\CortexM3\ARM_GCC_541\Debug\dmc_job_queue.o
 .debug_aranges
                0x00000380       0x70 .\CortexM3\ARM_GCC_541\Debug\cyfitter_cfg.o
 .debug_aranges
                0x000003f0       0x18 .\CortexM3\ARM_GCC_541\Debug\cymetadata.o
 .debug_aranges
                0x00000408       0x48 .\CortexM3\ARM_GCC_541\Debug\Cm3Start.o
 .debug_aranges
                0x00000450      0x2a0 .\CortexM3\ARM_GCC_541\Debug\dmc-psoc.a(CyLib.o)
 .debug_aranges
                0x000006f0       0x98 .\CortexM3\ARM_GCC_541\Debug\dmc-psoc.a(cyPm.o)
 .debug_aranges
                0x00000788       0x88 .\CortexM3\ARM_GCC_541\Debug\dmc-psoc.a(check_weight_timer.o)
 .debug_aranges
                0x00000810       0x90 .\CortexM3\ARM_GCC_541\Debug\dmc-psoc.a(pump_timer_1.o)
 .debug_aranges
                0x000008a0       0x80 .\CortexM3\ARM_GCC_541\Debug\dmc-psoc.a(isr_pump_timer_2.o)
 .debug_aranges
                0x00000920       0x90 .\CortexM3\ARM_GCC_541\Debug\dmc-psoc.a(pump_timer_2.o)
 .debug_aranges
                0x000009b0       0x80 .\CortexM3\ARM_GCC_541\Debug\dmc-psoc.a(isr_pump_timer_1.o)
 .debug_aranges
                0x00000a30       0x90 .\CortexM3\ARM_GCC_541\Debug\dmc-psoc.a(pump_timer_3.o)
 .debug_aranges
                0x00000ac0       0x80 .\CortexM3\ARM_GCC_541\Debug\dmc-psoc.a(isr_pump_timer_3.o)
 .debug_aranges
                0x00000b40       0x80 .\CortexM3\ARM_GCC_541\Debug\dmc-psoc.a(isr_check_weight_timer.o)
 .debug_aranges
                0x00000bc0       0x30 .\CortexM3\ARM_GCC_541\Debug\dmc-psoc.a(weight_selector.o)
 .debug_aranges
                0x00000bf0       0xa8 .\CortexM3\ARM_GCC_541\Debug\dmc-psoc.a(weight_adc.o)
 .debug_aranges
                0x00000c98       0x20 .\CortexM3\ARM_GCC_541\Debug\dmc-psoc.a(weight_adc_INT.o)
 .debug_aranges
                0x00000cb8       0x80 .\CortexM3\ARM_GCC_541\Debug\dmc-psoc.a(weight_adc_theACLK.o)
 .debug_aranges
                0x00000d38       0xf0 .\CortexM3\ARM_GCC_541\Debug\dmc-psoc.a(uart_rpi.o)
 .debug_aranges
                0x00000e28       0x80 .\CortexM3\ARM_GCC_541\Debug\dmc-psoc.a(isr_uart_rpi_rx.o)
 .debug_aranges
                0x00000ea8       0x70 .\CortexM3\ARM_GCC_541\Debug\dmc-psoc.a(uart_rpi_IntClock.o)
 .debug_aranges
                0x00000f18       0x38 .\CortexM3\ARM_GCC_541\Debug\dmc-psoc.a(pump_3.o)
 .debug_aranges
                0x00000f50       0x38 .\CortexM3\ARM_GCC_541\Debug\dmc-psoc.a(pump_1.o)
 .debug_aranges
                0x00000f88       0x38 .\CortexM3\ARM_GCC_541\Debug\dmc-psoc.a(pump_2.o)
 .debug_aranges
                0x00000fc0       0x20 .\CortexM3\ARM_GCC_541\Debug\dmc-psoc.a(CyBootAsmGnu.o)
 .debug_aranges
                0x00000fe0       0x88 .\CortexM3\ARM_GCC_541\Debug\dmc-psoc.a(CyFlash.o)
 .debug_aranges
                0x00001068       0x80 .\CortexM3\ARM_GCC_541\Debug\dmc-psoc.a(CySpc.o)
 .debug_aranges
                0x000010e8       0x20 .\CortexM3\ARM_GCC_541\Debug\dmc-psoc.a(cyutils.o)

.debug_pubnames
 *(.debug_pubnames)

.debug_info     0x00000000     0x72d9
 *(.debug_info .gnu.linkonce.wi.*)
 .debug_info    0x00000000      0xa19 .\CortexM3\ARM_GCC_541\Debug\dmc_controller.o
 .debug_info    0x00000a19      0x72c .\CortexM3\ARM_GCC_541\Debug\dmc_timers.o
 .debug_info    0x00001145      0x17c .\CortexM3\ARM_GCC_541\Debug\dmc_pump_control.o
 .debug_info    0x000012c1      0x276 .\CortexM3\ARM_GCC_541\Debug\dmc_weight.o
 .debug_info    0x00001537      0x772 .\CortexM3\ARM_GCC_541\Debug\dmc_uart_rpi.o
 .debug_info    0x00001ca9      0x6f6 .\CortexM3\ARM_GCC_541\Debug\dmc_job_queue.o
 .debug_info    0x0000239f      0x500 .\CortexM3\ARM_GCC_541\Debug\cyfitter_cfg.o
 .debug_info    0x0000289f      0x138 .\CortexM3\ARM_GCC_541\Debug\cymetadata.o
 .debug_info    0x000029d7      0x32b .\CortexM3\ARM_GCC_541\Debug\Cm3Start.o
 .debug_info    0x00002d02      0xe51 .\CortexM3\ARM_GCC_541\Debug\dmc-psoc.a(CyLib.o)
 .debug_info    0x00003b53      0x57a .\CortexM3\ARM_GCC_541\Debug\dmc-psoc.a(cyPm.o)
 .debug_info    0x000040cd      0x245 .\CortexM3\ARM_GCC_541\Debug\dmc-psoc.a(check_weight_timer.o)
 .debug_info    0x00004312      0x25b .\CortexM3\ARM_GCC_541\Debug\dmc-psoc.a(pump_timer_1.o)
 .debug_info    0x0000456d      0x241 .\CortexM3\ARM_GCC_541\Debug\dmc-psoc.a(isr_pump_timer_2.o)
 .debug_info    0x000047ae      0x25b .\CortexM3\ARM_GCC_541\Debug\dmc-psoc.a(pump_timer_2.o)
 .debug_info    0x00004a09      0x241 .\CortexM3\ARM_GCC_541\Debug\dmc-psoc.a(isr_pump_timer_1.o)
 .debug_info    0x00004c4a      0x25b .\CortexM3\ARM_GCC_541\Debug\dmc-psoc.a(pump_timer_3.o)
 .debug_info    0x00004ea5      0x241 .\CortexM3\ARM_GCC_541\Debug\dmc-psoc.a(isr_pump_timer_3.o)
 .debug_info    0x000050e6      0x241 .\CortexM3\ARM_GCC_541\Debug\dmc-psoc.a(isr_check_weight_timer.o)
 .debug_info    0x00005327      0x10a .\CortexM3\ARM_GCC_541\Debug\dmc-psoc.a(weight_selector.o)
 .debug_info    0x00005431      0x47f .\CortexM3\ARM_GCC_541\Debug\dmc-psoc.a(weight_adc.o)
 .debug_info    0x000058b0       0x92 .\CortexM3\ARM_GCC_541\Debug\dmc-psoc.a(weight_adc_INT.o)
 .debug_info    0x00005942      0x299 .\CortexM3\ARM_GCC_541\Debug\dmc-psoc.a(weight_adc_theACLK.o)
 .debug_info    0x00005bdb      0x50a .\CortexM3\ARM_GCC_541\Debug\dmc-psoc.a(uart_rpi.o)
 .debug_info    0x000060e5      0x241 .\CortexM3\ARM_GCC_541\Debug\dmc-psoc.a(isr_uart_rpi_rx.o)
 .debug_info    0x00006326      0x25d .\CortexM3\ARM_GCC_541\Debug\dmc-psoc.a(uart_rpi_IntClock.o)
 .debug_info    0x00006583      0x11e .\CortexM3\ARM_GCC_541\Debug\dmc-psoc.a(pump_3.o)
 .debug_info    0x000066a1      0x11e .\CortexM3\ARM_GCC_541\Debug\dmc-psoc.a(pump_1.o)
 .debug_info    0x000067bf      0x11e .\CortexM3\ARM_GCC_541\Debug\dmc-psoc.a(pump_2.o)
 .debug_info    0x000068dd       0x94 .\CortexM3\ARM_GCC_541\Debug\dmc-psoc.a(CyBootAsmGnu.o)
 .debug_info    0x00006971      0x3b9 .\CortexM3\ARM_GCC_541\Debug\dmc-psoc.a(CyFlash.o)
 .debug_info    0x00006d2a      0x4c0 .\CortexM3\ARM_GCC_541\Debug\dmc-psoc.a(CySpc.o)
 .debug_info    0x000071ea       0xef .\CortexM3\ARM_GCC_541\Debug\dmc-psoc.a(cyutils.o)

.debug_abbrev   0x00000000     0x28d8
 *(.debug_abbrev)
 .debug_abbrev  0x00000000      0x27d .\CortexM3\ARM_GCC_541\Debug\dmc_controller.o
 .debug_abbrev  0x0000027d      0x206 .\CortexM3\ARM_GCC_541\Debug\dmc_timers.o
 .debug_abbrev  0x00000483       0xbf .\CortexM3\ARM_GCC_541\Debug\dmc_pump_control.o
 .debug_abbrev  0x00000542      0x130 .\CortexM3\ARM_GCC_541\Debug\dmc_weight.o
 .debug_abbrev  0x00000672      0x235 .\CortexM3\ARM_GCC_541\Debug\dmc_uart_rpi.o
 .debug_abbrev  0x000008a7      0x225 .\CortexM3\ARM_GCC_541\Debug\dmc_job_queue.o
 .debug_abbrev  0x00000acc      0x1ca .\CortexM3\ARM_GCC_541\Debug\cyfitter_cfg.o
 .debug_abbrev  0x00000c96       0x77 .\CortexM3\ARM_GCC_541\Debug\cymetadata.o
 .debug_abbrev  0x00000d0d      0x1d6 .\CortexM3\ARM_GCC_541\Debug\Cm3Start.o
 .debug_abbrev  0x00000ee3      0x217 .\CortexM3\ARM_GCC_541\Debug\dmc-psoc.a(CyLib.o)
 .debug_abbrev  0x000010fa      0x161 .\CortexM3\ARM_GCC_541\Debug\dmc-psoc.a(cyPm.o)
 .debug_abbrev  0x0000125b       0xe9 .\CortexM3\ARM_GCC_541\Debug\dmc-psoc.a(check_weight_timer.o)
 .debug_abbrev  0x00001344      0x135 .\CortexM3\ARM_GCC_541\Debug\dmc-psoc.a(pump_timer_1.o)
 .debug_abbrev  0x00001479      0x172 .\CortexM3\ARM_GCC_541\Debug\dmc-psoc.a(isr_pump_timer_2.o)
 .debug_abbrev  0x000015eb      0x135 .\CortexM3\ARM_GCC_541\Debug\dmc-psoc.a(pump_timer_2.o)
 .debug_abbrev  0x00001720      0x172 .\CortexM3\ARM_GCC_541\Debug\dmc-psoc.a(isr_pump_timer_1.o)
 .debug_abbrev  0x00001892      0x135 .\CortexM3\ARM_GCC_541\Debug\dmc-psoc.a(pump_timer_3.o)
 .debug_abbrev  0x000019c7      0x172 .\CortexM3\ARM_GCC_541\Debug\dmc-psoc.a(isr_pump_timer_3.o)
 .debug_abbrev  0x00001b39      0x172 .\CortexM3\ARM_GCC_541\Debug\dmc-psoc.a(isr_check_weight_timer.o)
 .debug_abbrev  0x00001cab       0x6f .\CortexM3\ARM_GCC_541\Debug\dmc-psoc.a(weight_selector.o)
 .debug_abbrev  0x00001d1a      0x173 .\CortexM3\ARM_GCC_541\Debug\dmc-psoc.a(weight_adc.o)
 .debug_abbrev  0x00001e8d       0x42 .\CortexM3\ARM_GCC_541\Debug\dmc-psoc.a(weight_adc_INT.o)
 .debug_abbrev  0x00001ecf      0x11d .\CortexM3\ARM_GCC_541\Debug\dmc-psoc.a(weight_adc_theACLK.o)
 .debug_abbrev  0x00001fec      0x163 .\CortexM3\ARM_GCC_541\Debug\dmc-psoc.a(uart_rpi.o)
 .debug_abbrev  0x0000214f      0x172 .\CortexM3\ARM_GCC_541\Debug\dmc-psoc.a(isr_uart_rpi_rx.o)
 .debug_abbrev  0x000022c1      0x11d .\CortexM3\ARM_GCC_541\Debug\dmc-psoc.a(uart_rpi_IntClock.o)
 .debug_abbrev  0x000023de       0x90 .\CortexM3\ARM_GCC_541\Debug\dmc-psoc.a(pump_3.o)
 .debug_abbrev  0x0000246e       0x90 .\CortexM3\ARM_GCC_541\Debug\dmc-psoc.a(pump_1.o)
 .debug_abbrev  0x000024fe       0x90 .\CortexM3\ARM_GCC_541\Debug\dmc-psoc.a(pump_2.o)
 .debug_abbrev  0x0000258e       0x14 .\CortexM3\ARM_GCC_541\Debug\dmc-psoc.a(CyBootAsmGnu.o)
 .debug_abbrev  0x000025a2      0x14b .\CortexM3\ARM_GCC_541\Debug\dmc-psoc.a(CyFlash.o)
 .debug_abbrev  0x000026ed      0x16c .\CortexM3\ARM_GCC_541\Debug\dmc-psoc.a(CySpc.o)
 .debug_abbrev  0x00002859       0x7f .\CortexM3\ARM_GCC_541\Debug\dmc-psoc.a(cyutils.o)

.debug_line     0x00000000     0x43c2
 *(.debug_line)
 .debug_line    0x00000000      0x52c .\CortexM3\ARM_GCC_541\Debug\dmc_controller.o
 .debug_line    0x0000052c      0x44f .\CortexM3\ARM_GCC_541\Debug\dmc_timers.o
 .debug_line    0x0000097b      0x1bd .\CortexM3\ARM_GCC_541\Debug\dmc_pump_control.o
 .debug_line    0x00000b38      0x1c6 .\CortexM3\ARM_GCC_541\Debug\dmc_weight.o
 .debug_line    0x00000cfe      0x479 .\CortexM3\ARM_GCC_541\Debug\dmc_uart_rpi.o
 .debug_line    0x00001177      0x3cf .\CortexM3\ARM_GCC_541\Debug\dmc_job_queue.o
 .debug_line    0x00001546      0x25a .\CortexM3\ARM_GCC_541\Debug\cyfitter_cfg.o
 .debug_line    0x000017a0      0x141 .\CortexM3\ARM_GCC_541\Debug\cymetadata.o
 .debug_line    0x000018e1      0x1dc .\CortexM3\ARM_GCC_541\Debug\Cm3Start.o
 .debug_line    0x00001abd      0x883 .\CortexM3\ARM_GCC_541\Debug\dmc-psoc.a(CyLib.o)
 .debug_line    0x00002340      0x38e .\CortexM3\ARM_GCC_541\Debug\dmc-psoc.a(cyPm.o)
 .debug_line    0x000026ce      0x16a .\CortexM3\ARM_GCC_541\Debug\dmc-psoc.a(check_weight_timer.o)
 .debug_line    0x00002838      0x175 .\CortexM3\ARM_GCC_541\Debug\dmc-psoc.a(pump_timer_1.o)
 .debug_line    0x000029ad      0x15b .\CortexM3\ARM_GCC_541\Debug\dmc-psoc.a(isr_pump_timer_2.o)
 .debug_line    0x00002b08      0x175 .\CortexM3\ARM_GCC_541\Debug\dmc-psoc.a(pump_timer_2.o)
 .debug_line    0x00002c7d      0x15b .\CortexM3\ARM_GCC_541\Debug\dmc-psoc.a(isr_pump_timer_1.o)
 .debug_line    0x00002dd8      0x175 .\CortexM3\ARM_GCC_541\Debug\dmc-psoc.a(pump_timer_3.o)
 .debug_line    0x00002f4d      0x15b .\CortexM3\ARM_GCC_541\Debug\dmc-psoc.a(isr_pump_timer_3.o)
 .debug_line    0x000030a8      0x161 .\CortexM3\ARM_GCC_541\Debug\dmc-psoc.a(isr_check_weight_timer.o)
 .debug_line    0x00003209       0xa4 .\CortexM3\ARM_GCC_541\Debug\dmc-psoc.a(weight_selector.o)
 .debug_line    0x000032ad      0x20c .\CortexM3\ARM_GCC_541\Debug\dmc-psoc.a(weight_adc.o)
 .debug_line    0x000034b9       0x5a .\CortexM3\ARM_GCC_541\Debug\dmc-psoc.a(weight_adc_INT.o)
 .debug_line    0x00003513      0x1d5 .\CortexM3\ARM_GCC_541\Debug\dmc-psoc.a(weight_adc_theACLK.o)
 .debug_line    0x000036e8      0x2e6 .\CortexM3\ARM_GCC_541\Debug\dmc-psoc.a(uart_rpi.o)
 .debug_line    0x000039ce      0x15a .\CortexM3\ARM_GCC_541\Debug\dmc-psoc.a(isr_uart_rpi_rx.o)
 .debug_line    0x00003b28      0x1b0 .\CortexM3\ARM_GCC_541\Debug\dmc-psoc.a(uart_rpi_IntClock.o)
 .debug_line    0x00003cd8       0x96 .\CortexM3\ARM_GCC_541\Debug\dmc-psoc.a(pump_3.o)
 .debug_line    0x00003d6e       0x96 .\CortexM3\ARM_GCC_541\Debug\dmc-psoc.a(pump_1.o)
 .debug_line    0x00003e04       0x96 .\CortexM3\ARM_GCC_541\Debug\dmc-psoc.a(pump_2.o)
 .debug_line    0x00003e9a       0x66 .\CortexM3\ARM_GCC_541\Debug\dmc-psoc.a(CyBootAsmGnu.o)
 .debug_line    0x00003f00      0x22f .\CortexM3\ARM_GCC_541\Debug\dmc-psoc.a(CyFlash.o)
 .debug_line    0x0000412f      0x231 .\CortexM3\ARM_GCC_541\Debug\dmc-psoc.a(CySpc.o)
 .debug_line    0x00004360       0x62 .\CortexM3\ARM_GCC_541\Debug\dmc-psoc.a(cyutils.o)

.debug_frame    0x00000000     0x4640
 *(.debug_frame)
 .debug_frame   0x00000000      0x3cc .\CortexM3\ARM_GCC_541\Debug\dmc_controller.o
 .debug_frame   0x000003cc      0x36c .\CortexM3\ARM_GCC_541\Debug\dmc_timers.o
 .debug_frame   0x00000738       0x88 .\CortexM3\ARM_GCC_541\Debug\dmc_pump_control.o
 .debug_frame   0x000007c0       0x7c .\CortexM3\ARM_GCC_541\Debug\dmc_weight.o
 .debug_frame   0x0000083c      0x39c .\CortexM3\ARM_GCC_541\Debug\dmc_uart_rpi.o
 .debug_frame   0x00000bd8      0x2e0 .\CortexM3\ARM_GCC_541\Debug\dmc_job_queue.o
 .debug_frame   0x00000eb8      0x1bc .\CortexM3\ARM_GCC_541\Debug\cyfitter_cfg.o
 .debug_frame   0x00001074       0xd8 .\CortexM3\ARM_GCC_541\Debug\Cm3Start.o
 .debug_frame   0x0000114c      0xc0c .\CortexM3\ARM_GCC_541\Debug\dmc-psoc.a(CyLib.o)
 .debug_frame   0x00001d58      0x234 .\CortexM3\ARM_GCC_541\Debug\dmc-psoc.a(cyPm.o)
 .debug_frame   0x00001f8c      0x208 .\CortexM3\ARM_GCC_541\Debug\dmc-psoc.a(check_weight_timer.o)
 .debug_frame   0x00002194      0x230 .\CortexM3\ARM_GCC_541\Debug\dmc-psoc.a(pump_timer_1.o)
 .debug_frame   0x000023c4      0x1e8 .\CortexM3\ARM_GCC_541\Debug\dmc-psoc.a(isr_pump_timer_2.o)
 .debug_frame   0x000025ac      0x230 .\CortexM3\ARM_GCC_541\Debug\dmc-psoc.a(pump_timer_2.o)
 .debug_frame   0x000027dc      0x1e8 .\CortexM3\ARM_GCC_541\Debug\dmc-psoc.a(isr_pump_timer_1.o)
 .debug_frame   0x000029c4      0x230 .\CortexM3\ARM_GCC_541\Debug\dmc-psoc.a(pump_timer_3.o)
 .debug_frame   0x00002bf4      0x1e8 .\CortexM3\ARM_GCC_541\Debug\dmc-psoc.a(isr_pump_timer_3.o)
 .debug_frame   0x00002ddc      0x1e8 .\CortexM3\ARM_GCC_541\Debug\dmc-psoc.a(isr_check_weight_timer.o)
 .debug_frame   0x00002fc4       0x88 .\CortexM3\ARM_GCC_541\Debug\dmc-psoc.a(weight_selector.o)
 .debug_frame   0x0000304c      0x2bc .\CortexM3\ARM_GCC_541\Debug\dmc-psoc.a(weight_adc.o)
 .debug_frame   0x00003308       0x34 .\CortexM3\ARM_GCC_541\Debug\dmc-psoc.a(weight_adc_INT.o)
 .debug_frame   0x0000333c      0x200 .\CortexM3\ARM_GCC_541\Debug\dmc-psoc.a(weight_adc_theACLK.o)
 .debug_frame   0x0000353c      0x42c .\CortexM3\ARM_GCC_541\Debug\dmc-psoc.a(uart_rpi.o)
 .debug_frame   0x00003968      0x1e8 .\CortexM3\ARM_GCC_541\Debug\dmc-psoc.a(isr_uart_rpi_rx.o)
 .debug_frame   0x00003b50      0x1b4 .\CortexM3\ARM_GCC_541\Debug\dmc-psoc.a(uart_rpi_IntClock.o)
 .debug_frame   0x00003d04       0xa8 .\CortexM3\ARM_GCC_541\Debug\dmc-psoc.a(pump_3.o)
 .debug_frame   0x00003dac       0xa8 .\CortexM3\ARM_GCC_541\Debug\dmc-psoc.a(pump_1.o)
 .debug_frame   0x00003e54       0xa8 .\CortexM3\ARM_GCC_541\Debug\dmc-psoc.a(pump_2.o)
 .debug_frame   0x00003efc      0x238 .\CortexM3\ARM_GCC_541\Debug\dmc-psoc.a(CyFlash.o)
 .debug_frame   0x00004134      0x228 .\CortexM3\ARM_GCC_541\Debug\dmc-psoc.a(CySpc.o)
 .debug_frame   0x0000435c       0x38 .\CortexM3\ARM_GCC_541\Debug\dmc-psoc.a(cyutils.o)
 .debug_frame   0x00004394       0x44 c:/program files (x86)/cypress/psoc creator/4.4/psoc creator/import/gnu/arm/5.4.1/bin/../lib/gcc/arm-none-eabi/5.4.1/armv7-m\libgcc.a(_aeabi_ldivmod.o)
 .debug_frame   0x000043d8       0x38 c:/program files (x86)/cypress/psoc creator/4.4/psoc creator/import/gnu/arm/5.4.1/bin/../lib/gcc/arm-none-eabi/5.4.1/armv7-m\libgcc.a(_udivmoddi4.o)
 .debug_frame   0x00004410       0x20 c:/program files (x86)/cypress/psoc creator/4.4/psoc creator/import/gnu/arm/5.4.1/bin/../lib/gcc/arm-none-eabi/5.4.1/../../../../arm-none-eabi/lib/armv7-m\libg_nano.a(lib_a-errno.o)
 .debug_frame   0x00004430       0x28 c:/program files (x86)/cypress/psoc creator/4.4/psoc creator/import/gnu/arm/5.4.1/bin/../lib/gcc/arm-none-eabi/5.4.1/../../../../arm-none-eabi/lib/armv7-m\libg_nano.a(lib_a-exit.o)
 .debug_frame   0x00004458       0x2c c:/program files (x86)/cypress/psoc creator/4.4/psoc creator/import/gnu/arm/5.4.1/bin/../lib/gcc/arm-none-eabi/5.4.1/../../../../arm-none-eabi/lib/armv7-m\libg_nano.a(lib_a-init.o)
 .debug_frame   0x00004484       0x30 c:/program files (x86)/cypress/psoc creator/4.4/psoc creator/import/gnu/arm/5.4.1/bin/../lib/gcc/arm-none-eabi/5.4.1/../../../../arm-none-eabi/lib/armv7-m\libg_nano.a(lib_a-malloc.o)
 .debug_frame   0x000044b4       0x28 c:/program files (x86)/cypress/psoc creator/4.4/psoc creator/import/gnu/arm/5.4.1/bin/../lib/gcc/arm-none-eabi/5.4.1/../../../../arm-none-eabi/lib/armv7-m\libg_nano.a(lib_a-memcpy-stub.o)
 .debug_frame   0x000044dc       0x20 c:/program files (x86)/cypress/psoc creator/4.4/psoc creator/import/gnu/arm/5.4.1/bin/../lib/gcc/arm-none-eabi/5.4.1/../../../../arm-none-eabi/lib/armv7-m\libg_nano.a(lib_a-memset.o)
 .debug_frame   0x000044fc       0x38 c:/program files (x86)/cypress/psoc creator/4.4/psoc creator/import/gnu/arm/5.4.1/bin/../lib/gcc/arm-none-eabi/5.4.1/../../../../arm-none-eabi/lib/armv7-m\libg_nano.a(lib_a-nano-freer.o)
 .debug_frame   0x00004534       0x2c c:/program files (x86)/cypress/psoc creator/4.4/psoc creator/import/gnu/arm/5.4.1/bin/../lib/gcc/arm-none-eabi/5.4.1/../../../../arm-none-eabi/lib/armv7-m\libg_nano.a(lib_a-nano-mallocr.o)
 .debug_frame   0x00004560       0x2c c:/program files (x86)/cypress/psoc creator/4.4/psoc creator/import/gnu/arm/5.4.1/bin/../lib/gcc/arm-none-eabi/5.4.1/../../../../arm-none-eabi/lib/armv7-m\libg_nano.a(lib_a-sbrkr.o)
 .debug_frame   0x0000458c       0x28 c:/program files (x86)/cypress/psoc creator/4.4/psoc creator/import/gnu/arm/5.4.1/bin/../lib/gcc/arm-none-eabi/5.4.1/../../../../arm-none-eabi/lib/armv7-m\libg_nano.a(lib_a-strcat.o)
 .debug_frame   0x000045b4       0x30 c:/program files (x86)/cypress/psoc creator/4.4/psoc creator/import/gnu/arm/5.4.1/bin/../lib/gcc/arm-none-eabi/5.4.1/../../../../arm-none-eabi/lib/armv7-m\libg_nano.a(lib_a-mlock.o)
 .debug_frame   0x000045e4       0x5c c:/program files (x86)/cypress/psoc creator/4.4/psoc creator/import/gnu/arm/5.4.1/bin/../lib/gcc/arm-none-eabi/5.4.1/../../../../arm-none-eabi/lib/armv7-m\libg_nano.a(lib_a-reent.o)

.debug_str      0x00000000     0x370b
 *(.debug_str)
 .debug_str     0x00000000      0x894 .\CortexM3\ARM_GCC_541\Debug\dmc_controller.o
                                0x97e (size before relaxing)
 .debug_str     0x00000894      0x10a .\CortexM3\ARM_GCC_541\Debug\dmc_timers.o
                                0x7e6 (size before relaxing)
 .debug_str     0x0000099e       0x60 .\CortexM3\ARM_GCC_541\Debug\dmc_pump_control.o
                                0x221 (size before relaxing)
 .debug_str     0x000009fe       0x69 .\CortexM3\ARM_GCC_541\Debug\dmc_weight.o
                                0x2dd (size before relaxing)
 .debug_str     0x00000a67      0x12a .\CortexM3\ARM_GCC_541\Debug\dmc_uart_rpi.o
                                0x764 (size before relaxing)
 .debug_str     0x00000b91       0x5d .\CortexM3\ARM_GCC_541\Debug\dmc_job_queue.o
                                0x715 (size before relaxing)
 .debug_str     0x00000bee      0x204 .\CortexM3\ARM_GCC_541\Debug\cyfitter_cfg.o
                                0x3a4 (size before relaxing)
 .debug_str     0x00000df2       0x75 .\CortexM3\ARM_GCC_541\Debug\cymetadata.o
                                0x1e8 (size before relaxing)
 .debug_str     0x00000e67      0x11e .\CortexM3\ARM_GCC_541\Debug\Cm3Start.o
                                0x2db (size before relaxing)
 .debug_str     0x00000f85      0x7dd .\CortexM3\ARM_GCC_541\Debug\dmc-psoc.a(CyLib.o)
                                0x9ee (size before relaxing)
 .debug_str     0x00001762      0x371 .\CortexM3\ARM_GCC_541\Debug\dmc-psoc.a(cyPm.o)
                                0x547 (size before relaxing)
 .debug_str     0x00001ad3      0x1e0 .\CortexM3\ARM_GCC_541\Debug\dmc-psoc.a(check_weight_timer.o)
                                0x3c9 (size before relaxing)
 .debug_str     0x00001cb3      0x19b .\CortexM3\ARM_GCC_541\Debug\dmc-psoc.a(pump_timer_1.o)
                                0x390 (size before relaxing)
 .debug_str     0x00001e4e      0x180 .\CortexM3\ARM_GCC_541\Debug\dmc-psoc.a(isr_pump_timer_2.o)
                                0x344 (size before relaxing)
 .debug_str     0x00001fce      0x19b .\CortexM3\ARM_GCC_541\Debug\dmc-psoc.a(pump_timer_2.o)
                                0x390 (size before relaxing)
 .debug_str     0x00002169      0x180 .\CortexM3\ARM_GCC_541\Debug\dmc-psoc.a(isr_pump_timer_1.o)
                                0x344 (size before relaxing)
 .debug_str     0x000022e9      0x19b .\CortexM3\ARM_GCC_541\Debug\dmc-psoc.a(pump_timer_3.o)
                                0x390 (size before relaxing)
 .debug_str     0x00002484      0x180 .\CortexM3\ARM_GCC_541\Debug\dmc-psoc.a(isr_pump_timer_3.o)
                                0x344 (size before relaxing)
 .debug_str     0x00002604      0x1d4 .\CortexM3\ARM_GCC_541\Debug\dmc-psoc.a(isr_check_weight_timer.o)
                                0x398 (size before relaxing)
 .debug_str     0x000027d8       0x92 .\CortexM3\ARM_GCC_541\Debug\dmc-psoc.a(weight_selector.o)
                                0x20a (size before relaxing)
 .debug_str     0x0000286a      0x278 .\CortexM3\ARM_GCC_541\Debug\dmc-psoc.a(weight_adc.o)
                                0x459 (size before relaxing)
 .debug_str     0x00002ae2       0x37 .\CortexM3\ARM_GCC_541\Debug\dmc-psoc.a(weight_adc_INT.o)
                                0x1a1 (size before relaxing)
 .debug_str     0x00002b19      0x237 .\CortexM3\ARM_GCC_541\Debug\dmc-psoc.a(weight_adc_theACLK.o)
                                0x3c7 (size before relaxing)
 .debug_str     0x00002d50      0x2d3 .\CortexM3\ARM_GCC_541\Debug\dmc-psoc.a(uart_rpi.o)
                                0x499 (size before relaxing)
 .debug_str     0x00003023      0x172 .\CortexM3\ARM_GCC_541\Debug\dmc-psoc.a(isr_uart_rpi_rx.o)
                                0x336 (size before relaxing)
 .debug_str     0x00003195      0x18f .\CortexM3\ARM_GCC_541\Debug\dmc-psoc.a(uart_rpi_IntClock.o)
                                0x36a (size before relaxing)
 .debug_str     0x00003324       0x6b .\CortexM3\ARM_GCC_541\Debug\dmc-psoc.a(pump_3.o)
                                0x1eb (size before relaxing)
 .debug_str     0x0000338f       0x60 .\CortexM3\ARM_GCC_541\Debug\dmc-psoc.a(pump_1.o)
                                0x1eb (size before relaxing)
 .debug_str     0x000033ef       0x60 .\CortexM3\ARM_GCC_541\Debug\dmc-psoc.a(pump_2.o)
                                0x1eb (size before relaxing)
 .debug_str     0x0000344f      0x156 .\CortexM3\ARM_GCC_541\Debug\dmc-psoc.a(CyFlash.o)
                                0x30b (size before relaxing)
 .debug_str     0x000035a5      0x12d .\CortexM3\ARM_GCC_541\Debug\dmc-psoc.a(CySpc.o)
                                0x305 (size before relaxing)
 .debug_str     0x000036d2       0x39 .\CortexM3\ARM_GCC_541\Debug\dmc-psoc.a(cyutils.o)
                                0x1b6 (size before relaxing)

.debug_loc
 *(.debug_loc)

.debug_macinfo
 *(.debug_macinfo)

.debug_ranges   0x00000000      0xee0
 *(.debug_ranges)
 .debug_ranges  0x00000000       0xc8 .\CortexM3\ARM_GCC_541\Debug\dmc_controller.o
 .debug_ranges  0x000000c8       0xc0 .\CortexM3\ARM_GCC_541\Debug\dmc_timers.o
 .debug_ranges  0x00000188       0x20 .\CortexM3\ARM_GCC_541\Debug\dmc_pump_control.o
 .debug_ranges  0x000001a8       0x20 .\CortexM3\ARM_GCC_541\Debug\dmc_weight.o
 .debug_ranges  0x000001c8       0xc0 .\CortexM3\ARM_GCC_541\Debug\dmc_uart_rpi.o
 .debug_ranges  0x00000288       0x98 .\CortexM3\ARM_GCC_541\Debug\dmc_job_queue.o
 .debug_ranges  0x00000320       0x60 .\CortexM3\ARM_GCC_541\Debug\cyfitter_cfg.o
 .debug_ranges  0x00000380       0x38 .\CortexM3\ARM_GCC_541\Debug\Cm3Start.o
 .debug_ranges  0x000003b8      0x290 .\CortexM3\ARM_GCC_541\Debug\dmc-psoc.a(CyLib.o)
 .debug_ranges  0x00000648       0x88 .\CortexM3\ARM_GCC_541\Debug\dmc-psoc.a(cyPm.o)
 .debug_ranges  0x000006d0       0x78 .\CortexM3\ARM_GCC_541\Debug\dmc-psoc.a(check_weight_timer.o)
 .debug_ranges  0x00000748       0x80 .\CortexM3\ARM_GCC_541\Debug\dmc-psoc.a(pump_timer_1.o)
 .debug_ranges  0x000007c8       0x70 .\CortexM3\ARM_GCC_541\Debug\dmc-psoc.a(isr_pump_timer_2.o)
 .debug_ranges  0x00000838       0x80 .\CortexM3\ARM_GCC_541\Debug\dmc-psoc.a(pump_timer_2.o)
 .debug_ranges  0x000008b8       0x70 .\CortexM3\ARM_GCC_541\Debug\dmc-psoc.a(isr_pump_timer_1.o)
 .debug_ranges  0x00000928       0x80 .\CortexM3\ARM_GCC_541\Debug\dmc-psoc.a(pump_timer_3.o)
 .debug_ranges  0x000009a8       0x70 .\CortexM3\ARM_GCC_541\Debug\dmc-psoc.a(isr_pump_timer_3.o)
 .debug_ranges  0x00000a18       0x70 .\CortexM3\ARM_GCC_541\Debug\dmc-psoc.a(isr_check_weight_timer.o)
 .debug_ranges  0x00000a88       0x20 .\CortexM3\ARM_GCC_541\Debug\dmc-psoc.a(weight_selector.o)
 .debug_ranges  0x00000aa8       0x98 .\CortexM3\ARM_GCC_541\Debug\dmc-psoc.a(weight_adc.o)
 .debug_ranges  0x00000b40       0x10 .\CortexM3\ARM_GCC_541\Debug\dmc-psoc.a(weight_adc_INT.o)
 .debug_ranges  0x00000b50       0x70 .\CortexM3\ARM_GCC_541\Debug\dmc-psoc.a(weight_adc_theACLK.o)
 .debug_ranges  0x00000bc0       0xe0 .\CortexM3\ARM_GCC_541\Debug\dmc-psoc.a(uart_rpi.o)
 .debug_ranges  0x00000ca0       0x70 .\CortexM3\ARM_GCC_541\Debug\dmc-psoc.a(isr_uart_rpi_rx.o)
 .debug_ranges  0x00000d10       0x60 .\CortexM3\ARM_GCC_541\Debug\dmc-psoc.a(uart_rpi_IntClock.o)
 .debug_ranges  0x00000d70       0x28 .\CortexM3\ARM_GCC_541\Debug\dmc-psoc.a(pump_3.o)
 .debug_ranges  0x00000d98       0x28 .\CortexM3\ARM_GCC_541\Debug\dmc-psoc.a(pump_1.o)
 .debug_ranges  0x00000dc0       0x28 .\CortexM3\ARM_GCC_541\Debug\dmc-psoc.a(pump_2.o)
 .debug_ranges  0x00000de8       0x78 .\CortexM3\ARM_GCC_541\Debug\dmc-psoc.a(CyFlash.o)
 .debug_ranges  0x00000e60       0x70 .\CortexM3\ARM_GCC_541\Debug\dmc-psoc.a(CySpc.o)
 .debug_ranges  0x00000ed0       0x10 .\CortexM3\ARM_GCC_541\Debug\dmc-psoc.a(cyutils.o)

.comment        0x00000000       0x6e
 .comment       0x00000000       0x6e .\CortexM3\ARM_GCC_541\Debug\dmc_controller.o
                                 0x6f (size before relaxing)
 .comment       0x0000006e       0x6f .\CortexM3\ARM_GCC_541\Debug\dmc_timers.o
 .comment       0x0000006e       0x6f .\CortexM3\ARM_GCC_541\Debug\dmc_pump_control.o
 .comment       0x0000006e       0x6f .\CortexM3\ARM_GCC_541\Debug\dmc_weight.o
 .comment       0x0000006e       0x6f .\CortexM3\ARM_GCC_541\Debug\dmc_uart_rpi.o
 .comment       0x0000006e       0x6f .\CortexM3\ARM_GCC_541\Debug\dmc_job_queue.o
 .comment       0x0000006e       0x6f .\CortexM3\ARM_GCC_541\Debug\cyfitter_cfg.o
 .comment       0x0000006e       0x6f .\CortexM3\ARM_GCC_541\Debug\cymetadata.o
 .comment       0x0000006e       0x6f .\CortexM3\ARM_GCC_541\Debug\Cm3Start.o
 .comment       0x0000006e       0x6f .\CortexM3\ARM_GCC_541\Debug\dmc-psoc.a(CyLib.o)
 .comment       0x0000006e       0x6f .\CortexM3\ARM_GCC_541\Debug\dmc-psoc.a(cyPm.o)
 .comment       0x0000006e       0x6f .\CortexM3\ARM_GCC_541\Debug\dmc-psoc.a(check_weight_timer.o)
 .comment       0x0000006e       0x6f .\CortexM3\ARM_GCC_541\Debug\dmc-psoc.a(pump_timer_1.o)
 .comment       0x0000006e       0x6f .\CortexM3\ARM_GCC_541\Debug\dmc-psoc.a(isr_pump_timer_2.o)
 .comment       0x0000006e       0x6f .\CortexM3\ARM_GCC_541\Debug\dmc-psoc.a(pump_timer_2.o)
 .comment       0x0000006e       0x6f .\CortexM3\ARM_GCC_541\Debug\dmc-psoc.a(isr_pump_timer_1.o)
 .comment       0x0000006e       0x6f .\CortexM3\ARM_GCC_541\Debug\dmc-psoc.a(pump_timer_3.o)
 .comment       0x0000006e       0x6f .\CortexM3\ARM_GCC_541\Debug\dmc-psoc.a(isr_pump_timer_3.o)
 .comment       0x0000006e       0x6f .\CortexM3\ARM_GCC_541\Debug\dmc-psoc.a(isr_check_weight_timer.o)
 .comment       0x0000006e       0x6f .\CortexM3\ARM_GCC_541\Debug\dmc-psoc.a(weight_selector.o)
 .comment       0x0000006e       0x6f .\CortexM3\ARM_GCC_541\Debug\dmc-psoc.a(weight_adc.o)
 .comment       0x0000006e       0x6f .\CortexM3\ARM_GCC_541\Debug\dmc-psoc.a(weight_adc_INT.o)
 .comment       0x0000006e       0x6f .\CortexM3\ARM_GCC_541\Debug\dmc-psoc.a(weight_adc_theACLK.o)
 .comment       0x0000006e       0x6f .\CortexM3\ARM_GCC_541\Debug\dmc-psoc.a(uart_rpi.o)
 .comment       0x0000006e       0x6f .\CortexM3\ARM_GCC_541\Debug\dmc-psoc.a(isr_uart_rpi_rx.o)
 .comment       0x0000006e       0x6f .\CortexM3\ARM_GCC_541\Debug\dmc-psoc.a(uart_rpi_IntClock.o)
 .comment       0x0000006e       0x6f .\CortexM3\ARM_GCC_541\Debug\dmc-psoc.a(pump_3.o)
 .comment       0x0000006e       0x6f .\CortexM3\ARM_GCC_541\Debug\dmc-psoc.a(pump_1.o)
 .comment       0x0000006e       0x6f .\CortexM3\ARM_GCC_541\Debug\dmc-psoc.a(pump_2.o)
 .comment       0x0000006e       0x6f .\CortexM3\ARM_GCC_541\Debug\dmc-psoc.a(CyFlash.o)
 .comment       0x0000006e       0x6f .\CortexM3\ARM_GCC_541\Debug\dmc-psoc.a(CySpc.o)
 .comment       0x0000006e       0x6f .\CortexM3\ARM_GCC_541\Debug\dmc-psoc.a(cyutils.o)

.debug_weaknames
 *(.debug_weaknames)

.debug_funcnames
 *(.debug_funcnames)

.debug_typenames
 *(.debug_typenames)

.debug_varnames
 *(.debug_varnames)

.note.gnu.arm.ident
 *(.note.gnu.arm.ident)

.ARM.attributes
                0x00000000       0x29
 *(.ARM.attributes)
 .ARM.attributes
                0x00000000       0x1d c:/program files (x86)/cypress/psoc creator/4.4/psoc creator/import/gnu/arm/5.4.1/bin/../lib/gcc/arm-none-eabi/5.4.1/armv7-m/crti.o
 .ARM.attributes
                0x0000001d       0x2d c:/program files (x86)/cypress/psoc creator/4.4/psoc creator/import/gnu/arm/5.4.1/bin/../lib/gcc/arm-none-eabi/5.4.1/armv7-m/crtbegin.o
 .ARM.attributes
                0x0000004a       0x1b c:/program files (x86)/cypress/psoc creator/4.4/psoc creator/import/gnu/arm/5.4.1/bin/../lib/gcc/arm-none-eabi/5.4.1/../../../../arm-none-eabi/lib/armv7-m/crt0.o
 .ARM.attributes
                0x00000065       0x33 .\CortexM3\ARM_GCC_541\Debug\dmc_controller.o
 .ARM.attributes
                0x00000098       0x33 .\CortexM3\ARM_GCC_541\Debug\dmc_timers.o
 .ARM.attributes
                0x000000cb       0x33 .\CortexM3\ARM_GCC_541\Debug\dmc_pump_control.o
 .ARM.attributes
                0x000000fe       0x33 .\CortexM3\ARM_GCC_541\Debug\dmc_weight.o
 .ARM.attributes
                0x00000131       0x33 .\CortexM3\ARM_GCC_541\Debug\dmc_uart_rpi.o
 .ARM.attributes
                0x00000164       0x33 .\CortexM3\ARM_GCC_541\Debug\dmc_job_queue.o
 .ARM.attributes
                0x00000197       0x33 .\CortexM3\ARM_GCC_541\Debug\cyfitter_cfg.o
 .ARM.attributes
                0x000001ca       0x33 .\CortexM3\ARM_GCC_541\Debug\cymetadata.o
 .ARM.attributes
                0x000001fd       0x33 .\CortexM3\ARM_GCC_541\Debug\Cm3Start.o
 .ARM.attributes
                0x00000230       0x33 .\CortexM3\ARM_GCC_541\Debug\dmc-psoc.a(CyLib.o)
 .ARM.attributes
                0x00000263       0x33 .\CortexM3\ARM_GCC_541\Debug\dmc-psoc.a(cyPm.o)
 .ARM.attributes
                0x00000296       0x33 .\CortexM3\ARM_GCC_541\Debug\dmc-psoc.a(check_weight_timer.o)
 .ARM.attributes
                0x000002c9       0x33 .\CortexM3\ARM_GCC_541\Debug\dmc-psoc.a(pump_timer_1.o)
 .ARM.attributes
                0x000002fc       0x33 .\CortexM3\ARM_GCC_541\Debug\dmc-psoc.a(isr_pump_timer_2.o)
 .ARM.attributes
                0x0000032f       0x33 .\CortexM3\ARM_GCC_541\Debug\dmc-psoc.a(pump_timer_2.o)
 .ARM.attributes
                0x00000362       0x33 .\CortexM3\ARM_GCC_541\Debug\dmc-psoc.a(isr_pump_timer_1.o)
 .ARM.attributes
                0x00000395       0x33 .\CortexM3\ARM_GCC_541\Debug\dmc-psoc.a(pump_timer_3.o)
 .ARM.attributes
                0x000003c8       0x33 .\CortexM3\ARM_GCC_541\Debug\dmc-psoc.a(isr_pump_timer_3.o)
 .ARM.attributes
                0x000003fb       0x33 .\CortexM3\ARM_GCC_541\Debug\dmc-psoc.a(isr_check_weight_timer.o)
 .ARM.attributes
                0x0000042e       0x33 .\CortexM3\ARM_GCC_541\Debug\dmc-psoc.a(weight_selector.o)
 .ARM.attributes
                0x00000461       0x33 .\CortexM3\ARM_GCC_541\Debug\dmc-psoc.a(weight_adc.o)
 .ARM.attributes
                0x00000494       0x33 .\CortexM3\ARM_GCC_541\Debug\dmc-psoc.a(weight_adc_INT.o)
 .ARM.attributes
                0x000004c7       0x33 .\CortexM3\ARM_GCC_541\Debug\dmc-psoc.a(weight_adc_theACLK.o)
 .ARM.attributes
                0x000004fa       0x33 .\CortexM3\ARM_GCC_541\Debug\dmc-psoc.a(uart_rpi.o)
 .ARM.attributes
                0x0000052d       0x33 .\CortexM3\ARM_GCC_541\Debug\dmc-psoc.a(isr_uart_rpi_rx.o)
 .ARM.attributes
                0x00000560       0x33 .\CortexM3\ARM_GCC_541\Debug\dmc-psoc.a(uart_rpi_IntClock.o)
 .ARM.attributes
                0x00000593       0x33 .\CortexM3\ARM_GCC_541\Debug\dmc-psoc.a(pump_3.o)
 .ARM.attributes
                0x000005c6       0x33 .\CortexM3\ARM_GCC_541\Debug\dmc-psoc.a(pump_1.o)
 .ARM.attributes
                0x000005f9       0x33 .\CortexM3\ARM_GCC_541\Debug\dmc-psoc.a(pump_2.o)
 .ARM.attributes
                0x0000062c       0x21 .\CortexM3\ARM_GCC_541\Debug\dmc-psoc.a(CyBootAsmGnu.o)
 .ARM.attributes
                0x0000064d       0x33 .\CortexM3\ARM_GCC_541\Debug\dmc-psoc.a(CyFlash.o)
 .ARM.attributes
                0x00000680       0x33 .\CortexM3\ARM_GCC_541\Debug\dmc-psoc.a(CySpc.o)
 .ARM.attributes
                0x000006b3       0x33 .\CortexM3\ARM_GCC_541\Debug\dmc-psoc.a(cyutils.o)
 .ARM.attributes
                0x000006e6       0x1d c:/program files (x86)/cypress/psoc creator/4.4/psoc creator/import/gnu/arm/5.4.1/bin/../lib/gcc/arm-none-eabi/5.4.1/armv7-m\libgcc.a(_arm_addsubdf3.o)
 .ARM.attributes
                0x00000703       0x1d c:/program files (x86)/cypress/psoc creator/4.4/psoc creator/import/gnu/arm/5.4.1/bin/../lib/gcc/arm-none-eabi/5.4.1/armv7-m\libgcc.a(_arm_muldivdf3.o)
 .ARM.attributes
                0x00000720       0x1d c:/program files (x86)/cypress/psoc creator/4.4/psoc creator/import/gnu/arm/5.4.1/bin/../lib/gcc/arm-none-eabi/5.4.1/armv7-m\libgcc.a(_arm_cmpdf2.o)
 .ARM.attributes
                0x0000073d       0x1d c:/program files (x86)/cypress/psoc creator/4.4/psoc creator/import/gnu/arm/5.4.1/bin/../lib/gcc/arm-none-eabi/5.4.1/armv7-m\libgcc.a(_arm_fixunsdfsi.o)
 .ARM.attributes
                0x0000075a       0x1d c:/program files (x86)/cypress/psoc creator/4.4/psoc creator/import/gnu/arm/5.4.1/bin/../lib/gcc/arm-none-eabi/5.4.1/armv7-m\libgcc.a(_arm_addsubsf3.o)
 .ARM.attributes
                0x00000777       0x1d c:/program files (x86)/cypress/psoc creator/4.4/psoc creator/import/gnu/arm/5.4.1/bin/../lib/gcc/arm-none-eabi/5.4.1/armv7-m\libgcc.a(_arm_muldivsf3.o)
 .ARM.attributes
                0x00000794       0x1d c:/program files (x86)/cypress/psoc creator/4.4/psoc creator/import/gnu/arm/5.4.1/bin/../lib/gcc/arm-none-eabi/5.4.1/armv7-m\libgcc.a(_aeabi_ldivmod.o)
 .ARM.attributes
                0x000007b1       0x2d c:/program files (x86)/cypress/psoc creator/4.4/psoc creator/import/gnu/arm/5.4.1/bin/../lib/gcc/arm-none-eabi/5.4.1/armv7-m\libgcc.a(_udivmoddi4.o)
 .ARM.attributes
                0x000007de       0x1d c:/program files (x86)/cypress/psoc creator/4.4/psoc creator/import/gnu/arm/5.4.1/bin/../lib/gcc/arm-none-eabi/5.4.1/armv7-m\libgcc.a(_dvmd_tls.o)
 .ARM.attributes
                0x000007fb       0x2d c:/program files (x86)/cypress/psoc creator/4.4/psoc creator/import/gnu/arm/5.4.1/bin/../lib/gcc/arm-none-eabi/5.4.1/../../../../arm-none-eabi/lib/armv7-m\libg_nano.a(lib_a-errno.o)
 .ARM.attributes
                0x00000828       0x2d c:/program files (x86)/cypress/psoc creator/4.4/psoc creator/import/gnu/arm/5.4.1/bin/../lib/gcc/arm-none-eabi/5.4.1/../../../../arm-none-eabi/lib/armv7-m\libg_nano.a(lib_a-exit.o)
 .ARM.attributes
                0x00000855       0x2d c:/program files (x86)/cypress/psoc creator/4.4/psoc creator/import/gnu/arm/5.4.1/bin/../lib/gcc/arm-none-eabi/5.4.1/../../../../arm-none-eabi/lib/armv7-m\libg_nano.a(lib_a-impure.o)
 .ARM.attributes
                0x00000882       0x2d c:/program files (x86)/cypress/psoc creator/4.4/psoc creator/import/gnu/arm/5.4.1/bin/../lib/gcc/arm-none-eabi/5.4.1/../../../../arm-none-eabi/lib/armv7-m\libg_nano.a(lib_a-init.o)
 .ARM.attributes
                0x000008af       0x2d c:/program files (x86)/cypress/psoc creator/4.4/psoc creator/import/gnu/arm/5.4.1/bin/../lib/gcc/arm-none-eabi/5.4.1/../../../../arm-none-eabi/lib/armv7-m\libg_nano.a(lib_a-malloc.o)
 .ARM.attributes
                0x000008dc       0x2d c:/program files (x86)/cypress/psoc creator/4.4/psoc creator/import/gnu/arm/5.4.1/bin/../lib/gcc/arm-none-eabi/5.4.1/../../../../arm-none-eabi/lib/armv7-m\libg_nano.a(lib_a-memcpy-stub.o)
 .ARM.attributes
                0x00000909       0x2d c:/program files (x86)/cypress/psoc creator/4.4/psoc creator/import/gnu/arm/5.4.1/bin/../lib/gcc/arm-none-eabi/5.4.1/../../../../arm-none-eabi/lib/armv7-m\libg_nano.a(lib_a-memset.o)
 .ARM.attributes
                0x00000936       0x2d c:/program files (x86)/cypress/psoc creator/4.4/psoc creator/import/gnu/arm/5.4.1/bin/../lib/gcc/arm-none-eabi/5.4.1/../../../../arm-none-eabi/lib/armv7-m\libg_nano.a(lib_a-nano-freer.o)
 .ARM.attributes
                0x00000963       0x2d c:/program files (x86)/cypress/psoc creator/4.4/psoc creator/import/gnu/arm/5.4.1/bin/../lib/gcc/arm-none-eabi/5.4.1/../../../../arm-none-eabi/lib/armv7-m\libg_nano.a(lib_a-nano-mallocr.o)
 .ARM.attributes
                0x00000990       0x2d c:/program files (x86)/cypress/psoc creator/4.4/psoc creator/import/gnu/arm/5.4.1/bin/../lib/gcc/arm-none-eabi/5.4.1/../../../../arm-none-eabi/lib/armv7-m\libg_nano.a(lib_a-sbrkr.o)
 .ARM.attributes
                0x000009bd       0x2d c:/program files (x86)/cypress/psoc creator/4.4/psoc creator/import/gnu/arm/5.4.1/bin/../lib/gcc/arm-none-eabi/5.4.1/../../../../arm-none-eabi/lib/armv7-m\libg_nano.a(lib_a-strcat.o)
 .ARM.attributes
                0x000009ea       0x2d c:/program files (x86)/cypress/psoc creator/4.4/psoc creator/import/gnu/arm/5.4.1/bin/../lib/gcc/arm-none-eabi/5.4.1/../../../../arm-none-eabi/lib/armv7-m\libg_nano.a(lib_a-mlock.o)
 .ARM.attributes
                0x00000a17       0x2d c:/program files (x86)/cypress/psoc creator/4.4/psoc creator/import/gnu/arm/5.4.1/bin/../lib/gcc/arm-none-eabi/5.4.1/../../../../arm-none-eabi/lib/armv7-m\libg_nano.a(lib_a-reent.o)
 .ARM.attributes
                0x00000a44       0x2d c:/program files (x86)/cypress/psoc creator/4.4/psoc creator/import/gnu/arm/5.4.1/bin/../lib/gcc/arm-none-eabi/5.4.1/armv7-m/crtend.o
 .ARM.attributes
                0x00000a71       0x1d c:/program files (x86)/cypress/psoc creator/4.4/psoc creator/import/gnu/arm/5.4.1/bin/../lib/gcc/arm-none-eabi/5.4.1/armv7-m/crtn.o

/DISCARD/
 *(.note.GNU-stack)
OUTPUT(C:\kode til PRJ3\semesterproject3\source\psoc\dmc-psoc\dmc-psoc.cydsn\CortexM3\ARM_GCC_541\Debug\dmc-psoc.elf elf32-littlearm)
