Archive member included to satisfy reference by file (symbol)

.\CortexM3\ARM_GCC_541\Debug\dmc-psoc.a(UART_1.o)
                              .\CortexM3\ARM_GCC_541\Debug\packet_uart.o (UART_1_Start)
.\CortexM3\ARM_GCC_541\Debug\dmc-psoc.a(isr_uart_rx.o)
                              .\CortexM3\ARM_GCC_541\Debug\packet_uart.o (isr_uart_rx_StartEx)
.\CortexM3\ARM_GCC_541\Debug\dmc-psoc.a(UART_1_IntClock.o)
                              .\CortexM3\ARM_GCC_541\Debug\dmc-psoc.a(UART_1.o) (UART_1_IntClock_Start)
.\CortexM3\ARM_GCC_541\Debug\dmc-psoc.a(CyLib.o)
                              .\CortexM3\ARM_GCC_541\Debug\Cm3Start.o (CyHalt)
.\CortexM3\ARM_GCC_541\Debug\dmc-psoc.a(cyPm.o)
                              .\CortexM3\ARM_GCC_541\Debug\dmc-psoc.a(CyLib.o) (CyPmReadStatus)
.\CortexM3\ARM_GCC_541\Debug\dmc-psoc.a(pump_timer_1.o)
                              .\CortexM3\ARM_GCC_541\Debug\timers.o (pump_timer_1_Stop)
.\CortexM3\ARM_GCC_541\Debug\dmc-psoc.a(isr_pump_timer_2.o)
                              .\CortexM3\ARM_GCC_541\Debug\timers.o (isr_pump_timer_2_StartEx)
.\CortexM3\ARM_GCC_541\Debug\dmc-psoc.a(pump_timer_2.o)
                              .\CortexM3\ARM_GCC_541\Debug\timers.o (pump_timer_2_Stop)
.\CortexM3\ARM_GCC_541\Debug\dmc-psoc.a(isr_pump_timer_1.o)
                              .\CortexM3\ARM_GCC_541\Debug\timers.o (isr_pump_timer_1_StartEx)
.\CortexM3\ARM_GCC_541\Debug\dmc-psoc.a(pump_timer_3.o)
                              .\CortexM3\ARM_GCC_541\Debug\timers.o (pump_timer_3_Stop)
.\CortexM3\ARM_GCC_541\Debug\dmc-psoc.a(isr_pump_timer_3.o)
                              .\CortexM3\ARM_GCC_541\Debug\timers.o (isr_pump_timer_3_StartEx)
.\CortexM3\ARM_GCC_541\Debug\dmc-psoc.a(isr_check_weight_timer.o)
                              .\CortexM3\ARM_GCC_541\Debug\timers.o (isr_check_weight_timer_StartEx)
.\CortexM3\ARM_GCC_541\Debug\dmc-psoc.a(ADC_SAR_1.o)
                              .\CortexM3\ARM_GCC_541\Debug\weight.o (ADC_SAR_1_IsEndConversion)
.\CortexM3\ARM_GCC_541\Debug\dmc-psoc.a(ADC_SAR_1_INT.o)
                              .\CortexM3\ARM_GCC_541\Debug\dmc-psoc.a(ADC_SAR_1.o) (ADC_SAR_1_ISR)
.\CortexM3\ARM_GCC_541\Debug\dmc-psoc.a(ADC_SAR_1_theACLK.o)
                              .\CortexM3\ARM_GCC_541\Debug\dmc-psoc.a(ADC_SAR_1.o) (ADC_SAR_1_theACLK_SetModeRegister)
.\CortexM3\ARM_GCC_541\Debug\dmc-psoc.a(CyBootAsmGnu.o)
                              .\CortexM3\ARM_GCC_541\Debug\cyfitter_cfg.o (CyDelayCycles)
.\CortexM3\ARM_GCC_541\Debug\dmc-psoc.a(CyFlash.o)
                              .\CortexM3\ARM_GCC_541\Debug\dmc-psoc.a(cyPm.o) (CyFlash_SetWaitCycles)
.\CortexM3\ARM_GCC_541\Debug\dmc-psoc.a(CySpc.o)
                              .\CortexM3\ARM_GCC_541\Debug\dmc-psoc.a(CyFlash.o) (CySpcStart)
c:/program files (x86)/cypress/psoc creator/4.4/psoc creator/import/gnu/arm/5.4.1/bin/../lib/gcc/arm-none-eabi/5.4.1/armv7-m\libgcc.a(_arm_addsubdf3.o)
                              .\CortexM3\ARM_GCC_541\Debug\main.o (__aeabi_dadd)
c:/program files (x86)/cypress/psoc creator/4.4/psoc creator/import/gnu/arm/5.4.1/bin/../lib/gcc/arm-none-eabi/5.4.1/armv7-m\libgcc.a(_arm_muldivdf3.o)
                              .\CortexM3\ARM_GCC_541\Debug\main.o (__aeabi_dmul)
c:/program files (x86)/cypress/psoc creator/4.4/psoc creator/import/gnu/arm/5.4.1/bin/../lib/gcc/arm-none-eabi/5.4.1/armv7-m\libgcc.a(_arm_cmpdf2.o)
                              .\CortexM3\ARM_GCC_541\Debug\main.o (__aeabi_dcmplt)
c:/program files (x86)/cypress/psoc creator/4.4/psoc creator/import/gnu/arm/5.4.1/bin/../lib/gcc/arm-none-eabi/5.4.1/armv7-m\libgcc.a(_arm_addsubsf3.o)
                              .\CortexM3\ARM_GCC_541\Debug\dmc-psoc.a(ADC_SAR_1.o) (__aeabi_i2f)
c:/program files (x86)/cypress/psoc creator/4.4/psoc creator/import/gnu/arm/5.4.1/bin/../lib/gcc/arm-none-eabi/5.4.1/armv7-m\libgcc.a(_arm_muldivsf3.o)
                              .\CortexM3\ARM_GCC_541\Debug\dmc-psoc.a(ADC_SAR_1.o) (__aeabi_fmul)
c:/program files (x86)/cypress/psoc creator/4.4/psoc creator/import/gnu/arm/5.4.1/bin/../lib/gcc/arm-none-eabi/5.4.1/armv7-m\libgcc.a(_aeabi_ldivmod.o)
                              .\CortexM3\ARM_GCC_541\Debug\dmc-psoc.a(ADC_SAR_1.o) (__aeabi_ldivmod)
c:/program files (x86)/cypress/psoc creator/4.4/psoc creator/import/gnu/arm/5.4.1/bin/../lib/gcc/arm-none-eabi/5.4.1/armv7-m\libgcc.a(_udivmoddi4.o)
                              c:/program files (x86)/cypress/psoc creator/4.4/psoc creator/import/gnu/arm/5.4.1/bin/../lib/gcc/arm-none-eabi/5.4.1/armv7-m\libgcc.a(_aeabi_ldivmod.o) (__udivmoddi4)
c:/program files (x86)/cypress/psoc creator/4.4/psoc creator/import/gnu/arm/5.4.1/bin/../lib/gcc/arm-none-eabi/5.4.1/armv7-m\libgcc.a(_dvmd_tls.o)
                              c:/program files (x86)/cypress/psoc creator/4.4/psoc creator/import/gnu/arm/5.4.1/bin/../lib/gcc/arm-none-eabi/5.4.1/armv7-m\libgcc.a(_aeabi_ldivmod.o) (__aeabi_ldiv0)
[...]
Memory Configuration

Name             Origin             Length             Attributes
rom              0x00000000         0x00040000         xr
ram              0x1fff8000         0x00010000         xrw
*default*        0x00000000         0xffffffff

Linker script and memory map

LOAD c:/program files (x86)/cypress/psoc creator/4.4/psoc creator/import/gnu/arm/5.4.1/bin/../lib/gcc/arm-none-eabi/5.4.1/armv7-m/crti.o
LOAD c:/program files (x86)/cypress/psoc creator/4.4/psoc creator/import/gnu/arm/5.4.1/bin/../lib/gcc/arm-none-eabi/5.4.1/armv7-m/crtbegin.o
LOAD c:/program files (x86)/cypress/psoc creator/4.4/psoc creator/import/gnu/arm/5.4.1/bin/../lib/gcc/arm-none-eabi/5.4.1/../../../../arm-none-eabi/lib/armv7-m/crt0.o
START GROUP
LOAD .\CortexM3\ARM_GCC_541\Debug\main.o
LOAD .\CortexM3\ARM_GCC_541\Debug\timers.o
LOAD .\CortexM3\ARM_GCC_541\Debug\job_queue.o
LOAD .\CortexM3\ARM_GCC_541\Debug\pump_control.o
LOAD .\CortexM3\ARM_GCC_541\Debug\packet_uart.o
LOAD .\CortexM3\ARM_GCC_541\Debug\pc_uart.o
LOAD .\CortexM3\ARM_GCC_541\Debug\weight.o
LOAD .\CortexM3\ARM_GCC_541\Debug\cyfitter_cfg.o
LOAD .\CortexM3\ARM_GCC_541\Debug\cymetadata.o
LOAD .\CortexM3\ARM_GCC_541\Debug\Cm3Start.o
LOAD .\CortexM3\ARM_GCC_541\Debug\dmc-psoc.a
LOAD C:\Program Files (x86)\Cypress\PSoC Creator\4.4\PSoC Creator\psoc\content\cycomponentlibrary\CyComponentLibrary.cylib\CortexM3\ARM_GCC_541\Debug\CyComponentLibrary.a
END GROUP
START GROUP
LOAD c:/program files (x86)/cypress/psoc creator/4.4/psoc creator/import/gnu/arm/5.4.1/bin/../lib/gcc/arm-none-eabi/5.4.1/armv7-m\libgcc.a
LOAD c:/program files (x86)/cypress/psoc creator/4.4/psoc creator/import/gnu/arm/5.4.1/bin/../lib/gcc/arm-none-eabi/5.4.1/../../../../arm-none-eabi/lib/armv7-m\libg_nano.a
LOAD c:/program files (x86)/cypress/psoc creator/4.4/psoc creator/import/gnu/arm/5.4.1/bin/../lib/gcc/arm-none-eabi/5.4.1/../../../../arm-none-eabi/lib/armv7-m\libc_nano.a
END GROUP
START GROUP
LOAD c:/program files (x86)/cypress/psoc creator/4.4/psoc creator/import/gnu/arm/5.4.1/bin/../lib/gcc/arm-none-eabi/5.4.1/armv7-m\libgcc.a
LOAD c:/program files (x86)/cypress/psoc creator/4.4/psoc creator/import/gnu/arm/5.4.1/bin/../lib/gcc/arm-none-eabi/5.4.1/../../../../arm-none-eabi/lib/armv7-m\libc_nano.a
END GROUP
LOAD c:/program files (x86)/cypress/psoc creator/4.4/psoc creator/import/gnu/arm/5.4.1/bin/../lib/gcc/arm-none-eabi/5.4.1/armv7-m/crtend.o
LOAD c:/program files (x86)/cypress/psoc creator/4.4/psoc creator/import/gnu/arm/5.4.1/bin/../lib/gcc/arm-none-eabi/5.4.1/armv7-m/crtn.o
START GROUP
LOAD c:/program files (x86)/cypress/psoc creator/4.4/psoc creator/import/gnu/arm/5.4.1/bin/../lib/gcc/arm-none-eabi/5.4.1/armv7-m\libgcc.a
LOAD c:/program files (x86)/cypress/psoc creator/4.4/psoc creator/import/gnu/arm/5.4.1/bin/../lib/gcc/arm-none-eabi/5.4.1/../../../../arm-none-eabi/lib/armv7-m\libc.a
LOAD c:/program files (x86)/cypress/psoc creator/4.4/psoc creator/import/gnu/arm/5.4.1/bin/../lib/gcc/arm-none-eabi/5.4.1/../../../../arm-none-eabi/lib/armv7-m\libnosys.a
END GROUP
                0x00000000                CY_APPL_ORIGIN = 0x0
                0x00000100                CY_FLASH_ROW_SIZE = 0x100
                0x00000020                CY_ECC_ROW_SIZE = 0x20
                0x00000000                CY_EE_IN_BTLDR = 0x0
                0x00000000                CY_APPL_LOADABLE = 0x0
                0x00000800                CY_EE_SIZE = 0x800
                0x00000001                CY_APPL_NUM = 0x1
                0x00000001                CY_APPL_MAX = 0x1
                0x00000040                CY_METADATA_SIZE = 0x40
                0x00000000                CY_APPL_LOADABLE = 0x0
                0x00000000                CY_CHECKSUM_EXCLUDE_SIZE = ALIGN (0x0, CY_FLASH_ROW_SIZE)
                [!provide]                PROVIDE (__cy_heap_start, _end)
                0x00000001                PROVIDE (__cy_region_num, ((__cy_regions_end - __cy_regions) / 0x10))
                0x20008000                PROVIDE (__cy_stack, (ORIGIN (ram) + LENGTH (ram)))
                [!provide]                PROVIDE (__cy_heap_end, (__cy_stack - 0x800))

.cybootloader   0x00000000        0x0
 *(.cybootloader)
                0x00000000                appl1_start = CY_APPL_ORIGIN?CY_APPL_ORIGIN:ALIGN (CY_FLASH_ROW_SIZE)
                0x0001ff00                appl2_start = (appl1_start + ALIGN ((((LENGTH (rom) - appl1_start) - (0x2 * CY_FLASH_ROW_SIZE)) / 0x2), CY_FLASH_ROW_SIZE))
                0x00000000                appl_start = (CY_APPL_NUM == 0x1)?appl1_start:appl2_start
                0x00000000                ecc_offset = ((appl_start / CY_FLASH_ROW_SIZE) * CY_ECC_ROW_SIZE)
                0x00000000                ee_offset = (CY_APPL_LOADABLE && ! (CY_EE_IN_BTLDR))?((CY_EE_SIZE / CY_APPL_MAX) * (CY_APPL_NUM - 0x1)):0x0
                0x00000800                ee_size = (CY_APPL_LOADABLE && ! (CY_EE_IN_BTLDR))?(CY_EE_SIZE / CY_APPL_MAX):CY_EE_SIZE
                [!provide]                PROVIDE (CY_ECC_OFFSET, ecc_offset)

.text           0x00000000      0xee8
 CREATE_OBJECT_SYMBOLS
                0x00000000                PROVIDE (__cy_interrupt_vector, RomVectors)
 *(.romvectors)
 .romvectors    0x00000000       0x10 .\CortexM3\ARM_GCC_541\Debug\Cm3Start.o
                0x00000000                RomVectors
                0x00000001                ASSERT ((. != __cy_interrupt_vector), No interrupt vector)
                0x00000001                ASSERT (CY_APPL_ORIGIN?(SIZEOF (.cybootloader) <= CY_APPL_ORIGIN):0x1, Wrong image location)
                0x00000010                PROVIDE (__cy_reset, Reset)
 *(.text.Reset)
 .text.Reset    0x00000010       0x18 .\CortexM3\ARM_GCC_541\Debug\Cm3Start.o
                0x00000010                Reset
                0x00000001                ASSERT ((. != __cy_reset), No reset code)
 *(.dma_init)
                0x00000001                ASSERT ((((appl_start + .) <= 0x10000) || 0x1), DMA Init must be within the first 64k of flash)
 *(.text .text.* .gnu.linkonce.t.*)
 .text          0x00000028       0x5c c:/program files (x86)/cypress/psoc creator/4.4/psoc creator/import/gnu/arm/5.4.1/bin/../lib/gcc/arm-none-eabi/5.4.1/armv7-m/crtbegin.o
 .text.dmc_packet_unmarshal_fluid_pour_requested
                0x00000084       0x1c .\CortexM3\ARM_GCC_541\Debug\main.o
 .text.dmc_packet_free
                0x000000a0       0x14 .\CortexM3\ARM_GCC_541\Debug\main.o
 .text.do_periodic_weight_check
                0x000000b4       0x30 .\CortexM3\ARM_GCC_541\Debug\main.o
                0x000000b4                do_periodic_weight_check
 .text.handle_packet
                0x000000e4       0x2c .\CortexM3\ARM_GCC_541\Debug\main.o
                0x000000e4                handle_packet
 .text.handle_timer
                0x00000110       0x18 .\CortexM3\ARM_GCC_541\Debug\main.o
                0x00000110                handle_timer
 .text.main     0x00000128       0x30 .\CortexM3\ARM_GCC_541\Debug\main.o
                0x00000128                main
 .text.ISR_check_weight_timer_handler
                0x00000158        0x4 .\CortexM3\ARM_GCC_541\Debug\timers.o
                0x00000158                ISR_check_weight_timer_handler
 .text.ISR_pump_timer_1_handler
                0x0000015c        0x8 .\CortexM3\ARM_GCC_541\Debug\timers.o
                0x0000015c                ISR_pump_timer_1_handler
 .text.ISR_pump_timer_2_handler
                0x00000164        0x8 .\CortexM3\ARM_GCC_541\Debug\timers.o
                0x00000164                ISR_pump_timer_2_handler
 .text.ISR_pump_timer_3_handler
                0x0000016c        0x8 .\CortexM3\ARM_GCC_541\Debug\timers.o
                0x0000016c                ISR_pump_timer_3_handler
 .text.init_timers
                0x00000174       0x30 .\CortexM3\ARM_GCC_541\Debug\timers.o
                0x00000174                init_timers
 .text.set_period
                0x000001a4       0x34 .\CortexM3\ARM_GCC_541\Debug\timers.o
                0x000001a4                set_period
 .text.init_queue
                0x000001d8       0x10 .\CortexM3\ARM_GCC_541\Debug\job_queue.o
                0x000001d8                init_queue
 .text.job_enqueue
                0x000001e8       0x30 .\CortexM3\ARM_GCC_541\Debug\job_queue.o
                0x000001e8                job_enqueue
 .text.job_enqueue_packet
                0x00000218        0xc .\CortexM3\ARM_GCC_541\Debug\job_queue.o
                0x00000218                job_enqueue_packet
 .text.job_dequeue
                0x00000224       0x1c .\CortexM3\ARM_GCC_541\Debug\job_queue.o
                0x00000224                job_dequeue
 .text.pump_fluid
                0x00000240       0x30 .\CortexM3\ARM_GCC_541\Debug\pump_control.o
                0x00000240                pump_fluid
 .text.dmc_packet_complete
                0x00000270       0x14 .\CortexM3\ARM_GCC_541\Debug\packet_uart.o
 .text.dmc_packet_append_byte
                0x00000284       0x24 .\CortexM3\ARM_GCC_541\Debug\packet_uart.o
 .text.dmc_packet_init
                0x000002a8       0x28 .\CortexM3\ARM_GCC_541\Debug\packet_uart.o
 .text.init_uart
                0x000002d0       0x1c .\CortexM3\ARM_GCC_541\Debug\packet_uart.o
                0x000002d0                init_uart
 .text.handleByteReceived
                0x000002ec       0x50 .\CortexM3\ARM_GCC_541\Debug\packet_uart.o
                0x000002ec                handleByteReceived
 .text.ISR_UART_rx_handler
                0x0000033c       0x24 .\CortexM3\ARM_GCC_541\Debug\packet_uart.o
                0x0000033c                ISR_UART_rx_handler
 .text.select_weight
                0x00000360        0xc .\CortexM3\ARM_GCC_541\Debug\weight.o
                0x00000360                select_weight
 .text.CyClockStartupError
                0x0000036c        0x4 .\CortexM3\ARM_GCC_541\Debug\cyfitter_cfg.o
 .text.cfg_write_bytes32
                0x00000370       0x34 .\CortexM3\ARM_GCC_541\Debug\cyfitter_cfg.o
 .text.AnalogSetDefault
                0x000003a4       0x44 .\CortexM3\ARM_GCC_541\Debug\cyfitter_cfg.o
 .text.CYMEMZERO
                0x000003e8        0xc .\CortexM3\ARM_GCC_541\Debug\cyfitter_cfg.o
 .text.CYCONFIGCPY
                0x000003f4        0x8 .\CortexM3\ARM_GCC_541\Debug\cyfitter_cfg.o
 .text.ClockSetup
                0x000003fc      0x118 .\CortexM3\ARM_GCC_541\Debug\cyfitter_cfg.o
 .text.cyfitter_cfg
                0x00000514      0x134 .\CortexM3\ARM_GCC_541\Debug\cyfitter_cfg.o
                0x00000514                cyfitter_cfg
 .text.IntDefaultHandler
                0x00000648       0x10 .\CortexM3\ARM_GCC_541\Debug\Cm3Start.o
                0x00000648                IntDefaultHandler
 .text._sbrk    0x00000658       0x30 .\CortexM3\ARM_GCC_541\Debug\Cm3Start.o
                0x00000658                _sbrk
 .text.Start_c  0x00000688       0x4c .\CortexM3\ARM_GCC_541\Debug\Cm3Start.o
                0x00000688                Start_c
 .text.initialize_psoc
                0x000006d4       0x68 .\CortexM3\ARM_GCC_541\Debug\Cm3Start.o
                0x000006d4                initialize_psoc
 .text.UART_1_Init
                0x0000073c       0x24 .\CortexM3\ARM_GCC_541\Debug\dmc-psoc.a(UART_1.o)
                0x0000073c                UART_1_Init
 .text.UART_1_Enable
                0x00000760       0x38 .\CortexM3\ARM_GCC_541\Debug\dmc-psoc.a(UART_1.o)
                0x00000760                UART_1_Enable
 .text.UART_1_Start
                0x00000798       0x1c .\CortexM3\ARM_GCC_541\Debug\dmc-psoc.a(UART_1.o)
                0x00000798                UART_1_Start
 .text.UART_1_ReadRxData
                0x000007b4        0xc .\CortexM3\ARM_GCC_541\Debug\dmc-psoc.a(UART_1.o)
                0x000007b4                UART_1_ReadRxData
 .text.UART_1_GetRxBufferSize
                0x000007c0       0x18 .\CortexM3\ARM_GCC_541\Debug\dmc-psoc.a(UART_1.o)
                0x000007c0                UART_1_GetRxBufferSize
 .text.UART_1_WriteTxData
                0x000007d8       0x14 .\CortexM3\ARM_GCC_541\Debug\dmc-psoc.a(UART_1.o)
                0x000007d8                UART_1_WriteTxData
 .text.isr_uart_rx_SetVector
                0x000007ec        0xc .\CortexM3\ARM_GCC_541\Debug\dmc-psoc.a(isr_uart_rx.o)
                0x000007ec                isr_uart_rx_SetVector
 .text.isr_uart_rx_SetPriority
                0x000007f8       0x10 .\CortexM3\ARM_GCC_541\Debug\dmc-psoc.a(isr_uart_rx.o)
                0x000007f8                isr_uart_rx_SetPriority
 .text.isr_uart_rx_Enable
                0x00000808        0xc .\CortexM3\ARM_GCC_541\Debug\dmc-psoc.a(isr_uart_rx.o)
                0x00000808                isr_uart_rx_Enable
 .text.isr_uart_rx_Disable
                0x00000814        0xc .\CortexM3\ARM_GCC_541\Debug\dmc-psoc.a(isr_uart_rx.o)
                0x00000814                isr_uart_rx_Disable
 .text.isr_uart_rx_StartEx
                0x00000820       0x1c .\CortexM3\ARM_GCC_541\Debug\dmc-psoc.a(isr_uart_rx.o)
                0x00000820                isr_uart_rx_StartEx
 .text.UART_1_IntClock_Start
                0x0000083c       0x1c .\CortexM3\ARM_GCC_541\Debug\dmc-psoc.a(UART_1_IntClock.o)
                0x0000083c                UART_1_IntClock_Start
 .text.pump_timer_1_Enable
                0x00000858       0x28 .\CortexM3\ARM_GCC_541\Debug\dmc-psoc.a(pump_timer_1.o)
                0x00000858                pump_timer_1_Enable
 .text.pump_timer_1_Stop
                0x00000880       0x28 .\CortexM3\ARM_GCC_541\Debug\dmc-psoc.a(pump_timer_1.o)
                0x00000880                pump_timer_1_Stop
 .text.pump_timer_1_SetInterruptMode
                0x000008a8        0xc .\CortexM3\ARM_GCC_541\Debug\dmc-psoc.a(pump_timer_1.o)
                0x000008a8                pump_timer_1_SetInterruptMode
 .text.pump_timer_1_WritePeriod
                0x000008b4        0xc .\CortexM3\ARM_GCC_541\Debug\dmc-psoc.a(pump_timer_1.o)
                0x000008b4                pump_timer_1_WritePeriod
 .text.pump_timer_1_WriteCounter
                0x000008c0        0xc .\CortexM3\ARM_GCC_541\Debug\dmc-psoc.a(pump_timer_1.o)
                0x000008c0                pump_timer_1_WriteCounter
 .text.pump_timer_1_Init
                0x000008cc       0x68 .\CortexM3\ARM_GCC_541\Debug\dmc-psoc.a(pump_timer_1.o)
                0x000008cc                pump_timer_1_Init
 .text.pump_timer_1_Start
                0x00000934       0x1c .\CortexM3\ARM_GCC_541\Debug\dmc-psoc.a(pump_timer_1.o)
                0x00000934                pump_timer_1_Start
 .text.isr_pump_timer_2_SetVector
                0x00000950       0x10 .\CortexM3\ARM_GCC_541\Debug\dmc-psoc.a(isr_pump_timer_2.o)
                0x00000950                isr_pump_timer_2_SetVector
 .text.isr_pump_timer_2_SetPriority
                0x00000960       0x10 .\CortexM3\ARM_GCC_541\Debug\dmc-psoc.a(isr_pump_timer_2.o)
                0x00000960                isr_pump_timer_2_SetPriority
 .text.isr_pump_timer_2_Enable
                0x00000970       0x10 .\CortexM3\ARM_GCC_541\Debug\dmc-psoc.a(isr_pump_timer_2.o)
                0x00000970                isr_pump_timer_2_Enable
 .text.isr_pump_timer_2_Disable
                0x00000980       0x10 .\CortexM3\ARM_GCC_541\Debug\dmc-psoc.a(isr_pump_timer_2.o)
                0x00000980                isr_pump_timer_2_Disable
 .text.isr_pump_timer_2_StartEx
                0x00000990       0x1c .\CortexM3\ARM_GCC_541\Debug\dmc-psoc.a(isr_pump_timer_2.o)
                0x00000990                isr_pump_timer_2_StartEx
 .text.pump_timer_2_Enable
                0x000009ac       0x28 .\CortexM3\ARM_GCC_541\Debug\dmc-psoc.a(pump_timer_2.o)
                0x000009ac                pump_timer_2_Enable
 .text.pump_timer_2_Stop
                0x000009d4       0x28 .\CortexM3\ARM_GCC_541\Debug\dmc-psoc.a(pump_timer_2.o)
                0x000009d4                pump_timer_2_Stop
 .text.pump_timer_2_SetInterruptMode
                0x000009fc        0xc .\CortexM3\ARM_GCC_541\Debug\dmc-psoc.a(pump_timer_2.o)
                0x000009fc                pump_timer_2_SetInterruptMode
 .text.pump_timer_2_WritePeriod
                0x00000a08        0xc .\CortexM3\ARM_GCC_541\Debug\dmc-psoc.a(pump_timer_2.o)
                0x00000a08                pump_timer_2_WritePeriod
 .text.pump_timer_2_WriteCounter
                0x00000a14        0xc .\CortexM3\ARM_GCC_541\Debug\dmc-psoc.a(pump_timer_2.o)
                0x00000a14                pump_timer_2_WriteCounter
 .text.pump_timer_2_Init
                0x00000a20       0x68 .\CortexM3\ARM_GCC_541\Debug\dmc-psoc.a(pump_timer_2.o)
                0x00000a20                pump_timer_2_Init
 .text.pump_timer_2_Start
                0x00000a88       0x1c .\CortexM3\ARM_GCC_541\Debug\dmc-psoc.a(pump_timer_2.o)
                0x00000a88                pump_timer_2_Start
 .text.isr_pump_timer_1_SetVector
                0x00000aa4       0x10 .\CortexM3\ARM_GCC_541\Debug\dmc-psoc.a(isr_pump_timer_1.o)
                0x00000aa4                isr_pump_timer_1_SetVector
 .text.isr_pump_timer_1_SetPriority
                0x00000ab4       0x10 .\CortexM3\ARM_GCC_541\Debug\dmc-psoc.a(isr_pump_timer_1.o)
                0x00000ab4                isr_pump_timer_1_SetPriority
 .text.isr_pump_timer_1_Enable
                0x00000ac4       0x10 .\CortexM3\ARM_GCC_541\Debug\dmc-psoc.a(isr_pump_timer_1.o)
                0x00000ac4                isr_pump_timer_1_Enable
 .text.isr_pump_timer_1_Disable
                0x00000ad4       0x10 .\CortexM3\ARM_GCC_541\Debug\dmc-psoc.a(isr_pump_timer_1.o)
                0x00000ad4                isr_pump_timer_1_Disable
 .text.isr_pump_timer_1_StartEx
                0x00000ae4       0x1c .\CortexM3\ARM_GCC_541\Debug\dmc-psoc.a(isr_pump_timer_1.o)
                0x00000ae4                isr_pump_timer_1_StartEx
 .text.pump_timer_3_Enable
                0x00000b00       0x28 .\CortexM3\ARM_GCC_541\Debug\dmc-psoc.a(pump_timer_3.o)
                0x00000b00                pump_timer_3_Enable
 .text.pump_timer_3_Stop
                0x00000b28       0x28 .\CortexM3\ARM_GCC_541\Debug\dmc-psoc.a(pump_timer_3.o)
                0x00000b28                pump_timer_3_Stop
 .text.pump_timer_3_SetInterruptMode
                0x00000b50        0xc .\CortexM3\ARM_GCC_541\Debug\dmc-psoc.a(pump_timer_3.o)
                0x00000b50                pump_timer_3_SetInterruptMode
 .text.pump_timer_3_WritePeriod
                0x00000b5c        0xc .\CortexM3\ARM_GCC_541\Debug\dmc-psoc.a(pump_timer_3.o)
                0x00000b5c                pump_timer_3_WritePeriod
 .text.pump_timer_3_WriteCounter
                0x00000b68        0xc .\CortexM3\ARM_GCC_541\Debug\dmc-psoc.a(pump_timer_3.o)
                0x00000b68                pump_timer_3_WriteCounter
 .text.pump_timer_3_Init
                0x00000b74       0x68 .\CortexM3\ARM_GCC_541\Debug\dmc-psoc.a(pump_timer_3.o)
                0x00000b74                pump_timer_3_Init
 .text.pump_timer_3_Start
                0x00000bdc       0x1c .\CortexM3\ARM_GCC_541\Debug\dmc-psoc.a(pump_timer_3.o)
                0x00000bdc                pump_timer_3_Start
 .text.isr_pump_timer_3_SetVector
                0x00000bf8       0x10 .\CortexM3\ARM_GCC_541\Debug\dmc-psoc.a(isr_pump_timer_3.o)
                0x00000bf8                isr_pump_timer_3_SetVector
 .text.isr_pump_timer_3_SetPriority
                0x00000c08       0x10 .\CortexM3\ARM_GCC_541\Debug\dmc-psoc.a(isr_pump_timer_3.o)
                0x00000c08                isr_pump_timer_3_SetPriority
 .text.isr_pump_timer_3_Enable
                0x00000c18       0x10 .\CortexM3\ARM_GCC_541\Debug\dmc-psoc.a(isr_pump_timer_3.o)
                0x00000c18                isr_pump_timer_3_Enable
 .text.isr_pump_timer_3_Disable
                0x00000c28       0x10 .\CortexM3\ARM_GCC_541\Debug\dmc-psoc.a(isr_pump_timer_3.o)
                0x00000c28                isr_pump_timer_3_Disable
 .text.isr_pump_timer_3_StartEx
                0x00000c38       0x1c .\CortexM3\ARM_GCC_541\Debug\dmc-psoc.a(isr_pump_timer_3.o)
                0x00000c38                isr_pump_timer_3_StartEx
 .text.isr_check_weight_timer_SetVector
                0x00000c54       0x10 .\CortexM3\ARM_GCC_541\Debug\dmc-psoc.a(isr_check_weight_timer.o)
                0x00000c54                isr_check_weight_timer_SetVector
 .text.isr_check_weight_timer_SetPriority
                0x00000c64       0x10 .\CortexM3\ARM_GCC_541\Debug\dmc-psoc.a(isr_check_weight_timer.o)
                0x00000c64                isr_check_weight_timer_SetPriority
 .text.isr_check_weight_timer_Enable
                0x00000c74       0x10 .\CortexM3\ARM_GCC_541\Debug\dmc-psoc.a(isr_check_weight_timer.o)
                0x00000c74                isr_check_weight_timer_Enable
 .text.isr_check_weight_timer_Disable
                0x00000c84       0x10 .\CortexM3\ARM_GCC_541\Debug\dmc-psoc.a(isr_check_weight_timer.o)
                0x00000c84                isr_check_weight_timer_Disable
 .text.isr_check_weight_timer_StartEx
                0x00000c94       0x1c .\CortexM3\ARM_GCC_541\Debug\dmc-psoc.a(isr_check_weight_timer.o)
                0x00000c94                isr_check_weight_timer_StartEx
 .text          0x00000cb0       0x20 .\CortexM3\ARM_GCC_541\Debug\dmc-psoc.a(CyBootAsmGnu.o)
                0x00000cb0                CyDelayCycles
                0x00000cc0                CyEnterCriticalSection
                0x00000cc8                CyExitCriticalSection
 .text.__errno  0x00000cd0        0xc c:/program files (x86)/cypress/psoc creator/4.4/psoc creator/import/gnu/arm/5.4.1/bin/../lib/gcc/arm-none-eabi/5.4.1/../../../../arm-none-eabi/lib/armv7-m\libg_nano.a(lib_a-errno.o)
                0x00000cd0                __errno
 .text.__libc_init_array
                0x00000cdc       0x4c c:/program files (x86)/cypress/psoc creator/4.4/psoc creator/import/gnu/arm/5.4.1/bin/../lib/gcc/arm-none-eabi/5.4.1/../../../../arm-none-eabi/lib/armv7-m\libg_nano.a(lib_a-init.o)
                0x00000cdc                __libc_init_array
 .text.malloc   0x00000d28       0x10 c:/program files (x86)/cypress/psoc creator/4.4/psoc creator/import/gnu/arm/5.4.1/bin/../lib/gcc/arm-none-eabi/5.4.1/../../../../arm-none-eabi/lib/armv7-m\libg_nano.a(lib_a-malloc.o)
                0x00000d28                malloc
 .text.free     0x00000d38       0x10 c:/program files (x86)/cypress/psoc creator/4.4/psoc creator/import/gnu/arm/5.4.1/bin/../lib/gcc/arm-none-eabi/5.4.1/../../../../arm-none-eabi/lib/armv7-m\libg_nano.a(lib_a-malloc.o)
                0x00000d38                free
 .text.memcpy   0x00000d48       0x16 c:/program files (x86)/cypress/psoc creator/4.4/psoc creator/import/gnu/arm/5.4.1/bin/../lib/gcc/arm-none-eabi/5.4.1/../../../../arm-none-eabi/lib/armv7-m\libg_nano.a(lib_a-memcpy-stub.o)
                0x00000d48                memcpy
 .text.memset   0x00000d5e       0x10 c:/program files (x86)/cypress/psoc creator/4.4/psoc creator/import/gnu/arm/5.4.1/bin/../lib/gcc/arm-none-eabi/5.4.1/../../../../arm-none-eabi/lib/armv7-m\libg_nano.a(lib_a-memset.o)
                0x00000d5e                memset
 *fill*         0x00000d6e        0x2 
 .text._free_r  0x00000d70       0x98 c:/program files (x86)/cypress/psoc creator/4.4/psoc creator/import/gnu/arm/5.4.1/bin/../lib/gcc/arm-none-eabi/5.4.1/../../../../arm-none-eabi/lib/armv7-m\libg_nano.a(lib_a-nano-freer.o)
                0x00000d70                _free_r
 .text._malloc_r
                0x00000e08       0xbc c:/program files (x86)/cypress/psoc creator/4.4/psoc creator/import/gnu/arm/5.4.1/bin/../lib/gcc/arm-none-eabi/5.4.1/../../../../arm-none-eabi/lib/armv7-m\libg_nano.a(lib_a-nano-mallocr.o)
                0x00000e08                _malloc_r
 .text._sbrk_r  0x00000ec4       0x20 c:/program files (x86)/cypress/psoc creator/4.4/psoc creator/import/gnu/arm/5.4.1/bin/../lib/gcc/arm-none-eabi/5.4.1/../../../../arm-none-eabi/lib/armv7-m\libg_nano.a(lib_a-sbrkr.o)
                0x00000ec4                _sbrk_r
 .text.__malloc_lock
                0x00000ee4        0x2 c:/program files (x86)/cypress/psoc creator/4.4/psoc creator/import/gnu/arm/5.4.1/bin/../lib/gcc/arm-none-eabi/5.4.1/../../../../arm-none-eabi/lib/armv7-m\libg_nano.a(lib_a-mlock.o)
                0x00000ee4                __malloc_lock
 .text.__malloc_unlock
                0x00000ee6        0x2 c:/program files (x86)/cypress/psoc creator/4.4/psoc creator/import/gnu/arm/5.4.1/bin/../lib/gcc/arm-none-eabi/5.4.1/../../../../arm-none-eabi/lib/armv7-m\libg_nano.a(lib_a-mlock.o)
                0x00000ee6                __malloc_unlock
 *(.plt)
 *(.gnu.warning)
 *(.glue_7t)
 .glue_7t       0x00000ee8        0x0 linker stubs
 *(.glue_7)
 .glue_7        0x00000ee8        0x0 linker stubs
 *(.vfp11_veneer)
 .vfp11_veneer  0x00000ee8        0x0 linker stubs
 *(.bootloader)
 *(.ARM.extab* .gnu.linkonce.armextab.*)
 *(.gcc_except_table)

.v4_bx          0x00000ee8        0x0
 .v4_bx         0x00000ee8        0x0 linker stubs

.iplt           0x00000ee8        0x0
 .iplt          0x00000ee8        0x0 c:/program files (x86)/cypress/psoc creator/4.4/psoc creator/import/gnu/arm/5.4.1/bin/../lib/gcc/arm-none-eabi/5.4.1/armv7-m/crtbegin.o

.eh_frame_hdr
 *(.eh_frame_hdr)

.eh_frame       0x00000ee8        0x4
 *(.eh_frame)
 .eh_frame      0x00000ee8        0x0 c:/program files (x86)/cypress/psoc creator/4.4/psoc creator/import/gnu/arm/5.4.1/bin/../lib/gcc/arm-none-eabi/5.4.1/armv7-m/crtbegin.o
 .eh_frame      0x00000ee8        0x4 c:/program files (x86)/cypress/psoc creator/4.4/psoc creator/import/gnu/arm/5.4.1/bin/../lib/gcc/arm-none-eabi/5.4.1/armv7-m/crtend.o
                [!provide]                PROVIDE (__exidx_start, .)

.ARM.exidx
 *(.ARM.exidx* .gnu.linkonce.armexidx.*)
                0x00000eec                __exidx_end = .

.rodata         0x00000eec       0xa4
 *(.rodata .rodata.* .gnu.linkonce.r.*)
 .rodata        0x00000eec       0x6c .\CortexM3\ARM_GCC_541\Debug\cyfitter_cfg.o
                0x00000eec                AMux__addrTable
                0x00000f04                AMux__maskTable
 .rodata.str1.1
                0x00000f58        0x2 c:/program files (x86)/cypress/psoc creator/4.4/psoc creator/import/gnu/arm/5.4.1/bin/../lib/gcc/arm-none-eabi/5.4.1/../../../../arm-none-eabi/lib/armv7-m\libg_nano.a(lib_a-impure.o)
                0x00000f5c                . = ALIGN (0x4)
 *fill*         0x00000f5a        0x2 
 *(.init)
 .init          0x00000f5c        0x4 c:/program files (x86)/cypress/psoc creator/4.4/psoc creator/import/gnu/arm/5.4.1/bin/../lib/gcc/arm-none-eabi/5.4.1/armv7-m/crti.o
                0x00000f5c                _init
 .init          0x00000f60        0x8 c:/program files (x86)/cypress/psoc creator/4.4/psoc creator/import/gnu/arm/5.4.1/bin/../lib/gcc/arm-none-eabi/5.4.1/armv7-m/crtn.o
                0x00000f68                . = ALIGN (0x4)
                0x00000f68                __preinit_array_start = .
 *(.preinit_array)
                0x00000f68                __preinit_array_end = .
                0x00000f68                . = ALIGN (0x4)
                0x00000f68                __init_array_start = .
 *(SORT(.init_array.*))
 *(.init_array)
 .init_array    0x00000f68        0x4 c:/program files (x86)/cypress/psoc creator/4.4/psoc creator/import/gnu/arm/5.4.1/bin/../lib/gcc/arm-none-eabi/5.4.1/armv7-m/crtbegin.o
 .init_array    0x00000f6c        0x4 .\CortexM3\ARM_GCC_541\Debug\Cm3Start.o
                0x00000f70                __init_array_end = .
                0x00000f70                . = ALIGN (0x4)
 *(.fini)
 .fini          0x00000f70        0x4 c:/program files (x86)/cypress/psoc creator/4.4/psoc creator/import/gnu/arm/5.4.1/bin/../lib/gcc/arm-none-eabi/5.4.1/armv7-m/crti.o
                0x00000f70                _fini
 .fini          0x00000f74        0x8 c:/program files (x86)/cypress/psoc creator/4.4/psoc creator/import/gnu/arm/5.4.1/bin/../lib/gcc/arm-none-eabi/5.4.1/armv7-m/crtn.o
                0x00000f7c                . = ALIGN (0x4)
                0x00000f7c                __fini_array_start = .
 *(.fini_array)
 .fini_array    0x00000f7c        0x4 c:/program files (x86)/cypress/psoc creator/4.4/psoc creator/import/gnu/arm/5.4.1/bin/../lib/gcc/arm-none-eabi/5.4.1/armv7-m/crtbegin.o
 *(SORT(.fini_array.*))
                0x00000f80                __fini_array_end = .
                0x00000f80                . = ALIGN (0x4)
 *crtbegin.o(.ctors)
 *(EXCLUDE_FILE(*crtend.o) .ctors)
 *(SORT(.ctors.*))
 *crtend.o(.ctors)
                0x00000f80                . = ALIGN (0x4)
 *crtbegin.o(.dtors)
 *(EXCLUDE_FILE(*crtend.o) .dtors)
 *(SORT(.dtors.*))
 *crtend.o(.dtors)
                0x00000f80                . = ALIGN (0x4)
                0x00000f80                __cy_regions = .
                0x00000f80        0x4 LONG 0xf90 __cy_region_init_ram
                0x00000f84        0x4 LONG 0x1fff80c8 __cy_region_start_data
                0x00000f88        0x4 LONG 0x70 __cy_region_init_size_ram
                0x00000f8c        0x4 LONG 0x98 __cy_region_zero_size_ram
                0x00000f90                __cy_regions_end = .
                0x00000f90                . = ALIGN (0x8)
                0x00000f90                _etext = .

.cy_checksum_exclude
                0x00000f90        0x0
 *(.cy_checksum_exclude)

.ramvectors     0x1fff8000       0xc0
                0x1fff8000                __cy_region_start_ram = .
 *(.ramvectors)
 .ramvectors    0x1fff8000       0xc0 .\CortexM3\ARM_GCC_541\Debug\Cm3Start.o
                0x1fff8000                CyRamVectors

.noinit         0x1fff80c0        0x1
 *(.noinit)
 .noinit        0x1fff80c0        0x1 .\CortexM3\ARM_GCC_541\Debug\dmc-psoc.a(CyLib.o)
                0x1fff80c0                CyResetStatus

.data           0x1fff80c8       0x70 load address 0x00000f90
                0x1fff80c8                __cy_region_start_data = .
 *(.jcr)
 .jcr           0x1fff80c8        0x0 c:/program files (x86)/cypress/psoc creator/4.4/psoc creator/import/gnu/arm/5.4.1/bin/../lib/gcc/arm-none-eabi/5.4.1/armv7-m/crtbegin.o
 .jcr           0x1fff80c8        0x4 c:/program files (x86)/cypress/psoc creator/4.4/psoc creator/import/gnu/arm/5.4.1/bin/../lib/gcc/arm-none-eabi/5.4.1/armv7-m/crtend.o
 *(.got.plt)
 *(.got)
 *(.shdata)
 *(.data .data.* .gnu.linkonce.d.*)
 .data          0x1fff80cc        0x4 .\CortexM3\ARM_GCC_541\Debug\Cm3Start.o
 .data.impure_data
                0x1fff80d0       0x60 c:/program files (x86)/cypress/psoc creator/4.4/psoc creator/import/gnu/arm/5.4.1/bin/../lib/gcc/arm-none-eabi/5.4.1/../../../../arm-none-eabi/lib/armv7-m\libg_nano.a(lib_a-impure.o)
 .data._impure_ptr
                0x1fff8130        0x4 c:/program files (x86)/cypress/psoc creator/4.4/psoc creator/import/gnu/arm/5.4.1/bin/../lib/gcc/arm-none-eabi/5.4.1/../../../../arm-none-eabi/lib/armv7-m\libg_nano.a(lib_a-impure.o)
                0x1fff8130                _impure_ptr
                0x1fff8138                . = ALIGN (0x8)
 *fill*         0x1fff8134        0x4 
 *(.ram)
                0x1fff8138                _edata = .

.igot.plt       0x1fff8138        0x0 load address 0x00001000
 .igot.plt      0x1fff8138        0x0 c:/program files (x86)/cypress/psoc creator/4.4/psoc creator/import/gnu/arm/5.4.1/bin/../lib/gcc/arm-none-eabi/5.4.1/armv7-m/crtbegin.o

.bss            0x1fff8138       0x98 load address 0x00001000
                0x1fff8138                PROVIDE (__bss_start__, .)
 *(.shbss)
 *(.bss .bss.* .gnu.linkonce.b.*)
 .bss           0x1fff8138       0x1c c:/program files (x86)/cypress/psoc creator/4.4/psoc creator/import/gnu/arm/5.4.1/bin/../lib/gcc/arm-none-eabi/5.4.1/armv7-m/crtbegin.o
 .bss           0x1fff8154        0x4 .\CortexM3\ARM_GCC_541\Debug\main.o
                0x1fff8154                is_pumping
 .bss           0x1fff8158        0x4 .\CortexM3\ARM_GCC_541\Debug\packet_uart.o
                0x1fff8158                discard_packet
 .bss           0x1fff815c        0x2 .\CortexM3\ARM_GCC_541\Debug\dmc-psoc.a(UART_1.o)
                0x1fff815c                UART_1_initVar
 .bss           0x1fff815e        0x1 .\CortexM3\ARM_GCC_541\Debug\dmc-psoc.a(pump_timer_1.o)
                0x1fff815e                pump_timer_1_initVar
 .bss           0x1fff815f        0x1 .\CortexM3\ARM_GCC_541\Debug\dmc-psoc.a(pump_timer_2.o)
                0x1fff815f                pump_timer_2_initVar
 .bss           0x1fff8160        0x1 .\CortexM3\ARM_GCC_541\Debug\dmc-psoc.a(pump_timer_3.o)
                0x1fff8160                pump_timer_3_initVar
 *fill*         0x1fff8161        0x3 
 .bss.__malloc_sbrk_start
                0x1fff8164        0x4 c:/program files (x86)/cypress/psoc creator/4.4/psoc creator/import/gnu/arm/5.4.1/bin/../lib/gcc/arm-none-eabi/5.4.1/../../../../arm-none-eabi/lib/armv7-m\libg_nano.a(lib_a-nano-mallocr.o)
                0x1fff8164                __malloc_sbrk_start
 .bss.__malloc_free_list
                0x1fff8168        0x4 c:/program files (x86)/cypress/psoc creator/4.4/psoc creator/import/gnu/arm/5.4.1/bin/../lib/gcc/arm-none-eabi/5.4.1/../../../../arm-none-eabi/lib/armv7-m\libg_nano.a(lib_a-nano-mallocr.o)
                0x1fff8168                __malloc_free_list
 *(COMMON)
 COMMON         0x1fff816c       0x4c .\CortexM3\ARM_GCC_541\Debug\main.o
                0x1fff816c                weight3
                0x1fff8184                weight2
                0x1fff819c                weight1
                0x1fff81b4                current_weight
 COMMON         0x1fff81b8        0xc .\CortexM3\ARM_GCC_541\Debug\job_queue.o
                0x1fff81b8                main_queue
 COMMON         0x1fff81c4        0x8 .\CortexM3\ARM_GCC_541\Debug\packet_uart.o
                0x1fff81c4                current_packet
                0x1fff81c8                raise_flag_handler
 COMMON         0x1fff81cc        0x4 c:/program files (x86)/cypress/psoc creator/4.4/psoc creator/import/gnu/arm/5.4.1/bin/../lib/gcc/arm-none-eabi/5.4.1/../../../../arm-none-eabi/lib/armv7-m\libg_nano.a(lib_a-reent.o)
                0x1fff81cc                errno
                0x1fff81d0                . = ALIGN (0x8)
 *(.ram.b)
                0x1fff81d0                _end = .
                0x1fff81d0                __end = .
                0x1fff81d0                PROVIDE (end, .)
                0x1fff81d0                PROVIDE (__bss_end__, .)
                0x00000f90                __cy_region_init_ram = LOADADDR (.data)
                0x00000070                __cy_region_init_size_ram = (_edata - ADDR (.data))
                0x00000098                __cy_region_zero_size_ram = (_end - _edata)

.heap           0x1fff81d0       0x80 load address 0x00001000
                0x1fff81d0                . = _end
                0x1fff8250                . = (. + 0x80)
 *fill*         0x1fff81d0       0x80 
                0x1fff8250                __cy_heap_limit = .

.stack          0x20007800      0x800
                0x20007800                __cy_stack_limit = .
                0x20008000                . = (. + 0x800)
 *fill*         0x20007800      0x800 
                0x00000001                ASSERT ((__cy_stack_limit >= __cy_heap_limit), region RAM overflowed with stack)
                0x00000000                cy_checksum_exclude_size = (CY_APPL_LOADABLE == 0x1)?SIZEOF (.cy_checksum_exclude):0x0
                0x00000001                ASSERT ((cy_checksum_exclude_size <= CY_CHECKSUM_EXCLUDE_SIZE), CY_BOOT: Section .cy_checksum_exclude size exceedes specified limit.)

.cyloadermeta
 *(.cyloadermeta)

.cyloadablemeta
 *(.cyloadablemeta)

.cyconfigecc    0x80000000      0x380
 *(.cyconfigecc)
 .cyconfigecc   0x80000000      0x380 .\CortexM3\ARM_GCC_541\Debug\cymetadata.o
                0x80000000                cy_meta_configecc

.cycustnvl      0x90000000        0x4
 *(.cycustnvl)
 .cycustnvl     0x90000000        0x4 .\CortexM3\ARM_GCC_541\Debug\cymetadata.o
                0x90000000                cy_meta_custnvl

.cywolatch      0x90100000        0x4
 *(.cywolatch)
 .cywolatch     0x90100000        0x4 .\CortexM3\ARM_GCC_541\Debug\cymetadata.o
                0x90100000                cy_meta_wonvl

.cyeeprom       0x90200000        0x0
 *(.cyeeprom)
                0x00000001                ASSERT ((. <= ((0x90200000 + ee_offset) + ee_size)), .cyeeprom data will not fit in EEPROM)

.cyflashprotect
                0x90400000      0x100
 *(.cyflashprotect)
 .cyflashprotect
                0x90400000      0x100 .\CortexM3\ARM_GCC_541\Debug\cymetadata.o
                0x90400000                cy_meta_flashprotect

.cymeta         0x90500000        0xc
 *(.cymeta)
 .cymeta        0x90500000        0xc .\CortexM3\ARM_GCC_541\Debug\cymetadata.o
                0x90500000                cy_metadata

.rel.dyn        0x00001000        0x0 load address 0x9050000c
 .rel.iplt      0x00001000        0x0 c:/program files (x86)/cypress/psoc creator/4.4/psoc creator/import/gnu/arm/5.4.1/bin/../lib/gcc/arm-none-eabi/5.4.1/armv7-m/crtbegin.o

.stab
 *(.stab)

.stabstr
 *(.stabstr)

.debug
 *(.debug)

.line
 *(.line)

.debug_srcinfo
 *(.debug_srcinfo)

.debug_sfnames
 *(.debug_sfnames)

.debug_aranges  0x00000000      0xd90
 *(.debug_aranges)
 .debug_aranges
                0x00000000       0x60 .\CortexM3\ARM_GCC_541\Debug\main.o
 .debug_aranges
                0x00000060       0x48 .\CortexM3\ARM_GCC_541\Debug\timers.o
 .debug_aranges
                0x000000a8       0x40 .\CortexM3\ARM_GCC_541\Debug\job_queue.o
 .debug_aranges
                0x000000e8       0x20 .\CortexM3\ARM_GCC_541\Debug\pump_control.o
 .debug_aranges
                0x00000108       0x48 .\CortexM3\ARM_GCC_541\Debug\packet_uart.o
 .debug_aranges
                0x00000150       0x20 .\CortexM3\ARM_GCC_541\Debug\pc_uart.o
 .debug_aranges
                0x00000170       0x38 .\CortexM3\ARM_GCC_541\Debug\weight.o
 .debug_aranges
                0x000001a8       0x68 .\CortexM3\ARM_GCC_541\Debug\cyfitter_cfg.o
 .debug_aranges
                0x00000210       0x18 .\CortexM3\ARM_GCC_541\Debug\cymetadata.o
 .debug_aranges
                0x00000228       0x48 .\CortexM3\ARM_GCC_541\Debug\Cm3Start.o
 .debug_aranges
                0x00000270       0xf0 .\CortexM3\ARM_GCC_541\Debug\dmc-psoc.a(UART_1.o)
 .debug_aranges
                0x00000360       0x80 .\CortexM3\ARM_GCC_541\Debug\dmc-psoc.a(isr_uart_rx.o)
 .debug_aranges
                0x000003e0       0x70 .\CortexM3\ARM_GCC_541\Debug\dmc-psoc.a(UART_1_IntClock.o)
 .debug_aranges
                0x00000450      0x2a0 .\CortexM3\ARM_GCC_541\Debug\dmc-psoc.a(CyLib.o)
 .debug_aranges
                0x000006f0       0x98 .\CortexM3\ARM_GCC_541\Debug\dmc-psoc.a(cyPm.o)
 .debug_aranges
                0x00000788       0x88 .\CortexM3\ARM_GCC_541\Debug\dmc-psoc.a(pump_timer_1.o)
 .debug_aranges
                0x00000810       0x80 .\CortexM3\ARM_GCC_541\Debug\dmc-psoc.a(isr_pump_timer_2.o)
 .debug_aranges
                0x00000890       0x88 .\CortexM3\ARM_GCC_541\Debug\dmc-psoc.a(pump_timer_2.o)
 .debug_aranges
                0x00000918       0x80 .\CortexM3\ARM_GCC_541\Debug\dmc-psoc.a(isr_pump_timer_1.o)
 .debug_aranges
                0x00000998       0x88 .\CortexM3\ARM_GCC_541\Debug\dmc-psoc.a(pump_timer_3.o)
 .debug_aranges
                0x00000a20       0x80 .\CortexM3\ARM_GCC_541\Debug\dmc-psoc.a(isr_pump_timer_3.o)
 .debug_aranges
                0x00000aa0       0x80 .\CortexM3\ARM_GCC_541\Debug\dmc-psoc.a(isr_check_weight_timer.o)
 .debug_aranges
                0x00000b20       0xa8 .\CortexM3\ARM_GCC_541\Debug\dmc-psoc.a(ADC_SAR_1.o)
 .debug_aranges
                0x00000bc8       0x20 .\CortexM3\ARM_GCC_541\Debug\dmc-psoc.a(ADC_SAR_1_INT.o)
 .debug_aranges
                0x00000be8       0x80 .\CortexM3\ARM_GCC_541\Debug\dmc-psoc.a(ADC_SAR_1_theACLK.o)
 .debug_aranges
                0x00000c68       0x20 .\CortexM3\ARM_GCC_541\Debug\dmc-psoc.a(CyBootAsmGnu.o)
 .debug_aranges
                0x00000c88       0x88 .\CortexM3\ARM_GCC_541\Debug\dmc-psoc.a(CyFlash.o)
 .debug_aranges
                0x00000d10       0x80 .\CortexM3\ARM_GCC_541\Debug\dmc-psoc.a(CySpc.o)

.debug_pubnames
 *(.debug_pubnames)

.debug_info     0x00000000     0x7183
 *(.debug_info .gnu.linkonce.wi.*)
 .debug_info    0x00000000      0x615 .\CortexM3\ARM_GCC_541\Debug\main.o
 .debug_info    0x00000615      0x2c4 .\CortexM3\ARM_GCC_541\Debug\timers.o
 .debug_info    0x000008d9      0x29d .\CortexM3\ARM_GCC_541\Debug\job_queue.o
 .debug_info    0x00000b76      0x18f .\CortexM3\ARM_GCC_541\Debug\pump_control.o
 .debug_info    0x00000d05      0x3cd .\CortexM3\ARM_GCC_541\Debug\packet_uart.o
 .debug_info    0x000010d2      0x102 .\CortexM3\ARM_GCC_541\Debug\pc_uart.o
 .debug_info    0x000011d4      0x2ae .\CortexM3\ARM_GCC_541\Debug\weight.o
 .debug_info    0x00001482      0x6c4 .\CortexM3\ARM_GCC_541\Debug\cyfitter_cfg.o
 .debug_info    0x00001b46      0x135 .\CortexM3\ARM_GCC_541\Debug\cymetadata.o
 .debug_info    0x00001c7b      0x3bb .\CortexM3\ARM_GCC_541\Debug\Cm3Start.o
 .debug_info    0x00002036      0x60c .\CortexM3\ARM_GCC_541\Debug\dmc-psoc.a(UART_1.o)
 .debug_info    0x00002642      0x2d2 .\CortexM3\ARM_GCC_541\Debug\dmc-psoc.a(isr_uart_rx.o)
 .debug_info    0x00002914      0x283 .\CortexM3\ARM_GCC_541\Debug\dmc-psoc.a(UART_1_IntClock.o)
 .debug_info    0x00002b97     0x1374 .\CortexM3\ARM_GCC_541\Debug\dmc-psoc.a(CyLib.o)
 .debug_info    0x00003f0b      0xa2a .\CortexM3\ARM_GCC_541\Debug\dmc-psoc.a(cyPm.o)
 .debug_info    0x00004935      0x295 .\CortexM3\ARM_GCC_541\Debug\dmc-psoc.a(pump_timer_1.o)
 .debug_info    0x00004bca      0x2d2 .\CortexM3\ARM_GCC_541\Debug\dmc-psoc.a(isr_pump_timer_2.o)
 .debug_info    0x00004e9c      0x295 .\CortexM3\ARM_GCC_541\Debug\dmc-psoc.a(pump_timer_2.o)
 .debug_info    0x00005131      0x2d2 .\CortexM3\ARM_GCC_541\Debug\dmc-psoc.a(isr_pump_timer_1.o)
 .debug_info    0x00005403      0x295 .\CortexM3\ARM_GCC_541\Debug\dmc-psoc.a(pump_timer_3.o)
 .debug_info    0x00005698      0x2d2 .\CortexM3\ARM_GCC_541\Debug\dmc-psoc.a(isr_pump_timer_3.o)
 .debug_info    0x0000596a      0x2d2 .\CortexM3\ARM_GCC_541\Debug\dmc-psoc.a(isr_check_weight_timer.o)
 .debug_info    0x00005c3c      0x5c0 .\CortexM3\ARM_GCC_541\Debug\dmc-psoc.a(ADC_SAR_1.o)
 .debug_info    0x000061fc       0x92 .\CortexM3\ARM_GCC_541\Debug\dmc-psoc.a(ADC_SAR_1_INT.o)
 .debug_info    0x0000628e      0x2c4 .\CortexM3\ARM_GCC_541\Debug\dmc-psoc.a(ADC_SAR_1_theACLK.o)
 .debug_info    0x00006552       0x94 .\CortexM3\ARM_GCC_541\Debug\dmc-psoc.a(CyBootAsmGnu.o)
 .debug_info    0x000065e6      0x64d .\CortexM3\ARM_GCC_541\Debug\dmc-psoc.a(CyFlash.o)
 .debug_info    0x00006c33      0x550 .\CortexM3\ARM_GCC_541\Debug\dmc-psoc.a(CySpc.o)

.debug_abbrev   0x00000000     0x24c1
 *(.debug_abbrev)
 .debug_abbrev  0x00000000      0x206 .\CortexM3\ARM_GCC_541\Debug\main.o
 .debug_abbrev  0x00000206      0x102 .\CortexM3\ARM_GCC_541\Debug\timers.o
 .debug_abbrev  0x00000308      0x12f .\CortexM3\ARM_GCC_541\Debug\job_queue.o
 .debug_abbrev  0x00000437       0xd8 .\CortexM3\ARM_GCC_541\Debug\pump_control.o
 .debug_abbrev  0x0000050f      0x188 .\CortexM3\ARM_GCC_541\Debug\packet_uart.o
 .debug_abbrev  0x00000697       0xb0 .\CortexM3\ARM_GCC_541\Debug\pc_uart.o
 .debug_abbrev  0x00000747      0x167 .\CortexM3\ARM_GCC_541\Debug\weight.o
 .debug_abbrev  0x000008ae      0x22d .\CortexM3\ARM_GCC_541\Debug\cyfitter_cfg.o
 .debug_abbrev  0x00000adb       0x66 .\CortexM3\ARM_GCC_541\Debug\cymetadata.o
 .debug_abbrev  0x00000b41      0x1e8 .\CortexM3\ARM_GCC_541\Debug\Cm3Start.o
 .debug_abbrev  0x00000d29      0x175 .\CortexM3\ARM_GCC_541\Debug\dmc-psoc.a(UART_1.o)
 .debug_abbrev  0x00000e9e      0x173 .\CortexM3\ARM_GCC_541\Debug\dmc-psoc.a(isr_uart_rx.o)
 .debug_abbrev  0x00001011      0x139 .\CortexM3\ARM_GCC_541\Debug\dmc-psoc.a(UART_1_IntClock.o)
 .debug_abbrev  0x0000114a      0x254 .\CortexM3\ARM_GCC_541\Debug\dmc-psoc.a(CyLib.o)
 .debug_abbrev  0x0000139e      0x1ab .\CortexM3\ARM_GCC_541\Debug\dmc-psoc.a(cyPm.o)
 .debug_abbrev  0x00001549      0x11a .\CortexM3\ARM_GCC_541\Debug\dmc-psoc.a(pump_timer_1.o)
 .debug_abbrev  0x00001663      0x173 .\CortexM3\ARM_GCC_541\Debug\dmc-psoc.a(isr_pump_timer_2.o)
 .debug_abbrev  0x000017d6      0x11a .\CortexM3\ARM_GCC_541\Debug\dmc-psoc.a(pump_timer_2.o)
 .debug_abbrev  0x000018f0      0x173 .\CortexM3\ARM_GCC_541\Debug\dmc-psoc.a(isr_pump_timer_1.o)
 .debug_abbrev  0x00001a63      0x11a .\CortexM3\ARM_GCC_541\Debug\dmc-psoc.a(pump_timer_3.o)
 .debug_abbrev  0x00001b7d      0x173 .\CortexM3\ARM_GCC_541\Debug\dmc-psoc.a(isr_pump_timer_3.o)
 .debug_abbrev  0x00001cf0      0x173 .\CortexM3\ARM_GCC_541\Debug\dmc-psoc.a(isr_check_weight_timer.o)
 .debug_abbrev  0x00001e63      0x1ac .\CortexM3\ARM_GCC_541\Debug\dmc-psoc.a(ADC_SAR_1.o)
 .debug_abbrev  0x0000200f       0x42 .\CortexM3\ARM_GCC_541\Debug\dmc-psoc.a(ADC_SAR_1_INT.o)
 .debug_abbrev  0x00002051      0x121 .\CortexM3\ARM_GCC_541\Debug\dmc-psoc.a(ADC_SAR_1_theACLK.o)
 .debug_abbrev  0x00002172       0x14 .\CortexM3\ARM_GCC_541\Debug\dmc-psoc.a(CyBootAsmGnu.o)
 .debug_abbrev  0x00002186      0x1a7 .\CortexM3\ARM_GCC_541\Debug\dmc-psoc.a(CyFlash.o)
 .debug_abbrev  0x0000232d      0x194 .\CortexM3\ARM_GCC_541\Debug\dmc-psoc.a(CySpc.o)

.debug_line     0x00000000     0x37ed
 *(.debug_line)
 .debug_line    0x00000000      0x384 .\CortexM3\ARM_GCC_541\Debug\main.o
 .debug_line    0x00000384      0x257 .\CortexM3\ARM_GCC_541\Debug\timers.o
 .debug_line    0x000005db      0x1bf .\CortexM3\ARM_GCC_541\Debug\job_queue.o
 .debug_line    0x0000079a      0x160 .\CortexM3\ARM_GCC_541\Debug\pump_control.o
 .debug_line    0x000008fa      0x32a .\CortexM3\ARM_GCC_541\Debug\packet_uart.o
 .debug_line    0x00000c24      0x168 .\CortexM3\ARM_GCC_541\Debug\pc_uart.o
 .debug_line    0x00000d8c      0x1c6 .\CortexM3\ARM_GCC_541\Debug\weight.o
 .debug_line    0x00000f52      0x234 .\CortexM3\ARM_GCC_541\Debug\cyfitter_cfg.o
 .debug_line    0x00001186      0x141 .\CortexM3\ARM_GCC_541\Debug\cymetadata.o
 .debug_line    0x000012c7      0x234 .\CortexM3\ARM_GCC_541\Debug\Cm3Start.o
 .debug_line    0x000014fb      0x2c0 .\CortexM3\ARM_GCC_541\Debug\dmc-psoc.a(UART_1.o)
 .debug_line    0x000017bb      0x138 .\CortexM3\ARM_GCC_541\Debug\dmc-psoc.a(isr_uart_rx.o)
 .debug_line    0x000018f3      0x17e .\CortexM3\ARM_GCC_541\Debug\dmc-psoc.a(UART_1_IntClock.o)
 .debug_line    0x00001a71      0x816 .\CortexM3\ARM_GCC_541\Debug\dmc-psoc.a(CyLib.o)
 .debug_line    0x00002287      0x367 .\CortexM3\ARM_GCC_541\Debug\dmc-psoc.a(cyPm.o)
 .debug_line    0x000025ee      0x15a .\CortexM3\ARM_GCC_541\Debug\dmc-psoc.a(pump_timer_1.o)
 .debug_line    0x00002748      0x13d .\CortexM3\ARM_GCC_541\Debug\dmc-psoc.a(isr_pump_timer_2.o)
 .debug_line    0x00002885      0x15a .\CortexM3\ARM_GCC_541\Debug\dmc-psoc.a(pump_timer_2.o)
 .debug_line    0x000029df      0x13d .\CortexM3\ARM_GCC_541\Debug\dmc-psoc.a(isr_pump_timer_1.o)
 .debug_line    0x00002b1c      0x15a .\CortexM3\ARM_GCC_541\Debug\dmc-psoc.a(pump_timer_3.o)
 .debug_line    0x00002c76      0x13d .\CortexM3\ARM_GCC_541\Debug\dmc-psoc.a(isr_pump_timer_3.o)
 .debug_line    0x00002db3      0x143 .\CortexM3\ARM_GCC_541\Debug\dmc-psoc.a(isr_check_weight_timer.o)
 .debug_line    0x00002ef6      0x21e .\CortexM3\ARM_GCC_541\Debug\dmc-psoc.a(ADC_SAR_1.o)
 .debug_line    0x00003114       0x56 .\CortexM3\ARM_GCC_541\Debug\dmc-psoc.a(ADC_SAR_1_INT.o)
 .debug_line    0x0000316a      0x1a3 .\CortexM3\ARM_GCC_541\Debug\dmc-psoc.a(ADC_SAR_1_theACLK.o)
 .debug_line    0x0000330d       0x66 .\CortexM3\ARM_GCC_541\Debug\dmc-psoc.a(CyBootAsmGnu.o)
 .debug_line    0x00003373      0x21a .\CortexM3\ARM_GCC_541\Debug\dmc-psoc.a(CyFlash.o)
 .debug_line    0x0000358d      0x260 .\CortexM3\ARM_GCC_541\Debug\dmc-psoc.a(CySpc.o)

.debug_frame    0x00000000     0x2278
 *(.debug_frame)
 .debug_frame   0x00000000      0x108 .\CortexM3\ARM_GCC_541\Debug\main.o
 .debug_frame   0x00000108       0xac .\CortexM3\ARM_GCC_541\Debug\timers.o
 .debug_frame   0x000001b4       0x88 .\CortexM3\ARM_GCC_541\Debug\job_queue.o
 .debug_frame   0x0000023c       0x2c .\CortexM3\ARM_GCC_541\Debug\pump_control.o
 .debug_frame   0x00000268       0xc0 .\CortexM3\ARM_GCC_541\Debug\packet_uart.o
 .debug_frame   0x00000328       0x2c .\CortexM3\ARM_GCC_541\Debug\pc_uart.o
 .debug_frame   0x00000354       0x5c .\CortexM3\ARM_GCC_541\Debug\weight.o
 .debug_frame   0x000003b0      0x11c .\CortexM3\ARM_GCC_541\Debug\cyfitter_cfg.o
 .debug_frame   0x000004cc       0xb8 .\CortexM3\ARM_GCC_541\Debug\Cm3Start.o
 .debug_frame   0x00000584      0x250 .\CortexM3\ARM_GCC_541\Debug\dmc-psoc.a(UART_1.o)
 .debug_frame   0x000007d4      0x104 .\CortexM3\ARM_GCC_541\Debug\dmc-psoc.a(isr_uart_rx.o)
 .debug_frame   0x000008d8       0xe0 .\CortexM3\ARM_GCC_541\Debug\dmc-psoc.a(UART_1_IntClock.o)
 .debug_frame   0x000009b8      0x738 .\CortexM3\ARM_GCC_541\Debug\dmc-psoc.a(CyLib.o)
 .debug_frame   0x000010f0      0x1f8 .\CortexM3\ARM_GCC_541\Debug\dmc-psoc.a(cyPm.o)
 .debug_frame   0x000012e8      0x108 .\CortexM3\ARM_GCC_541\Debug\dmc-psoc.a(pump_timer_1.o)
 .debug_frame   0x000013f0      0x104 .\CortexM3\ARM_GCC_541\Debug\dmc-psoc.a(isr_pump_timer_2.o)
 .debug_frame   0x000014f4      0x108 .\CortexM3\ARM_GCC_541\Debug\dmc-psoc.a(pump_timer_2.o)
 .debug_frame   0x000015fc      0x104 .\CortexM3\ARM_GCC_541\Debug\dmc-psoc.a(isr_pump_timer_1.o)
 .debug_frame   0x00001700      0x108 .\CortexM3\ARM_GCC_541\Debug\dmc-psoc.a(pump_timer_3.o)
 .debug_frame   0x00001808      0x104 .\CortexM3\ARM_GCC_541\Debug\dmc-psoc.a(isr_pump_timer_3.o)
 .debug_frame   0x0000190c      0x104 .\CortexM3\ARM_GCC_541\Debug\dmc-psoc.a(isr_check_weight_timer.o)
 .debug_frame   0x00001a10      0x1b0 .\CortexM3\ARM_GCC_541\Debug\dmc-psoc.a(ADC_SAR_1.o)
 .debug_frame   0x00001bc0       0x20 .\CortexM3\ARM_GCC_541\Debug\dmc-psoc.a(ADC_SAR_1_INT.o)
 .debug_frame   0x00001be0      0x100 .\CortexM3\ARM_GCC_541\Debug\dmc-psoc.a(ADC_SAR_1_theACLK.o)
 .debug_frame   0x00001ce0      0x194 .\CortexM3\ARM_GCC_541\Debug\dmc-psoc.a(CyFlash.o)
 .debug_frame   0x00001e74      0x180 .\CortexM3\ARM_GCC_541\Debug\dmc-psoc.a(CySpc.o)
 .debug_frame   0x00001ff4       0x44 c:/program files (x86)/cypress/psoc creator/4.4/psoc creator/import/gnu/arm/5.4.1/bin/../lib/gcc/arm-none-eabi/5.4.1/armv7-m\libgcc.a(_aeabi_ldivmod.o)
 .debug_frame   0x00002038       0x38 c:/program files (x86)/cypress/psoc creator/4.4/psoc creator/import/gnu/arm/5.4.1/bin/../lib/gcc/arm-none-eabi/5.4.1/armv7-m\libgcc.a(_udivmoddi4.o)
 .debug_frame   0x00002070       0x20 c:/program files (x86)/cypress/psoc creator/4.4/psoc creator/import/gnu/arm/5.4.1/bin/../lib/gcc/arm-none-eabi/5.4.1/../../../../arm-none-eabi/lib/armv7-m\libg_nano.a(lib_a-errno.o)
 .debug_frame   0x00002090       0x28 c:/program files (x86)/cypress/psoc creator/4.4/psoc creator/import/gnu/arm/5.4.1/bin/../lib/gcc/arm-none-eabi/5.4.1/../../../../arm-none-eabi/lib/armv7-m\libg_nano.a(lib_a-exit.o)
 .debug_frame   0x000020b8       0x2c c:/program files (x86)/cypress/psoc creator/4.4/psoc creator/import/gnu/arm/5.4.1/bin/../lib/gcc/arm-none-eabi/5.4.1/../../../../arm-none-eabi/lib/armv7-m\libg_nano.a(lib_a-init.o)
 .debug_frame   0x000020e4       0x30 c:/program files (x86)/cypress/psoc creator/4.4/psoc creator/import/gnu/arm/5.4.1/bin/../lib/gcc/arm-none-eabi/5.4.1/../../../../arm-none-eabi/lib/armv7-m\libg_nano.a(lib_a-malloc.o)
 .debug_frame   0x00002114       0x28 c:/program files (x86)/cypress/psoc creator/4.4/psoc creator/import/gnu/arm/5.4.1/bin/../lib/gcc/arm-none-eabi/5.4.1/../../../../arm-none-eabi/lib/armv7-m\libg_nano.a(lib_a-memcpy-stub.o)
 .debug_frame   0x0000213c       0x20 c:/program files (x86)/cypress/psoc creator/4.4/psoc creator/import/gnu/arm/5.4.1/bin/../lib/gcc/arm-none-eabi/5.4.1/../../../../arm-none-eabi/lib/armv7-m\libg_nano.a(lib_a-memset.o)
 .debug_frame   0x0000215c       0x38 c:/program files (x86)/cypress/psoc creator/4.4/psoc creator/import/gnu/arm/5.4.1/bin/../lib/gcc/arm-none-eabi/5.4.1/../../../../arm-none-eabi/lib/armv7-m\libg_nano.a(lib_a-nano-freer.o)
 .debug_frame   0x00002194       0x2c c:/program files (x86)/cypress/psoc creator/4.4/psoc creator/import/gnu/arm/5.4.1/bin/../lib/gcc/arm-none-eabi/5.4.1/../../../../arm-none-eabi/lib/armv7-m\libg_nano.a(lib_a-nano-mallocr.o)
 .debug_frame   0x000021c0       0x2c c:/program files (x86)/cypress/psoc creator/4.4/psoc creator/import/gnu/arm/5.4.1/bin/../lib/gcc/arm-none-eabi/5.4.1/../../../../arm-none-eabi/lib/armv7-m\libg_nano.a(lib_a-sbrkr.o)
 .debug_frame   0x000021ec       0x30 c:/program files (x86)/cypress/psoc creator/4.4/psoc creator/import/gnu/arm/5.4.1/bin/../lib/gcc/arm-none-eabi/5.4.1/../../../../arm-none-eabi/lib/armv7-m\libg_nano.a(lib_a-mlock.o)
 .debug_frame   0x0000221c       0x5c c:/program files (x86)/cypress/psoc creator/4.4/psoc creator/import/gnu/arm/5.4.1/bin/../lib/gcc/arm-none-eabi/5.4.1/../../../../arm-none-eabi/lib/armv7-m\libg_nano.a(lib_a-reent.o)

.debug_str      0x00000000     0x2ebe
 *(.debug_str)
 .debug_str     0x00000000      0x52c .\CortexM3\ARM_GCC_541\Debug\main.o
                                0x5b5 (size before relaxing)
 .debug_str     0x0000052c      0x155 .\CortexM3\ARM_GCC_541\Debug\timers.o
                                0x3a3 (size before relaxing)
 .debug_str     0x00000681       0x75 .\CortexM3\ARM_GCC_541\Debug\job_queue.o
                                0x2f7 (size before relaxing)
 .debug_str     0x000006f6       0x3f .\CortexM3\ARM_GCC_541\Debug\pump_control.o
                                0x24f (size before relaxing)
 .debug_str     0x00000735      0x122 .\CortexM3\ARM_GCC_541\Debug\packet_uart.o
                                0x3b2 (size before relaxing)
 .debug_str     0x00000857       0x2c .\CortexM3\ARM_GCC_541\Debug\pc_uart.o
                                0x1ca (size before relaxing)
 .debug_str     0x00000883      0x11c .\CortexM3\ARM_GCC_541\Debug\weight.o
                                0x349 (size before relaxing)
 .debug_str     0x0000099f      0x1ea .\CortexM3\ARM_GCC_541\Debug\cyfitter_cfg.o
                                0x384 (size before relaxing)
 .debug_str     0x00000b89       0x75 .\CortexM3\ARM_GCC_541\Debug\cymetadata.o
                                0x1e8 (size before relaxing)
 .debug_str     0x00000bfe      0x13f .\CortexM3\ARM_GCC_541\Debug\Cm3Start.o
                                0x30e (size before relaxing)
 .debug_str     0x00000d3d      0x2b1 .\CortexM3\ARM_GCC_541\Debug\dmc-psoc.a(UART_1.o)
                                0x4b7 (size before relaxing)
 .debug_str     0x00000fee      0x13e .\CortexM3\ARM_GCC_541\Debug\dmc-psoc.a(isr_uart_rx.o)
                                0x2fe (size before relaxing)
 .debug_str     0x0000112c      0x19d .\CortexM3\ARM_GCC_541\Debug\dmc-psoc.a(UART_1_IntClock.o)
                                0x352 (size before relaxing)
 .debug_str     0x000012c9      0x7f0 .\CortexM3\ARM_GCC_541\Debug\dmc-psoc.a(CyLib.o)
                                0xa4b (size before relaxing)
 .debug_str     0x00001ab9      0x365 .\CortexM3\ARM_GCC_541\Debug\dmc-psoc.a(cyPm.o)
                                0x737 (size before relaxing)
 .debug_str     0x00001e1e      0x171 .\CortexM3\ARM_GCC_541\Debug\dmc-psoc.a(pump_timer_1.o)
                                0x369 (size before relaxing)
 .debug_str     0x00001f8f      0x167 .\CortexM3\ARM_GCC_541\Debug\dmc-psoc.a(isr_pump_timer_2.o)
                                0x344 (size before relaxing)
 .debug_str     0x000020f6      0x14f .\CortexM3\ARM_GCC_541\Debug\dmc-psoc.a(pump_timer_2.o)
                                0x369 (size before relaxing)
 .debug_str     0x00002245      0x167 .\CortexM3\ARM_GCC_541\Debug\dmc-psoc.a(isr_pump_timer_1.o)
                                0x344 (size before relaxing)
 .debug_str     0x000023ac      0x14f .\CortexM3\ARM_GCC_541\Debug\dmc-psoc.a(pump_timer_3.o)
                                0x369 (size before relaxing)
 .debug_str     0x000024fb      0x167 .\CortexM3\ARM_GCC_541\Debug\dmc-psoc.a(isr_pump_timer_3.o)
                                0x344 (size before relaxing)
 .debug_str     0x00002662      0x1b5 .\CortexM3\ARM_GCC_541\Debug\dmc-psoc.a(isr_check_weight_timer.o)
                                0x398 (size before relaxing)
 .debug_str     0x00002817      0x24f .\CortexM3\ARM_GCC_541\Debug\dmc-psoc.a(ADC_SAR_1.o)
                                0x4c1 (size before relaxing)
 .debug_str     0x00002a66       0x35 .\CortexM3\ARM_GCC_541\Debug\dmc-psoc.a(ADC_SAR_1_INT.o)
                                0x19f (size before relaxing)
 .debug_str     0x00002a9b      0x1bc .\CortexM3\ARM_GCC_541\Debug\dmc-psoc.a(ADC_SAR_1_theACLK.o)
                                0x3b9 (size before relaxing)
 .debug_str     0x00002c57      0x1bb .\CortexM3\ARM_GCC_541\Debug\dmc-psoc.a(CyFlash.o)
                                0x3c4 (size before relaxing)
 .debug_str     0x00002e12       0xac .\CortexM3\ARM_GCC_541\Debug\dmc-psoc.a(CySpc.o)
                                0x33c (size before relaxing)

.debug_loc      0x00000000     0x29e8
 *(.debug_loc)
 .debug_loc     0x00000000      0x1bd .\CortexM3\ARM_GCC_541\Debug\main.o
 .debug_loc     0x000001bd       0xa6 .\CortexM3\ARM_GCC_541\Debug\timers.o
 .debug_loc     0x00000263       0xcb .\CortexM3\ARM_GCC_541\Debug\job_queue.o
 .debug_loc     0x0000032e       0x9d .\CortexM3\ARM_GCC_541\Debug\pump_control.o
 .debug_loc     0x000003cb      0x164 .\CortexM3\ARM_GCC_541\Debug\packet_uart.o
 .debug_loc     0x0000052f       0x21 .\CortexM3\ARM_GCC_541\Debug\pc_uart.o
 .debug_loc     0x00000550       0x61 .\CortexM3\ARM_GCC_541\Debug\weight.o
 .debug_loc     0x000005b1      0x337 .\CortexM3\ARM_GCC_541\Debug\cyfitter_cfg.o
 .debug_loc     0x000008e8      0x144 .\CortexM3\ARM_GCC_541\Debug\Cm3Start.o
 .debug_loc     0x00000a2c      0x258 .\CortexM3\ARM_GCC_541\Debug\dmc-psoc.a(UART_1.o)
 .debug_loc     0x00000c84       0x56 .\CortexM3\ARM_GCC_541\Debug\dmc-psoc.a(isr_uart_rx.o)
 .debug_loc     0x00000cda      0x128 .\CortexM3\ARM_GCC_541\Debug\dmc-psoc.a(UART_1_IntClock.o)
 .debug_loc     0x00000e02      0xa11 .\CortexM3\ARM_GCC_541\Debug\dmc-psoc.a(CyLib.o)
 .debug_loc     0x00001813      0x1e4 .\CortexM3\ARM_GCC_541\Debug\dmc-psoc.a(cyPm.o)
 .debug_loc     0x000019f7       0x56 .\CortexM3\ARM_GCC_541\Debug\dmc-psoc.a(isr_pump_timer_2.o)
 .debug_loc     0x00001a4d       0x56 .\CortexM3\ARM_GCC_541\Debug\dmc-psoc.a(isr_pump_timer_1.o)
 .debug_loc     0x00001aa3       0x56 .\CortexM3\ARM_GCC_541\Debug\dmc-psoc.a(isr_pump_timer_3.o)
 .debug_loc     0x00001af9       0x56 .\CortexM3\ARM_GCC_541\Debug\dmc-psoc.a(isr_check_weight_timer.o)
 .debug_loc     0x00001b4f      0x295 .\CortexM3\ARM_GCC_541\Debug\dmc-psoc.a(ADC_SAR_1.o)
 .debug_loc     0x00001de4      0x14d .\CortexM3\ARM_GCC_541\Debug\dmc-psoc.a(ADC_SAR_1_theACLK.o)
 .debug_loc     0x00001f31      0x3b2 .\CortexM3\ARM_GCC_541\Debug\dmc-psoc.a(CyFlash.o)
 .debug_loc     0x000022e3      0x705 .\CortexM3\ARM_GCC_541\Debug\dmc-psoc.a(CySpc.o)

.debug_macinfo
 *(.debug_macinfo)

.debug_ranges   0x00000000      0xbb8
 *(.debug_ranges)
 .debug_ranges  0x00000000       0x50 .\CortexM3\ARM_GCC_541\Debug\main.o
 .debug_ranges  0x00000050       0x38 .\CortexM3\ARM_GCC_541\Debug\timers.o
 .debug_ranges  0x00000088       0x30 .\CortexM3\ARM_GCC_541\Debug\job_queue.o
 .debug_ranges  0x000000b8       0x10 .\CortexM3\ARM_GCC_541\Debug\pump_control.o
 .debug_ranges  0x000000c8       0x38 .\CortexM3\ARM_GCC_541\Debug\packet_uart.o
 .debug_ranges  0x00000100       0x10 .\CortexM3\ARM_GCC_541\Debug\pc_uart.o
 .debug_ranges  0x00000110       0x28 .\CortexM3\ARM_GCC_541\Debug\weight.o
 .debug_ranges  0x00000138       0x58 .\CortexM3\ARM_GCC_541\Debug\cyfitter_cfg.o
 .debug_ranges  0x00000190       0x38 .\CortexM3\ARM_GCC_541\Debug\Cm3Start.o
 .debug_ranges  0x000001c8       0xe0 .\CortexM3\ARM_GCC_541\Debug\dmc-psoc.a(UART_1.o)
 .debug_ranges  0x000002a8       0x70 .\CortexM3\ARM_GCC_541\Debug\dmc-psoc.a(isr_uart_rx.o)
 .debug_ranges  0x00000318       0x60 .\CortexM3\ARM_GCC_541\Debug\dmc-psoc.a(UART_1_IntClock.o)
 .debug_ranges  0x00000378      0x290 .\CortexM3\ARM_GCC_541\Debug\dmc-psoc.a(CyLib.o)
 .debug_ranges  0x00000608       0x88 .\CortexM3\ARM_GCC_541\Debug\dmc-psoc.a(cyPm.o)
 .debug_ranges  0x00000690       0x78 .\CortexM3\ARM_GCC_541\Debug\dmc-psoc.a(pump_timer_1.o)
 .debug_ranges  0x00000708       0x70 .\CortexM3\ARM_GCC_541\Debug\dmc-psoc.a(isr_pump_timer_2.o)
 .debug_ranges  0x00000778       0x78 .\CortexM3\ARM_GCC_541\Debug\dmc-psoc.a(pump_timer_2.o)
 .debug_ranges  0x000007f0       0x70 .\CortexM3\ARM_GCC_541\Debug\dmc-psoc.a(isr_pump_timer_1.o)
 .debug_ranges  0x00000860       0x78 .\CortexM3\ARM_GCC_541\Debug\dmc-psoc.a(pump_timer_3.o)
 .debug_ranges  0x000008d8       0x70 .\CortexM3\ARM_GCC_541\Debug\dmc-psoc.a(isr_pump_timer_3.o)
 .debug_ranges  0x00000948       0x70 .\CortexM3\ARM_GCC_541\Debug\dmc-psoc.a(isr_check_weight_timer.o)
 .debug_ranges  0x000009b8       0x98 .\CortexM3\ARM_GCC_541\Debug\dmc-psoc.a(ADC_SAR_1.o)
 .debug_ranges  0x00000a50       0x10 .\CortexM3\ARM_GCC_541\Debug\dmc-psoc.a(ADC_SAR_1_INT.o)
 .debug_ranges  0x00000a60       0x70 .\CortexM3\ARM_GCC_541\Debug\dmc-psoc.a(ADC_SAR_1_theACLK.o)
 .debug_ranges  0x00000ad0       0x78 .\CortexM3\ARM_GCC_541\Debug\dmc-psoc.a(CyFlash.o)
 .debug_ranges  0x00000b48       0x70 .\CortexM3\ARM_GCC_541\Debug\dmc-psoc.a(CySpc.o)

.comment        0x00000000       0x6e
 .comment       0x00000000       0x6e .\CortexM3\ARM_GCC_541\Debug\main.o
                                 0x6f (size before relaxing)
 .comment       0x0000006e       0x6f .\CortexM3\ARM_GCC_541\Debug\timers.o
 .comment       0x0000006e       0x6f .\CortexM3\ARM_GCC_541\Debug\job_queue.o
 .comment       0x0000006e       0x6f .\CortexM3\ARM_GCC_541\Debug\pump_control.o
 .comment       0x0000006e       0x6f .\CortexM3\ARM_GCC_541\Debug\packet_uart.o
 .comment       0x0000006e       0x6f .\CortexM3\ARM_GCC_541\Debug\pc_uart.o
 .comment       0x0000006e       0x6f .\CortexM3\ARM_GCC_541\Debug\weight.o
 .comment       0x0000006e       0x6f .\CortexM3\ARM_GCC_541\Debug\cyfitter_cfg.o
 .comment       0x0000006e       0x6f .\CortexM3\ARM_GCC_541\Debug\cymetadata.o
 .comment       0x0000006e       0x6f .\CortexM3\ARM_GCC_541\Debug\Cm3Start.o
 .comment       0x0000006e       0x6f .\CortexM3\ARM_GCC_541\Debug\dmc-psoc.a(UART_1.o)
 .comment       0x0000006e       0x6f .\CortexM3\ARM_GCC_541\Debug\dmc-psoc.a(isr_uart_rx.o)
 .comment       0x0000006e       0x6f .\CortexM3\ARM_GCC_541\Debug\dmc-psoc.a(UART_1_IntClock.o)
 .comment       0x0000006e       0x6f .\CortexM3\ARM_GCC_541\Debug\dmc-psoc.a(CyLib.o)
 .comment       0x0000006e       0x6f .\CortexM3\ARM_GCC_541\Debug\dmc-psoc.a(cyPm.o)
 .comment       0x0000006e       0x6f .\CortexM3\ARM_GCC_541\Debug\dmc-psoc.a(pump_timer_1.o)
 .comment       0x0000006e       0x6f .\CortexM3\ARM_GCC_541\Debug\dmc-psoc.a(isr_pump_timer_2.o)
 .comment       0x0000006e       0x6f .\CortexM3\ARM_GCC_541\Debug\dmc-psoc.a(pump_timer_2.o)
 .comment       0x0000006e       0x6f .\CortexM3\ARM_GCC_541\Debug\dmc-psoc.a(isr_pump_timer_1.o)
 .comment       0x0000006e       0x6f .\CortexM3\ARM_GCC_541\Debug\dmc-psoc.a(pump_timer_3.o)
 .comment       0x0000006e       0x6f .\CortexM3\ARM_GCC_541\Debug\dmc-psoc.a(isr_pump_timer_3.o)
 .comment       0x0000006e       0x6f .\CortexM3\ARM_GCC_541\Debug\dmc-psoc.a(isr_check_weight_timer.o)
 .comment       0x0000006e       0x6f .\CortexM3\ARM_GCC_541\Debug\dmc-psoc.a(ADC_SAR_1.o)
 .comment       0x0000006e       0x6f .\CortexM3\ARM_GCC_541\Debug\dmc-psoc.a(ADC_SAR_1_INT.o)
 .comment       0x0000006e       0x6f .\CortexM3\ARM_GCC_541\Debug\dmc-psoc.a(ADC_SAR_1_theACLK.o)
 .comment       0x0000006e       0x6f .\CortexM3\ARM_GCC_541\Debug\dmc-psoc.a(CyFlash.o)
 .comment       0x0000006e       0x6f .\CortexM3\ARM_GCC_541\Debug\dmc-psoc.a(CySpc.o)

.debug_weaknames
 *(.debug_weaknames)

.debug_funcnames
 *(.debug_funcnames)

.debug_typenames
 *(.debug_typenames)

.debug_varnames
 *(.debug_varnames)

.note.gnu.arm.ident
 *(.note.gnu.arm.ident)

.ARM.attributes
                0x00000000       0x29
 *(.ARM.attributes)
 .ARM.attributes
                0x00000000       0x1d c:/program files (x86)/cypress/psoc creator/4.4/psoc creator/import/gnu/arm/5.4.1/bin/../lib/gcc/arm-none-eabi/5.4.1/armv7-m/crti.o
 .ARM.attributes
                0x0000001d       0x2d c:/program files (x86)/cypress/psoc creator/4.4/psoc creator/import/gnu/arm/5.4.1/bin/../lib/gcc/arm-none-eabi/5.4.1/armv7-m/crtbegin.o
 .ARM.attributes
                0x0000004a       0x1b c:/program files (x86)/cypress/psoc creator/4.4/psoc creator/import/gnu/arm/5.4.1/bin/../lib/gcc/arm-none-eabi/5.4.1/../../../../arm-none-eabi/lib/armv7-m/crt0.o
 .ARM.attributes
                0x00000065       0x33 .\CortexM3\ARM_GCC_541\Debug\main.o
 .ARM.attributes
                0x00000098       0x33 .\CortexM3\ARM_GCC_541\Debug\timers.o
 .ARM.attributes
                0x000000cb       0x33 .\CortexM3\ARM_GCC_541\Debug\job_queue.o
 .ARM.attributes
                0x000000fe       0x33 .\CortexM3\ARM_GCC_541\Debug\pump_control.o
 .ARM.attributes
                0x00000131       0x33 .\CortexM3\ARM_GCC_541\Debug\packet_uart.o
 .ARM.attributes
                0x00000164       0x33 .\CortexM3\ARM_GCC_541\Debug\pc_uart.o
 .ARM.attributes
                0x00000197       0x33 .\CortexM3\ARM_GCC_541\Debug\weight.o
 .ARM.attributes
                0x000001ca       0x33 .\CortexM3\ARM_GCC_541\Debug\cyfitter_cfg.o
 .ARM.attributes
                0x000001fd       0x33 .\CortexM3\ARM_GCC_541\Debug\cymetadata.o
 .ARM.attributes
                0x00000230       0x33 .\CortexM3\ARM_GCC_541\Debug\Cm3Start.o
 .ARM.attributes
                0x00000263       0x33 .\CortexM3\ARM_GCC_541\Debug\dmc-psoc.a(UART_1.o)
 .ARM.attributes
                0x00000296       0x33 .\CortexM3\ARM_GCC_541\Debug\dmc-psoc.a(isr_uart_rx.o)
 .ARM.attributes
                0x000002c9       0x33 .\CortexM3\ARM_GCC_541\Debug\dmc-psoc.a(UART_1_IntClock.o)
 .ARM.attributes
                0x000002fc       0x33 .\CortexM3\ARM_GCC_541\Debug\dmc-psoc.a(CyLib.o)
 .ARM.attributes
                0x0000032f       0x33 .\CortexM3\ARM_GCC_541\Debug\dmc-psoc.a(cyPm.o)
 .ARM.attributes
                0x00000362       0x33 .\CortexM3\ARM_GCC_541\Debug\dmc-psoc.a(pump_timer_1.o)
 .ARM.attributes
                0x00000395       0x33 .\CortexM3\ARM_GCC_541\Debug\dmc-psoc.a(isr_pump_timer_2.o)
 .ARM.attributes
                0x000003c8       0x33 .\CortexM3\ARM_GCC_541\Debug\dmc-psoc.a(pump_timer_2.o)
 .ARM.attributes
                0x000003fb       0x33 .\CortexM3\ARM_GCC_541\Debug\dmc-psoc.a(isr_pump_timer_1.o)
 .ARM.attributes
                0x0000042e       0x33 .\CortexM3\ARM_GCC_541\Debug\dmc-psoc.a(pump_timer_3.o)
 .ARM.attributes
                0x00000461       0x33 .\CortexM3\ARM_GCC_541\Debug\dmc-psoc.a(isr_pump_timer_3.o)
 .ARM.attributes
                0x00000494       0x33 .\CortexM3\ARM_GCC_541\Debug\dmc-psoc.a(isr_check_weight_timer.o)
 .ARM.attributes
                0x000004c7       0x33 .\CortexM3\ARM_GCC_541\Debug\dmc-psoc.a(ADC_SAR_1.o)
 .ARM.attributes
                0x000004fa       0x33 .\CortexM3\ARM_GCC_541\Debug\dmc-psoc.a(ADC_SAR_1_INT.o)
 .ARM.attributes
                0x0000052d       0x33 .\CortexM3\ARM_GCC_541\Debug\dmc-psoc.a(ADC_SAR_1_theACLK.o)
 .ARM.attributes
                0x00000560       0x21 .\CortexM3\ARM_GCC_541\Debug\dmc-psoc.a(CyBootAsmGnu.o)
 .ARM.attributes
                0x00000581       0x33 .\CortexM3\ARM_GCC_541\Debug\dmc-psoc.a(CyFlash.o)
 .ARM.attributes
                0x000005b4       0x33 .\CortexM3\ARM_GCC_541\Debug\dmc-psoc.a(CySpc.o)
 .ARM.attributes
                0x000005e7       0x1d c:/program files (x86)/cypress/psoc creator/4.4/psoc creator/import/gnu/arm/5.4.1/bin/../lib/gcc/arm-none-eabi/5.4.1/armv7-m\libgcc.a(_arm_addsubdf3.o)
 .ARM.attributes
                0x00000604       0x1d c:/program files (x86)/cypress/psoc creator/4.4/psoc creator/import/gnu/arm/5.4.1/bin/../lib/gcc/arm-none-eabi/5.4.1/armv7-m\libgcc.a(_arm_muldivdf3.o)
 .ARM.attributes
                0x00000621       0x1d c:/program files (x86)/cypress/psoc creator/4.4/psoc creator/import/gnu/arm/5.4.1/bin/../lib/gcc/arm-none-eabi/5.4.1/armv7-m\libgcc.a(_arm_cmpdf2.o)
 .ARM.attributes
                0x0000063e       0x1d c:/program files (x86)/cypress/psoc creator/4.4/psoc creator/import/gnu/arm/5.4.1/bin/../lib/gcc/arm-none-eabi/5.4.1/armv7-m\libgcc.a(_arm_addsubsf3.o)
 .ARM.attributes
                0x0000065b       0x1d c:/program files (x86)/cypress/psoc creator/4.4/psoc creator/import/gnu/arm/5.4.1/bin/../lib/gcc/arm-none-eabi/5.4.1/armv7-m\libgcc.a(_arm_muldivsf3.o)
 .ARM.attributes
                0x00000678       0x1d c:/program files (x86)/cypress/psoc creator/4.4/psoc creator/import/gnu/arm/5.4.1/bin/../lib/gcc/arm-none-eabi/5.4.1/armv7-m\libgcc.a(_aeabi_ldivmod.o)
 .ARM.attributes
                0x00000695       0x2d c:/program files (x86)/cypress/psoc creator/4.4/psoc creator/import/gnu/arm/5.4.1/bin/../lib/gcc/arm-none-eabi/5.4.1/armv7-m\libgcc.a(_udivmoddi4.o)
 .ARM.attributes
                0x000006c2       0x1d c:/program files (x86)/cypress/psoc creator/4.4/psoc creator/import/gnu/arm/5.4.1/bin/../lib/gcc/arm-none-eabi/5.4.1/armv7-m\libgcc.a(_dvmd_tls.o)
 .ARM.attributes
                0x000006df       0x2d c:/program files (x86)/cypress/psoc creator/4.4/psoc creator/import/gnu/arm/5.4.1/bin/../lib/gcc/arm-none-eabi/5.4.1/../../../../arm-none-eabi/lib/armv7-m\libg_nano.a(lib_a-errno.o)
 .ARM.attributes
                0x0000070c       0x2d c:/program files (x86)/cypress/psoc creator/4.4/psoc creator/import/gnu/arm/5.4.1/bin/../lib/gcc/arm-none-eabi/5.4.1/../../../../arm-none-eabi/lib/armv7-m\libg_nano.a(lib_a-exit.o)
 .ARM.attributes
                0x00000739       0x2d c:/program files (x86)/cypress/psoc creator/4.4/psoc creator/import/gnu/arm/5.4.1/bin/../lib/gcc/arm-none-eabi/5.4.1/../../../../arm-none-eabi/lib/armv7-m\libg_nano.a(lib_a-impure.o)
 .ARM.attributes
                0x00000766       0x2d c:/program files (x86)/cypress/psoc creator/4.4/psoc creator/import/gnu/arm/5.4.1/bin/../lib/gcc/arm-none-eabi/5.4.1/../../../../arm-none-eabi/lib/armv7-m\libg_nano.a(lib_a-init.o)
 .ARM.attributes
                0x00000793       0x2d c:/program files (x86)/cypress/psoc creator/4.4/psoc creator/import/gnu/arm/5.4.1/bin/../lib/gcc/arm-none-eabi/5.4.1/../../../../arm-none-eabi/lib/armv7-m\libg_nano.a(lib_a-malloc.o)
 .ARM.attributes
                0x000007c0       0x2d c:/program files (x86)/cypress/psoc creator/4.4/psoc creator/import/gnu/arm/5.4.1/bin/../lib/gcc/arm-none-eabi/5.4.1/../../../../arm-none-eabi/lib/armv7-m\libg_nano.a(lib_a-memcpy-stub.o)
 .ARM.attributes
                0x000007ed       0x2d c:/program files (x86)/cypress/psoc creator/4.4/psoc creator/import/gnu/arm/5.4.1/bin/../lib/gcc/arm-none-eabi/5.4.1/../../../../arm-none-eabi/lib/armv7-m\libg_nano.a(lib_a-memset.o)
 .ARM.attributes
                0x0000081a       0x2d c:/program files (x86)/cypress/psoc creator/4.4/psoc creator/import/gnu/arm/5.4.1/bin/../lib/gcc/arm-none-eabi/5.4.1/../../../../arm-none-eabi/lib/armv7-m\libg_nano.a(lib_a-nano-freer.o)
 .ARM.attributes
                0x00000847       0x2d c:/program files (x86)/cypress/psoc creator/4.4/psoc creator/import/gnu/arm/5.4.1/bin/../lib/gcc/arm-none-eabi/5.4.1/../../../../arm-none-eabi/lib/armv7-m\libg_nano.a(lib_a-nano-mallocr.o)
 .ARM.attributes
                0x00000874       0x2d c:/program files (x86)/cypress/psoc creator/4.4/psoc creator/import/gnu/arm/5.4.1/bin/../lib/gcc/arm-none-eabi/5.4.1/../../../../arm-none-eabi/lib/armv7-m\libg_nano.a(lib_a-sbrkr.o)
 .ARM.attributes
                0x000008a1       0x2d c:/program files (x86)/cypress/psoc creator/4.4/psoc creator/import/gnu/arm/5.4.1/bin/../lib/gcc/arm-none-eabi/5.4.1/../../../../arm-none-eabi/lib/armv7-m\libg_nano.a(lib_a-mlock.o)
 .ARM.attributes
                0x000008ce       0x2d c:/program files (x86)/cypress/psoc creator/4.4/psoc creator/import/gnu/arm/5.4.1/bin/../lib/gcc/arm-none-eabi/5.4.1/../../../../arm-none-eabi/lib/armv7-m\libg_nano.a(lib_a-reent.o)
 .ARM.attributes
                0x000008fb       0x2d c:/program files (x86)/cypress/psoc creator/4.4/psoc creator/import/gnu/arm/5.4.1/bin/../lib/gcc/arm-none-eabi/5.4.1/armv7-m/crtend.o
 .ARM.attributes
                0x00000928       0x1d c:/program files (x86)/cypress/psoc creator/4.4/psoc creator/import/gnu/arm/5.4.1/bin/../lib/gcc/arm-none-eabi/5.4.1/armv7-m/crtn.o

/DISCARD/
 *(.note.GNU-stack)
OUTPUT(C:\kode til PRJ3\semesterproject3\source\psoc\dmc-psoc\dmc-psoc.cydsn\CortexM3\ARM_GCC_541\Debug\dmc-psoc.elf elf32-littlearm)
